2026-01-10 14:07:15 - media_renamer_app - INFO - Application logging initialized - Log file: C:\Kiro\MediaUtils\logs\app_20260110_140715.log
2026-01-10 14:07:15 - media_renamer_app - INFO - Session logging initialized - Session file: C:\Kiro\MediaUtils\logs\session_20260110_140715.log
2026-01-10 14:07:15 - media_renamer_app - INFO - Application starting - Media File Renamer v2.0.0
2026-01-10 14:07:15 - media_renamer_app - INFO - City cache loaded with 88 entries
2026-01-10 14:07:15 - media_renamer_app - INFO - All application systems initialized successfully
2026-01-10 14:07:15 - media_renamer_app - INFO - GUI application starting up with integrated systems
2026-01-10 14:07:15 - media_renamer_app - INFO - MediaProcessor initialized with caching and error recovery
2026-01-10 14:07:15 - media_renamer_app - INFO - FileOperations initialized with 25 supported extensions
2026-01-10 14:07:15 - media_renamer_app - INFO - GUI window initialized with geometry: 1x1+153+180
2026-01-10 14:07:15 - media_renamer_app - INFO - GUI application initialization completed
2026-01-10 14:07:15 - media_renamer_app - INFO - Starting GUI application...
2026-01-10 14:07:34 - media_renamer_app - INFO - User initiated file discovery for folder: D:\Photos\Nef\Samos
2026-01-10 14:07:34 - media_renamer_app - INFO - Starting file discovery and metadata extraction
2026-01-10 14:07:34 - media_renamer_app - INFO - Starting file discovery in folder: D:\Photos\Nef\Samos
2026-01-10 14:07:34 - media_renamer_app - INFO - Found 286 total files in D:\Photos\Nef\Samos
2026-01-10 14:07:34 - media_renamer_app - INFO - Discovered 286 supported media files
2026-01-10 14:07:34 - media_renamer_app - INFO - Discovered 286 files in D:\Photos\Nef\Samos
2026-01-10 14:07:34 - media_renamer_app - INFO - Successfully extracted date from image D:\Photos\Nef\Samos\ 2024.08.09-19.34.35.001.Samos.NEF: 2024-08-09 19:34:35
2026-01-10 14:07:35 - media_renamer_app - INFO - Successfully extracted date from image D:\Photos\Nef\Samos\ 2024.08.09-19.35.13.002.Samos.NEF: 2024-08-09 19:35:13
2026-01-10 14:07:35 - media_renamer_app - INFO - Successfully extracted date from image D:\Photos\Nef\Samos\ 2024.08.09-19.35.19.003.Samos.NEF: 2024-08-09 19:35:19
2026-01-10 14:07:35 - media_renamer_app - INFO - Successfully extracted date from image D:\Photos\Nef\Samos\ 2024.08.09-19.35.31.004.Samos.NEF: 2024-08-09 19:35:31
2026-01-10 14:07:35 - media_renamer_app - INFO - Successfully extracted date from image D:\Photos\Nef\Samos\ 2024.08.09-19.36.22.005.Samos.NEF: 2024-08-09 19:36:22
2026-01-10 14:07:35 - media_renamer_app - INFO - Successfully extracted date from image D:\Photos\Nef\Samos\ 2024.08.09-19.36.32.006.Samos.NEF: 2024-08-09 19:36:32
2026-01-10 14:07:35 - media_renamer_app - INFO - Successfully extracted date from image D:\Photos\Nef\Samos\ 2024.08.09-19.38.38.007.Samos.NEF: 2024-08-09 19:38:38
2026-01-10 14:07:35 - media_renamer_app - INFO - Successfully extracted date from image D:\Photos\Nef\Samos\ 2024.08.09-19.38.53.008.Samos.NEF: 2024-08-09 19:38:53
2026-01-10 14:07:35 - media_renamer_app - INFO - Successfully extracted date from image D:\Photos\Nef\Samos\ 2024.08.09-19.39.02.009.Samos.NEF: 2024-08-09 19:39:02
2026-01-10 14:07:35 - media_renamer_app - INFO - Successfully extracted date from image D:\Photos\Nef\Samos\ 2024.08.09-19.39.20.010.Samos.NEF: 2024-08-09 19:39:20
2026-01-10 14:07:35 - media_renamer_app - INFO - Successfully extracted date from image D:\Photos\Nef\Samos\ 2024.08.09-19.39.53.011.Samos.NEF: 2024-08-09 19:39:53
2026-01-10 14:07:35 - media_renamer_app - INFO - Successfully extracted date from image D:\Photos\Nef\Samos\ 2024.08.09-19.40.32.012.Samos.NEF: 2024-08-09 19:40:32
2026-01-10 14:07:35 - media_renamer_app - INFO - Successfully extracted date from image D:\Photos\Nef\Samos\ 2024.08.09-19.40.49.013.Samos.NEF: 2024-08-09 19:40:49
2026-01-10 14:07:35 - media_renamer_app - INFO - Successfully extracted date from image D:\Photos\Nef\Samos\ 2024.08.09-19.40.55.014.Samos.NEF: 2024-08-09 19:40:55
2026-01-10 14:07:35 - media_renamer_app - INFO - Successfully extracted date from image D:\Photos\Nef\Samos\ 2024.08.09-19.44.27.015.Samos.NEF: 2024-08-09 19:44:27
2026-01-10 14:07:35 - media_renamer_app - INFO - Successfully extracted date from image D:\Photos\Nef\Samos\ 2024.08.09-19.45.14.016.Samos.NEF: 2024-08-09 19:45:14
2026-01-10 14:07:35 - media_renamer_app - INFO - Successfully extracted date from image D:\Photos\Nef\Samos\ 2024.08.09-19.45.17.017.Samos.NEF: 2024-08-09 19:45:17
2026-01-10 14:07:35 - media_renamer_app - INFO - Successfully extracted date from image D:\Photos\Nef\Samos\ 2024.08.09-19.46.19.018.Samos.NEF: 2024-08-09 19:46:19
2026-01-10 14:07:35 - media_renamer_app - INFO - Successfully extracted date from image D:\Photos\Nef\Samos\ 2024.08.09-19.46.20.019.Samos.NEF: 2024-08-09 19:46:20
2026-01-10 14:07:35 - media_renamer_app - INFO - Successfully extracted date from image D:\Photos\Nef\Samos\ 2024.08.09-19.48.13.020.Samos.NEF: 2024-08-09 19:48:13
2026-01-10 14:07:35 - media_renamer_app - INFO - Successfully extracted date from image D:\Photos\Nef\Samos\ 2024.08.09-19.48.49.021.Samos.NEF: 2024-08-09 19:48:49
2026-01-10 14:07:35 - media_renamer_app - INFO - Successfully extracted date from image D:\Photos\Nef\Samos\ 2024.08.09-19.59.09.022.Samos.NEF: 2024-08-09 19:59:09
2026-01-10 14:07:35 - media_renamer_app - INFO - Successfully extracted date from image D:\Photos\Nef\Samos\ 2024.08.09-19.59.20.023.Samos.NEF: 2024-08-09 19:59:20
2026-01-10 14:07:35 - media_renamer_app - INFO - Successfully extracted date from image D:\Photos\Nef\Samos\ 2024.08.09-19.59.32.024.Samos.NEF: 2024-08-09 19:59:32
2026-01-10 14:07:35 - media_renamer_app - INFO - Successfully extracted date from image D:\Photos\Nef\Samos\ 2024.08.09-20.00.20.025.Samos.NEF: 2024-08-09 20:00:20
2026-01-10 14:07:35 - media_renamer_app - INFO - Successfully extracted date from image D:\Photos\Nef\Samos\ 2024.08.09-20.03.10.026.Samos.NEF: 2024-08-09 20:03:10
2026-01-10 14:07:35 - media_renamer_app - INFO - Successfully extracted date from image D:\Photos\Nef\Samos\ 2024.08.09-20.03.35.027.Samos.NEF: 2024-08-09 20:03:35
2026-01-10 14:07:35 - media_renamer_app - INFO - Successfully extracted date from image D:\Photos\Nef\Samos\ 2024.08.09-20.03.37.028.Samos.NEF: 2024-08-09 20:03:37
2026-01-10 14:07:35 - media_renamer_app - INFO - Successfully extracted date from image D:\Photos\Nef\Samos\ 2024.08.09-20.03.37.029.Samos.NEF: 2024-08-09 20:03:37
2026-01-10 14:07:35 - media_renamer_app - INFO - Successfully extracted date from image D:\Photos\Nef\Samos\ 2024.08.10-10.04.53.030.Samos.NEF: 2024-08-10 10:04:53
2026-01-10 14:07:35 - media_renamer_app - INFO - Successfully extracted date from image D:\Photos\Nef\Samos\ 2024.08.10-10.04.55.031.Samos.NEF: 2024-08-10 10:04:55
2026-01-10 14:07:35 - media_renamer_app - INFO - Successfully extracted date from image D:\Photos\Nef\Samos\ 2024.08.10-10.10.25.032.Samos.NEF: 2024-08-10 10:10:25
2026-01-10 14:07:35 - media_renamer_app - INFO - Successfully extracted date from image D:\Photos\Nef\Samos\ 2024.08.10-10.11.27.033.Samos.NEF: 2024-08-10 10:11:27
2026-01-10 14:07:35 - media_renamer_app - INFO - Successfully extracted date from image D:\Photos\Nef\Samos\ 2024.08.10-10.11.50.034.Samos.NEF: 2024-08-10 10:11:50
2026-01-10 14:07:35 - media_renamer_app - INFO - Successfully extracted date from image D:\Photos\Nef\Samos\ 2024.08.10-10.11.56.035.Samos.NEF: 2024-08-10 10:11:56
2026-01-10 14:07:35 - media_renamer_app - INFO - Successfully extracted date from image D:\Photos\Nef\Samos\ 2024.08.10-10.14.25.036.Samos.NEF: 2024-08-10 10:14:25
2026-01-10 14:07:35 - media_renamer_app - INFO - Successfully extracted date from image D:\Photos\Nef\Samos\ 2024.08.10-10.15.32.037.Samos.NEF: 2024-08-10 10:15:32
2026-01-10 14:07:35 - media_renamer_app - INFO - Successfully extracted date from image D:\Photos\Nef\Samos\ 2024.08.10-10.15.50.038.Samos.NEF: 2024-08-10 10:15:50
2026-01-10 14:07:35 - media_renamer_app - INFO - Successfully extracted date from image D:\Photos\Nef\Samos\ 2024.08.10-10.16.01.039.Samos.NEF: 2024-08-10 10:16:01
2026-01-10 14:07:35 - media_renamer_app - INFO - Successfully extracted date from image D:\Photos\Nef\Samos\ 2024.08.10-10.16.31.040.Samos.NEF: 2024-08-10 10:16:31
2026-01-10 14:07:35 - media_renamer_app - INFO - Successfully extracted date from image D:\Photos\Nef\Samos\ 2024.08.10-10.16.39.041.Samos.NEF: 2024-08-10 10:16:39
2026-01-10 14:07:35 - media_renamer_app - INFO - Successfully extracted date from image D:\Photos\Nef\Samos\ 2024.08.10-10.17.16.042.Samos.NEF: 2024-08-10 10:17:16
2026-01-10 14:07:35 - media_renamer_app - INFO - Successfully extracted date from image D:\Photos\Nef\Samos\ 2024.08.10-10.18.21.043.Samos.NEF: 2024-08-10 10:18:21
2026-01-10 14:07:35 - media_renamer_app - INFO - Successfully extracted date from image D:\Photos\Nef\Samos\ 2024.08.10-10.18.23.044.Samos.NEF: 2024-08-10 10:18:23
2026-01-10 14:07:35 - media_renamer_app - INFO - Successfully extracted date from image D:\Photos\Nef\Samos\ 2024.08.10-10.18.51.045.Samos.NEF: 2024-08-10 10:18:51
2026-01-10 14:07:35 - media_renamer_app - INFO - Successfully extracted date from image D:\Photos\Nef\Samos\ 2024.08.10-10.18.55.046.Samos.NEF: 2024-08-10 10:18:55
2026-01-10 14:07:35 - media_renamer_app - INFO - Successfully extracted date from image D:\Photos\Nef\Samos\ 2024.08.10-10.18.56.047.Samos.NEF: 2024-08-10 10:18:56
2026-01-10 14:07:35 - media_renamer_app - INFO - Successfully extracted date from image D:\Photos\Nef\Samos\ 2024.08.10-10.19.08.048.Samos.NEF: 2024-08-10 10:19:08
2026-01-10 14:07:35 - media_renamer_app - INFO - Successfully extracted date from image D:\Photos\Nef\Samos\ 2024.08.10-10.19.10.049.Samos.NEF: 2024-08-10 10:19:10
2026-01-10 14:07:35 - media_renamer_app - INFO - Successfully extracted date from image D:\Photos\Nef\Samos\ 2024.08.10-10.19.37.050.Samos.NEF: 2024-08-10 10:19:37
2026-01-10 14:07:35 - media_renamer_app - INFO - Successfully extracted date from image D:\Photos\Nef\Samos\ 2024.08.10-10.19.48.051.Samos.NEF: 2024-08-10 10:19:48
2026-01-10 14:07:35 - media_renamer_app - INFO - Successfully extracted date from image D:\Photos\Nef\Samos\ 2024.08.10-10.20.23.052.Samos.NEF: 2024-08-10 10:20:23
2026-01-10 14:07:35 - media_renamer_app - INFO - Successfully extracted date from image D:\Photos\Nef\Samos\ 2024.08.10-10.20.34.053.Samos.NEF: 2024-08-10 10:20:34
2026-01-10 14:07:35 - media_renamer_app - INFO - Successfully extracted date from image D:\Photos\Nef\Samos\ 2024.08.10-10.21.03.054.Samos.NEF: 2024-08-10 10:21:03
2026-01-10 14:07:35 - media_renamer_app - INFO - Successfully extracted date from image D:\Photos\Nef\Samos\ 2024.08.10-10.21.40.055.Samos.NEF: 2024-08-10 10:21:40
2026-01-10 14:07:35 - media_renamer_app - INFO - Successfully extracted date from image D:\Photos\Nef\Samos\ 2024.08.10-10.21.44.056.Samos.NEF: 2024-08-10 10:21:44
2026-01-10 14:07:35 - media_renamer_app - INFO - Successfully extracted date from image D:\Photos\Nef\Samos\ 2024.08.10-10.21.47.057.Samos.NEF: 2024-08-10 10:21:47
2026-01-10 14:07:35 - media_renamer_app - INFO - Successfully extracted date from image D:\Photos\Nef\Samos\ 2024.08.10-10.24.03.058.Samos.NEF: 2024-08-10 10:24:03
2026-01-10 14:07:35 - media_renamer_app - INFO - Successfully extracted date from image D:\Photos\Nef\Samos\ 2024.08.10-10.24.15.059.Samos.NEF: 2024-08-10 10:24:15
2026-01-10 14:07:35 - media_renamer_app - INFO - Successfully extracted date from image D:\Photos\Nef\Samos\ 2024.08.10-10.25.09.060.Samos.NEF: 2024-08-10 10:25:09
2026-01-10 14:07:35 - media_renamer_app - INFO - Successfully extracted date from image D:\Photos\Nef\Samos\ 2024.08.10-10.25.42.061.Samos.NEF: 2024-08-10 10:25:42
2026-01-10 14:07:35 - media_renamer_app - INFO - Successfully extracted date from image D:\Photos\Nef\Samos\ 2024.08.10-10.26.35.062.Samos.NEF: 2024-08-10 10:26:35
2026-01-10 14:07:35 - media_renamer_app - INFO - Successfully extracted date from image D:\Photos\Nef\Samos\ 2024.08.10-10.26.38.063.Samos.NEF: 2024-08-10 10:26:38
2026-01-10 14:07:35 - media_renamer_app - INFO - Successfully extracted date from image D:\Photos\Nef\Samos\ 2024.08.10-10.27.40.064.Samos.NEF: 2024-08-10 10:27:40
2026-01-10 14:07:35 - media_renamer_app - INFO - Successfully extracted date from image D:\Photos\Nef\Samos\ 2024.08.10-10.28.05.065.Samos.NEF: 2024-08-10 10:28:05
2026-01-10 14:07:35 - media_renamer_app - INFO - Successfully extracted date from image D:\Photos\Nef\Samos\ 2024.08.10-10.30.46.066.Samos.NEF: 2024-08-10 10:30:46
2026-01-10 14:07:35 - media_renamer_app - INFO - Successfully extracted date from image D:\Photos\Nef\Samos\ 2024.08.10-10.31.58.067.Samos.NEF: 2024-08-10 10:31:58
2026-01-10 14:07:35 - media_renamer_app - INFO - Successfully extracted date from image D:\Photos\Nef\Samos\ 2024.08.10-10.32.00.068.Samos.NEF: 2024-08-10 10:32:00
2026-01-10 14:07:35 - media_renamer_app - INFO - Successfully extracted date from image D:\Photos\Nef\Samos\ 2024.08.10-10.32.06.069.Samos.NEF: 2024-08-10 10:32:06
2026-01-10 14:07:35 - media_renamer_app - INFO - Successfully extracted date from image D:\Photos\Nef\Samos\ 2024.08.10-10.35.37.070.Samos.NEF: 2024-08-10 10:35:37
2026-01-10 14:07:35 - media_renamer_app - INFO - Successfully extracted date from image D:\Photos\Nef\Samos\ 2024.08.10-10.35.41.071.Samos.NEF: 2024-08-10 10:35:41
2026-01-10 14:07:35 - media_renamer_app - INFO - Successfully extracted date from image D:\Photos\Nef\Samos\ 2024.08.11-12.27.53.072.Samos.NEF: 2024-08-11 12:27:53
2026-01-10 14:07:35 - media_renamer_app - INFO - Successfully extracted date from image D:\Photos\Nef\Samos\ 2024.08.11-12.28.16.073.Samos.NEF: 2024-08-11 12:28:16
2026-01-10 14:07:35 - media_renamer_app - INFO - Successfully extracted date from image D:\Photos\Nef\Samos\ 2024.08.11-12.31.26.074.Samos.NEF: 2024-08-11 12:31:26
2026-01-10 14:07:35 - media_renamer_app - INFO - Successfully extracted date from image D:\Photos\Nef\Samos\ 2024.08.11-12.33.30.075.Samos.NEF: 2024-08-11 12:33:30
2026-01-10 14:07:35 - media_renamer_app - INFO - Successfully extracted date from image D:\Photos\Nef\Samos\ 2024.08.11-12.33.36.076.Samos.NEF: 2024-08-11 12:33:36
2026-01-10 14:07:35 - media_renamer_app - INFO - Successfully extracted date from image D:\Photos\Nef\Samos\ 2024.08.11-12.33.38.077.Samos.NEF: 2024-08-11 12:33:38
2026-01-10 14:07:35 - media_renamer_app - INFO - Successfully extracted date from image D:\Photos\Nef\Samos\ 2024.08.11-12.33.54.078.Samos.NEF: 2024-08-11 12:33:54
2026-01-10 14:07:35 - media_renamer_app - INFO - Successfully extracted date from image D:\Photos\Nef\Samos\ 2024.08.11-12.34.00.079.Samos.NEF: 2024-08-11 12:34:00
2026-01-10 14:07:35 - media_renamer_app - INFO - Successfully extracted date from image D:\Photos\Nef\Samos\ 2024.08.11-12.34.27.080.Samos.NEF: 2024-08-11 12:34:27
2026-01-10 14:07:35 - media_renamer_app - INFO - Successfully extracted date from image D:\Photos\Nef\Samos\ 2024.08.11-12.35.35.081.Samos.NEF: 2024-08-11 12:35:35
2026-01-10 14:07:35 - media_renamer_app - INFO - Successfully extracted date from image D:\Photos\Nef\Samos\ 2024.08.11-12.36.30.082.Samos.NEF: 2024-08-11 12:36:30
2026-01-10 14:07:35 - media_renamer_app - INFO - Successfully extracted date from image D:\Photos\Nef\Samos\ 2024.08.11-12.36.34.083.Samos.NEF: 2024-08-11 12:36:34
2026-01-10 14:07:35 - media_renamer_app - INFO - Successfully extracted date from image D:\Photos\Nef\Samos\ 2024.08.11-12.39.26.084.Samos.NEF: 2024-08-11 12:39:26
2026-01-10 14:07:35 - media_renamer_app - INFO - Successfully extracted date from image D:\Photos\Nef\Samos\ 2024.08.11-12.39.36.085.Samos.NEF: 2024-08-11 12:39:36
2026-01-10 14:07:35 - media_renamer_app - INFO - Successfully extracted date from image D:\Photos\Nef\Samos\ 2024.08.11-12.41.25.086.Samos.NEF: 2024-08-11 12:41:25
2026-01-10 14:07:35 - media_renamer_app - INFO - Successfully extracted date from image D:\Photos\Nef\Samos\ 2024.08.11-12.41.27.087.Samos.NEF: 2024-08-11 12:41:27
2026-01-10 14:07:35 - media_renamer_app - INFO - Successfully extracted date from image D:\Photos\Nef\Samos\ 2024.08.11-12.41.37.088.Samos.NEF: 2024-08-11 12:41:37
2026-01-10 14:07:35 - media_renamer_app - INFO - Successfully extracted date from image D:\Photos\Nef\Samos\ 2024.08.11-12.41.41.089.Samos.NEF: 2024-08-11 12:41:41
2026-01-10 14:07:35 - media_renamer_app - INFO - Successfully extracted date from image D:\Photos\Nef\Samos\ 2024.08.11-12.41.43.090.Samos.NEF: 2024-08-11 12:41:43
2026-01-10 14:07:35 - media_renamer_app - INFO - Successfully extracted date from image D:\Photos\Nef\Samos\ 2024.08.11-12.41.50.091.Samos.NEF: 2024-08-11 12:41:50
2026-01-10 14:07:35 - media_renamer_app - INFO - Successfully extracted date from image D:\Photos\Nef\Samos\ 2024.08.11-12.41.53.092.Samos.NEF: 2024-08-11 12:41:53
2026-01-10 14:07:35 - media_renamer_app - INFO - Successfully extracted date from image D:\Photos\Nef\Samos\ 2024.08.11-12.42.22.093.Samos.NEF: 2024-08-11 12:42:22
2026-01-10 14:07:35 - media_renamer_app - INFO - Successfully extracted date from image D:\Photos\Nef\Samos\ 2024.08.11-12.42.23.094.Samos.NEF: 2024-08-11 12:42:23
2026-01-10 14:07:35 - media_renamer_app - INFO - Successfully extracted date from image D:\Photos\Nef\Samos\ 2024.08.11-12.42.28.095.Samos.NEF: 2024-08-11 12:42:28
2026-01-10 14:07:35 - media_renamer_app - INFO - Successfully extracted date from image D:\Photos\Nef\Samos\ 2024.08.11-12.42.30.096.Samos.NEF: 2024-08-11 12:42:30
2026-01-10 14:07:35 - media_renamer_app - INFO - Successfully extracted date from image D:\Photos\Nef\Samos\ 2024.08.11-12.42.32.097.Samos.NEF: 2024-08-11 12:42:32
2026-01-10 14:07:35 - media_renamer_app - INFO - Successfully extracted date from image D:\Photos\Nef\Samos\ 2024.08.11-12.47.53.098.Samos.NEF: 2024-08-11 12:47:53
2026-01-10 14:07:35 - media_renamer_app - INFO - Successfully extracted date from image D:\Photos\Nef\Samos\ 2024.08.11-12.47.55.099.Samos.NEF: 2024-08-11 12:47:55
2026-01-10 14:07:35 - media_renamer_app - INFO - Successfully extracted date from image D:\Photos\Nef\Samos\ 2024.08.11-12.47.58.100.Samos.NEF: 2024-08-11 12:47:58
2026-01-10 14:07:35 - media_renamer_app - INFO - Successfully extracted date from image D:\Photos\Nef\Samos\ 2024.08.11-12.48.21.101.Samos.NEF: 2024-08-11 12:48:21
2026-01-10 14:07:35 - media_renamer_app - INFO - Successfully extracted date from image D:\Photos\Nef\Samos\ 2024.08.11-12.48.24.102.Samos.NEF: 2024-08-11 12:48:24
2026-01-10 14:07:35 - media_renamer_app - INFO - Successfully extracted date from image D:\Photos\Nef\Samos\ 2024.08.11-12.51.08.103.Samos.NEF: 2024-08-11 12:51:08
2026-01-10 14:07:35 - media_renamer_app - INFO - Successfully extracted date from image D:\Photos\Nef\Samos\ 2024.08.11-12.51.28.104.Samos.NEF: 2024-08-11 12:51:28
2026-01-10 14:07:35 - media_renamer_app - INFO - Successfully extracted date from image D:\Photos\Nef\Samos\ 2024.08.11-12.51.48.105.Samos.NEF: 2024-08-11 12:51:48
2026-01-10 14:07:35 - media_renamer_app - INFO - Successfully extracted date from image D:\Photos\Nef\Samos\ 2024.08.11-12.51.51.106.Samos.NEF: 2024-08-11 12:51:51
2026-01-10 14:07:35 - media_renamer_app - INFO - Successfully extracted date from image D:\Photos\Nef\Samos\ 2024.08.11-12.51.59.107.Samos.NEF: 2024-08-11 12:51:59
2026-01-10 14:07:35 - media_renamer_app - INFO - Successfully extracted date from image D:\Photos\Nef\Samos\ 2024.08.11-12.52.02.108.Samos.NEF: 2024-08-11 12:52:02
2026-01-10 14:07:35 - media_renamer_app - INFO - Successfully extracted date from image D:\Photos\Nef\Samos\ 2024.08.11-12.52.04.109.Samos.NEF: 2024-08-11 12:52:04
2026-01-10 14:07:35 - media_renamer_app - INFO - Successfully extracted date from image D:\Photos\Nef\Samos\ 2024.08.11-12.52.05.110.Samos.NEF: 2024-08-11 12:52:05
2026-01-10 14:07:35 - media_renamer_app - INFO - Successfully extracted date from image D:\Photos\Nef\Samos\ 2024.08.11-12.52.07.111.Samos.NEF: 2024-08-11 12:52:07
2026-01-10 14:07:35 - media_renamer_app - INFO - Successfully extracted date from image D:\Photos\Nef\Samos\ 2024.08.11-12.52.08.112.Samos.NEF: 2024-08-11 12:52:08
2026-01-10 14:07:35 - media_renamer_app - INFO - Successfully extracted date from image D:\Photos\Nef\Samos\ 2024.08.11-13.05.41.113.Samos.NEF: 2024-08-11 13:05:41
2026-01-10 14:07:35 - media_renamer_app - INFO - Successfully extracted date from image D:\Photos\Nef\Samos\ 2024.08.11-13.05.43.114.Samos.NEF: 2024-08-11 13:05:43
2026-01-10 14:07:35 - media_renamer_app - INFO - Successfully extracted date from image D:\Photos\Nef\Samos\ 2024.08.11-13.06.04.115.Samos.NEF: 2024-08-11 13:06:04
2026-01-10 14:07:35 - media_renamer_app - INFO - Successfully extracted date from image D:\Photos\Nef\Samos\ 2024.08.11-13.06.07.116.Samos.NEF: 2024-08-11 13:06:07
2026-01-10 14:07:35 - media_renamer_app - INFO - Successfully extracted date from image D:\Photos\Nef\Samos\ 2024.08.11-13.07.08.117.Samos.NEF: 2024-08-11 13:07:08
2026-01-10 14:07:35 - media_renamer_app - INFO - Successfully extracted date from image D:\Photos\Nef\Samos\ 2024.08.11-13.07.19.118.Samos.NEF: 2024-08-11 13:07:19
2026-01-10 14:07:35 - media_renamer_app - INFO - Successfully extracted date from image D:\Photos\Nef\Samos\ 2024.08.11-13.07.20.119.Samos.NEF: 2024-08-11 13:07:20
2026-01-10 14:07:35 - media_renamer_app - INFO - Successfully extracted date from image D:\Photos\Nef\Samos\ 2024.08.11-13.10.14.120.Samos.NEF: 2024-08-11 13:10:14
2026-01-10 14:07:35 - media_renamer_app - INFO - Successfully extracted date from image D:\Photos\Nef\Samos\ 2024.08.11-13.10.19.121.Samos.NEF: 2024-08-11 13:10:19
2026-01-10 14:07:35 - media_renamer_app - INFO - Successfully extracted date from image D:\Photos\Nef\Samos\ 2024.08.11-13.10.21.122.Samos.NEF: 2024-08-11 13:10:21
2026-01-10 14:07:35 - media_renamer_app - INFO - Successfully extracted date from image D:\Photos\Nef\Samos\ 2024.08.11-13.10.34.123.Samos.NEF: 2024-08-11 13:10:34
2026-01-10 14:07:35 - media_renamer_app - INFO - Successfully extracted date from image D:\Photos\Nef\Samos\ 2024.08.11-13.10.37.124.Samos.NEF: 2024-08-11 13:10:37
2026-01-10 14:07:35 - media_renamer_app - INFO - Successfully extracted date from image D:\Photos\Nef\Samos\ 2024.08.11-13.10.39.125.Samos.NEF: 2024-08-11 13:10:39
2026-01-10 14:07:35 - media_renamer_app - INFO - Successfully extracted date from image D:\Photos\Nef\Samos\ 2024.08.11-13.10.59.126.Samos.NEF: 2024-08-11 13:10:59
2026-01-10 14:07:35 - media_renamer_app - INFO - Successfully extracted date from image D:\Photos\Nef\Samos\ 2024.08.11-13.11.02.127.Samos.NEF: 2024-08-11 13:11:02
2026-01-10 14:07:35 - media_renamer_app - INFO - Successfully extracted date from image D:\Photos\Nef\Samos\ 2024.08.11-13.11.04.128.Samos.NEF: 2024-08-11 13:11:04
2026-01-10 14:07:36 - media_renamer_app - INFO - Successfully extracted date from image D:\Photos\Nef\Samos\ 2024.08.11-13.11.16.129.Samos.NEF: 2024-08-11 13:11:16
2026-01-10 14:07:36 - media_renamer_app - INFO - Successfully extracted date from image D:\Photos\Nef\Samos\ 2024.08.11-13.11.18.130.Samos.NEF: 2024-08-11 13:11:18
2026-01-10 14:07:36 - media_renamer_app - INFO - Successfully extracted date from image D:\Photos\Nef\Samos\ 2024.08.11-13.11.21.131.Samos.NEF: 2024-08-11 13:11:21
2026-01-10 14:07:36 - media_renamer_app - INFO - Successfully extracted date from image D:\Photos\Nef\Samos\ 2024.08.11-13.11.22.132.Samos.NEF: 2024-08-11 13:11:22
2026-01-10 14:07:36 - media_renamer_app - INFO - Successfully extracted date from image D:\Photos\Nef\Samos\ 2024.08.11-13.11.24.133.Samos.NEF: 2024-08-11 13:11:24
2026-01-10 14:07:36 - media_renamer_app - INFO - Successfully extracted date from image D:\Photos\Nef\Samos\ 2024.08.11-13.11.35.134.Samos.NEF: 2024-08-11 13:11:35
2026-01-10 14:07:36 - media_renamer_app - INFO - Successfully extracted date from image D:\Photos\Nef\Samos\ 2024.08.11-13.11.40.135.Samos.NEF: 2024-08-11 13:11:40
2026-01-10 14:07:36 - media_renamer_app - INFO - Successfully extracted date from image D:\Photos\Nef\Samos\ 2024.08.11-13.12.12.136.Samos.NEF: 2024-08-11 13:12:12
2026-01-10 14:07:36 - media_renamer_app - INFO - Successfully extracted date from image D:\Photos\Nef\Samos\ 2024.08.11-13.12.19.137.Samos.NEF: 2024-08-11 13:12:19
2026-01-10 14:07:36 - media_renamer_app - INFO - Successfully extracted date from image D:\Photos\Nef\Samos\ 2024.08.11-13.12.21.138.Samos.NEF: 2024-08-11 13:12:21
2026-01-10 14:07:36 - media_renamer_app - INFO - Successfully extracted date from image D:\Photos\Nef\Samos\ 2024.08.11-13.39.10.139.Samos.NEF: 2024-08-11 13:39:10
2026-01-10 14:07:36 - media_renamer_app - INFO - Successfully extracted date from image D:\Photos\Nef\Samos\ 2024.08.11-13.39.14.140.Samos.NEF: 2024-08-11 13:39:14
2026-01-10 14:07:36 - media_renamer_app - INFO - Successfully extracted date from image D:\Photos\Nef\Samos\ 2024.08.11-13.39.18.141.Samos.NEF: 2024-08-11 13:39:18
2026-01-10 14:07:36 - media_renamer_app - INFO - Successfully extracted date from image D:\Photos\Nef\Samos\ 2024.08.11-13.39.53.142.Samos.NEF: 2024-08-11 13:39:53
2026-01-10 14:07:36 - media_renamer_app - INFO - Successfully extracted date from image D:\Photos\Nef\Samos\ 2024.08.11-13.40.03.143.Samos.NEF: 2024-08-11 13:40:03
2026-01-10 14:07:36 - media_renamer_app - INFO - Successfully extracted date from image D:\Photos\Nef\Samos\ 2024.08.11-13.40.04.144.Samos.NEF: 2024-08-11 13:40:04
2026-01-10 14:07:36 - media_renamer_app - INFO - Successfully extracted date from image D:\Photos\Nef\Samos\ 2024.08.11-13.40.05.145.Samos.NEF: 2024-08-11 13:40:05
2026-01-10 14:07:36 - media_renamer_app - INFO - Successfully extracted date from image D:\Photos\Nef\Samos\ 2024.08.11-13.40.08.146.Samos.NEF: 2024-08-11 13:40:08
2026-01-10 14:07:36 - media_renamer_app - INFO - Successfully extracted date from image D:\Photos\Nef\Samos\ 2024.08.11-13.40.08.147.Samos.NEF: 2024-08-11 13:40:08
2026-01-10 14:07:36 - media_renamer_app - INFO - Successfully extracted date from image D:\Photos\Nef\Samos\ 2024.08.11-13.40.14.148.Samos.NEF: 2024-08-11 13:40:14
2026-01-10 14:07:36 - media_renamer_app - INFO - Successfully extracted date from image D:\Photos\Nef\Samos\ 2024.08.11-13.40.15.149.Samos.NEF: 2024-08-11 13:40:15
2026-01-10 14:07:36 - media_renamer_app - INFO - Successfully extracted date from image D:\Photos\Nef\Samos\ 2024.08.11-13.40.17.150.Samos.NEF: 2024-08-11 13:40:17
2026-01-10 14:07:36 - media_renamer_app - INFO - Successfully extracted date from image D:\Photos\Nef\Samos\ 2024.08.11-13.40.43.151.Samos.NEF: 2024-08-11 13:40:43
2026-01-10 14:07:36 - media_renamer_app - INFO - Successfully extracted date from image D:\Photos\Nef\Samos\ 2024.08.11-13.40.59.152.Samos.NEF: 2024-08-11 13:40:59
2026-01-10 14:07:36 - media_renamer_app - INFO - Successfully extracted date from image D:\Photos\Nef\Samos\ 2024.08.11-13.40.59.153.Samos.NEF: 2024-08-11 13:40:59
2026-01-10 14:07:36 - media_renamer_app - INFO - Successfully extracted date from image D:\Photos\Nef\Samos\ 2024.08.11-13.41.12.154.Samos.NEF: 2024-08-11 13:41:12
2026-01-10 14:07:36 - media_renamer_app - INFO - Successfully extracted date from image D:\Photos\Nef\Samos\ 2024.08.11-13.41.13.155.Samos.NEF: 2024-08-11 13:41:13
2026-01-10 14:07:36 - media_renamer_app - INFO - Successfully extracted date from image D:\Photos\Nef\Samos\ 2024.08.11-13.41.14.156.Samos.NEF: 2024-08-11 13:41:14
2026-01-10 14:07:36 - media_renamer_app - INFO - Successfully extracted date from image D:\Photos\Nef\Samos\ 2024.08.11-13.41.14.157.Samos.NEF: 2024-08-11 13:41:14
2026-01-10 14:07:36 - media_renamer_app - INFO - Successfully extracted date from image D:\Photos\Nef\Samos\ 2024.08.11-13.41.14.158.Samos.NEF: 2024-08-11 13:41:14
2026-01-10 14:07:36 - media_renamer_app - INFO - Successfully extracted date from image D:\Photos\Nef\Samos\ 2024.08.11-13.41.15.159.Samos.NEF: 2024-08-11 13:41:15
2026-01-10 14:07:36 - media_renamer_app - INFO - Successfully extracted date from image D:\Photos\Nef\Samos\ 2024.08.11-13.41.16.160.Samos.NEF: 2024-08-11 13:41:16
2026-01-10 14:07:36 - media_renamer_app - INFO - Successfully extracted date from image D:\Photos\Nef\Samos\ 2024.08.11-13.41.20.161.Samos.NEF: 2024-08-11 13:41:20
2026-01-10 14:07:36 - media_renamer_app - INFO - Successfully extracted date from image D:\Photos\Nef\Samos\ 2024.08.11-13.42.52.162.Samos.NEF: 2024-08-11 13:42:52
2026-01-10 14:07:36 - media_renamer_app - INFO - Successfully extracted date from image D:\Photos\Nef\Samos\ 2024.08.11-13.42.57.163.Samos.NEF: 2024-08-11 13:42:57
2026-01-10 14:07:36 - media_renamer_app - INFO - Successfully extracted date from image D:\Photos\Nef\Samos\ 2024.08.11-13.43.02.164.Samos.NEF: 2024-08-11 13:43:02
2026-01-10 14:07:36 - media_renamer_app - INFO - Successfully extracted date from image D:\Photos\Nef\Samos\ 2024.08.11-13.43.13.165.Samos.NEF: 2024-08-11 13:43:13
2026-01-10 14:07:36 - media_renamer_app - INFO - Successfully extracted date from image D:\Photos\Nef\Samos\ 2024.08.11-15.59.35.166.Samos.NEF: 2024-08-11 15:59:35
2026-01-10 14:07:36 - media_renamer_app - INFO - Successfully extracted date from image D:\Photos\Nef\Samos\ 2024.08.11-17.07.53.167.Samos.NEF: 2024-08-11 17:07:53
2026-01-10 14:07:36 - media_renamer_app - INFO - Successfully extracted date from image D:\Photos\Nef\Samos\ 2024.08.11-17.07.57.168.Samos.NEF: 2024-08-11 17:07:57
2026-01-10 14:07:36 - media_renamer_app - INFO - Successfully extracted date from image D:\Photos\Nef\Samos\ 2024.08.11-17.08.00.169.Samos.NEF: 2024-08-11 17:08:00
2026-01-10 14:07:36 - media_renamer_app - INFO - Successfully extracted date from image D:\Photos\Nef\Samos\ 2024.08.11-17.08.17.170.Samos.NEF: 2024-08-11 17:08:17
2026-01-10 14:07:36 - media_renamer_app - INFO - Successfully extracted date from image D:\Photos\Nef\Samos\ 2024.08.11-17.09.38.171.Samos.NEF: 2024-08-11 17:09:38
2026-01-10 14:07:36 - media_renamer_app - INFO - Successfully extracted date from image D:\Photos\Nef\Samos\ 2024.08.11-17.09.42.172.Samos.NEF: 2024-08-11 17:09:42
2026-01-10 14:07:36 - media_renamer_app - INFO - Successfully extracted date from image D:\Photos\Nef\Samos\ 2024.08.11-17.09.44.173.Samos.NEF: 2024-08-11 17:09:44
2026-01-10 14:07:36 - media_renamer_app - INFO - Successfully extracted date from image D:\Photos\Nef\Samos\ 2024.08.11-17.09.45.174.Samos.NEF: 2024-08-11 17:09:45
2026-01-10 14:07:36 - media_renamer_app - INFO - Successfully extracted date from image D:\Photos\Nef\Samos\ 2024.08.11-17.09.49.175.Samos.NEF: 2024-08-11 17:09:49
2026-01-10 14:07:36 - media_renamer_app - INFO - Successfully extracted date from image D:\Photos\Nef\Samos\ 2024.08.12-11.19.21.176.Samos.NEF: 2024-08-12 11:19:21
2026-01-10 14:07:36 - media_renamer_app - INFO - Successfully extracted date from image D:\Photos\Nef\Samos\ 2024.08.12-11.19.39.177.Samos.NEF: 2024-08-12 11:19:39
2026-01-10 14:07:36 - media_renamer_app - INFO - Successfully extracted date from image D:\Photos\Nef\Samos\ 2024.08.12-11.20.00.178.Samos.NEF: 2024-08-12 11:20:00
2026-01-10 14:07:36 - media_renamer_app - INFO - Successfully extracted date from image D:\Photos\Nef\Samos\ 2024.08.12-11.21.50.179.Samos.NEF: 2024-08-12 11:21:50
2026-01-10 14:07:36 - media_renamer_app - INFO - Successfully extracted date from image D:\Photos\Nef\Samos\ 2024.08.12-11.22.18.180.Samos.NEF: 2024-08-12 11:22:18
2026-01-10 14:07:36 - media_renamer_app - INFO - Successfully extracted date from image D:\Photos\Nef\Samos\ 2024.08.12-11.24.37.181.Samos.JPG: 2024-08-12 11:24:37
2026-01-10 14:07:36 - media_renamer_app - INFO - Successfully extracted date from image D:\Photos\Nef\Samos\ 2024.08.12-11.25.05.182.Samos.JPG: 2024-08-12 11:25:05
2026-01-10 14:07:36 - media_renamer_app - INFO - Successfully extracted date from image D:\Photos\Nef\Samos\ 2024.08.12-11.25.06.183.Samos.JPG: 2024-08-12 11:25:06
2026-01-10 14:07:36 - media_renamer_app - INFO - Successfully extracted date from image D:\Photos\Nef\Samos\ 2024.08.12-11.25.13.184.Samos.JPG: 2024-08-12 11:25:13
2026-01-10 14:07:36 - media_renamer_app - INFO - Successfully extracted date from image D:\Photos\Nef\Samos\ 2024.08.12-11.25.34.185.Samos.JPG: 2024-08-12 11:25:34
2026-01-10 14:07:36 - media_renamer_app - INFO - Successfully extracted date from image D:\Photos\Nef\Samos\ 2024.08.12-11.31.36.186.Samos.NEF: 2024-08-12 11:31:36
2026-01-10 14:07:36 - media_renamer_app - INFO - Successfully extracted date from image D:\Photos\Nef\Samos\ 2024.08.12-11.31.53.187.Samos.NEF: 2024-08-12 11:31:53
2026-01-10 14:07:36 - media_renamer_app - INFO - Successfully extracted date from image D:\Photos\Nef\Samos\ 2024.08.12-11.31.59.188.Samos.NEF: 2024-08-12 11:31:59
2026-01-10 14:07:36 - media_renamer_app - INFO - Successfully extracted date from image D:\Photos\Nef\Samos\ 2024.08.12-11.40.34.189.Samos.NEF: 2024-08-12 11:40:34
2026-01-10 14:07:36 - media_renamer_app - INFO - Successfully extracted date from image D:\Photos\Nef\Samos\ 2024.08.12-12.28.14.190.Samos.NEF: 2024-08-12 12:28:14
2026-01-10 14:07:36 - media_renamer_app - INFO - Successfully extracted date from image D:\Photos\Nef\Samos\ 2024.08.12-12.28.57.191.Samos.NEF: 2024-08-12 12:28:57
2026-01-10 14:07:36 - media_renamer_app - INFO - Successfully extracted date from image D:\Photos\Nef\Samos\ 2024.08.12-12.29.00.192.Samos.NEF: 2024-08-12 12:29:00
2026-01-10 14:07:36 - media_renamer_app - INFO - Successfully extracted date from image D:\Photos\Nef\Samos\ 2024.08.12-15.07.23.193.Samos.NEF: 2024-08-12 15:07:23
2026-01-10 14:07:36 - media_renamer_app - INFO - Successfully extracted date from image D:\Photos\Nef\Samos\ 2024.08.12-15.07.33.194.Samos.NEF: 2024-08-12 15:07:33
2026-01-10 14:07:36 - media_renamer_app - INFO - Successfully extracted date from image D:\Photos\Nef\Samos\ 2024.08.12-15.07.38.195.Samos.NEF: 2024-08-12 15:07:38
2026-01-10 14:07:36 - media_renamer_app - INFO - Successfully extracted date from image D:\Photos\Nef\Samos\ 2024.08.12-15.08.13.196.Samos.NEF: 2024-08-12 15:08:13
2026-01-10 14:07:36 - media_renamer_app - INFO - Successfully extracted date from image D:\Photos\Nef\Samos\ 2024.08.12-15.08.31.197.Samos.NEF: 2024-08-12 15:08:31
2026-01-10 14:07:36 - media_renamer_app - INFO - Successfully extracted date from image D:\Photos\Nef\Samos\ 2024.08.12-15.08.50.198.Samos.NEF: 2024-08-12 15:08:50
2026-01-10 14:07:36 - media_renamer_app - INFO - Successfully extracted date from image D:\Photos\Nef\Samos\ 2024.08.12-15.09.20.199.Samos.NEF: 2024-08-12 15:09:20
2026-01-10 14:07:36 - media_renamer_app - INFO - Successfully extracted date from image D:\Photos\Nef\Samos\ 2024.08.12-15.10.22.200.Samos.NEF: 2024-08-12 15:10:22
2026-01-10 14:07:36 - media_renamer_app - INFO - Successfully extracted date from image D:\Photos\Nef\Samos\ 2024.08.12-16.04.58.201.Samos.NEF: 2024-08-12 16:04:58
2026-01-10 14:07:36 - media_renamer_app - INFO - Successfully extracted date from image D:\Photos\Nef\Samos\ 2024.08.12-19.25.33.202.Samos.NEF: 2024-08-12 19:25:33
2026-01-10 14:07:36 - media_renamer_app - INFO - Successfully extracted date from image D:\Photos\Nef\Samos\ 2024.08.12-19.25.38.203.Samos.NEF: 2024-08-12 19:25:38
2026-01-10 14:07:36 - media_renamer_app - INFO - Successfully extracted date from image D:\Photos\Nef\Samos\ 2024.08.12-19.25.41.204.Samos.NEF: 2024-08-12 19:25:41
2026-01-10 14:07:36 - media_renamer_app - INFO - Successfully extracted date from image D:\Photos\Nef\Samos\ 2024.08.12-19.25.58.205.Samos.NEF: 2024-08-12 19:25:58
2026-01-10 14:07:36 - media_renamer_app - INFO - Successfully extracted date from image D:\Photos\Nef\Samos\ 2024.08.12-19.49.41.206.Samos.NEF: 2024-08-12 19:49:41
2026-01-10 14:07:36 - media_renamer_app - INFO - Successfully extracted date from image D:\Photos\Nef\Samos\ 2024.08.12-19.49.43.207.Samos.NEF: 2024-08-12 19:49:43
2026-01-10 14:07:36 - media_renamer_app - INFO - Successfully extracted date from image D:\Photos\Nef\Samos\ 2024.08.12-19.49.46.208.Samos.NEF: 2024-08-12 19:49:46
2026-01-10 14:07:36 - media_renamer_app - INFO - Successfully extracted date from image D:\Photos\Nef\Samos\ 2024.08.12-19.49.48.209.Samos.NEF: 2024-08-12 19:49:48
2026-01-10 14:07:36 - media_renamer_app - INFO - Successfully extracted date from image D:\Photos\Nef\Samos\ 2024.08.12-19.49.53.210.Samos.NEF: 2024-08-12 19:49:53
2026-01-10 14:07:36 - media_renamer_app - INFO - Successfully extracted date from image D:\Photos\Nef\Samos\ 2024.08.12-19.49.55.211.Samos.NEF: 2024-08-12 19:49:55
2026-01-10 14:07:36 - media_renamer_app - INFO - Successfully extracted date from image D:\Photos\Nef\Samos\ 2024.08.12-19.50.08.212.Samos.NEF: 2024-08-12 19:50:08
2026-01-10 14:07:36 - media_renamer_app - INFO - Successfully extracted date from image D:\Photos\Nef\Samos\ 2024.08.12-19.50.12.213.Samos.NEF: 2024-08-12 19:50:12
2026-01-10 14:07:36 - media_renamer_app - INFO - Successfully extracted date from image D:\Photos\Nef\Samos\ 2024.08.12-19.50.39.214.Samos.NEF: 2024-08-12 19:50:39
2026-01-10 14:07:36 - media_renamer_app - INFO - Successfully extracted date from image D:\Photos\Nef\Samos\ 2024.08.12-19.50.43.215.Samos.NEF: 2024-08-12 19:50:43
2026-01-10 14:07:36 - media_renamer_app - INFO - Successfully extracted date from image D:\Photos\Nef\Samos\ 2024.08.12-19.50.46.216.Samos.NEF: 2024-08-12 19:50:46
2026-01-10 14:07:36 - media_renamer_app - INFO - Successfully extracted date from image D:\Photos\Nef\Samos\ 2024.08.12-19.50.51.217.Samos.NEF: 2024-08-12 19:50:51
2026-01-10 14:07:36 - media_renamer_app - INFO - Successfully extracted date from image D:\Photos\Nef\Samos\ 2024.08.12-19.50.54.218.Samos.NEF: 2024-08-12 19:50:54
2026-01-10 14:07:36 - media_renamer_app - INFO - Successfully extracted date from image D:\Photos\Nef\Samos\ 2024.08.13-20.14.39.219.Samos.NEF: 2024-08-13 20:14:39
2026-01-10 14:07:36 - media_renamer_app - INFO - Successfully extracted date from image D:\Photos\Nef\Samos\ 2024.08.13-20.14.44.220.Samos.NEF: 2024-08-13 20:14:44
2026-01-10 14:07:36 - media_renamer_app - INFO - Successfully extracted date from image D:\Photos\Nef\Samos\ 2024.08.13-20.15.09.221.Samos.NEF: 2024-08-13 20:15:09
2026-01-10 14:07:36 - media_renamer_app - INFO - Successfully extracted date from image D:\Photos\Nef\Samos\ 2024.08.13-20.15.17.222.Samos.NEF: 2024-08-13 20:15:17
2026-01-10 14:07:36 - media_renamer_app - INFO - Successfully extracted date from image D:\Photos\Nef\Samos\ 2024.08.13-20.15.54.223.Samos.NEF: 2024-08-13 20:15:54
2026-01-10 14:07:36 - media_renamer_app - INFO - Successfully extracted date from image D:\Photos\Nef\Samos\ 2024.08.13-20.16.03.224.Samos.NEF: 2024-08-13 20:16:03
2026-01-10 14:07:36 - media_renamer_app - INFO - Successfully extracted date from image D:\Photos\Nef\Samos\ 2024.08.13-20.16.07.225.Samos.NEF: 2024-08-13 20:16:07
2026-01-10 14:07:36 - media_renamer_app - INFO - Successfully extracted date from image D:\Photos\Nef\Samos\ 2024.08.13-20.16.10.226.Samos.NEF: 2024-08-13 20:16:10
2026-01-10 14:07:36 - media_renamer_app - INFO - Successfully extracted date from image D:\Photos\Nef\Samos\ 2024.08.13-20.16.12.227.Samos.NEF: 2024-08-13 20:16:12
2026-01-10 14:07:36 - media_renamer_app - INFO - Successfully extracted date from image D:\Photos\Nef\Samos\ 2024.08.13-20.16.51.228.Samos.NEF: 2024-08-13 20:16:51
2026-01-10 14:07:36 - media_renamer_app - INFO - Successfully extracted date from image D:\Photos\Nef\Samos\ 2024.08.13-20.17.05.229.Samos.NEF: 2024-08-13 20:17:05
2026-01-10 14:07:36 - media_renamer_app - INFO - Successfully extracted date from image D:\Photos\Nef\Samos\ 2024.08.14-11.35.43.230.Samos.NEF: 2024-08-14 11:35:43
2026-01-10 14:07:36 - media_renamer_app - INFO - Successfully extracted date from image D:\Photos\Nef\Samos\ 2024.08.14-11.36.04.231.Samos.NEF: 2024-08-14 11:36:04
2026-01-10 14:07:36 - media_renamer_app - INFO - Successfully extracted date from image D:\Photos\Nef\Samos\ 2024.08.14-12.22.49.232.Samos.NEF: 2024-08-14 12:22:49
2026-01-10 14:07:36 - media_renamer_app - INFO - Successfully extracted date from image D:\Photos\Nef\Samos\ 2024.08.14-12.23.50.233.Samos.NEF: 2024-08-14 12:23:50
2026-01-10 14:07:36 - media_renamer_app - INFO - Successfully extracted date from image D:\Photos\Nef\Samos\ 2024.08.14-12.30.39.234.Samos.NEF: 2024-08-14 12:30:39
2026-01-10 14:07:36 - media_renamer_app - INFO - Successfully extracted date from image D:\Photos\Nef\Samos\ 2024.08.14-12.30.44.235.Samos.NEF: 2024-08-14 12:30:44
2026-01-10 14:07:36 - media_renamer_app - INFO - Successfully extracted date from image D:\Photos\Nef\Samos\ 2024.08.14-16.21.11.236.Samos.NEF: 2024-08-14 16:21:11
2026-01-10 14:07:36 - media_renamer_app - INFO - Successfully extracted date from image D:\Photos\Nef\Samos\ 2024.08.14-16.21.14.237.Samos.NEF: 2024-08-14 16:21:14
2026-01-10 14:07:36 - media_renamer_app - INFO - Successfully extracted date from image D:\Photos\Nef\Samos\ 2024.08.14-16.21.29.238.Samos.NEF: 2024-08-14 16:21:29
2026-01-10 14:07:36 - media_renamer_app - INFO - Successfully extracted date from image D:\Photos\Nef\Samos\ 2024.08.14-16.21.33.239.Samos.NEF: 2024-08-14 16:21:33
2026-01-10 14:07:36 - media_renamer_app - INFO - Successfully extracted date from image D:\Photos\Nef\Samos\ 2024.08.14-17.54.57.240.Samos.NEF: 2024-08-14 17:54:57
2026-01-10 14:07:36 - media_renamer_app - INFO - Successfully extracted date from image D:\Photos\Nef\Samos\ 2024.08.14-17.54.59.241.Samos.NEF: 2024-08-14 17:54:59
2026-01-10 14:07:36 - media_renamer_app - INFO - Successfully extracted date from image D:\Photos\Nef\Samos\ 2024.08.14-17.57.00.242.Samos.NEF: 2024-08-14 17:57:00
2026-01-10 14:07:36 - media_renamer_app - INFO - Successfully extracted date from image D:\Photos\Nef\Samos\ 2024.08.14-17.57.02.243.Samos.NEF: 2024-08-14 17:57:02
2026-01-10 14:07:36 - media_renamer_app - INFO - Successfully extracted date from image D:\Photos\Nef\Samos\ 2024.08.14-17.57.10.244.Samos.NEF: 2024-08-14 17:57:10
2026-01-10 14:07:36 - media_renamer_app - INFO - Successfully extracted date from image D:\Photos\Nef\Samos\ 2024.08.14-17.57.13.245.Samos.NEF: 2024-08-14 17:57:13
2026-01-10 14:07:36 - media_renamer_app - INFO - Successfully extracted date from image D:\Photos\Nef\Samos\ 2024.08.14-17.57.53.246.Samos.NEF: 2024-08-14 17:57:53
2026-01-10 14:07:36 - media_renamer_app - INFO - Successfully extracted date from image D:\Photos\Nef\Samos\ 2024.08.14-17.57.56.247.Samos.NEF: 2024-08-14 17:57:56
2026-01-10 14:07:36 - media_renamer_app - INFO - Successfully extracted date from image D:\Photos\Nef\Samos\ 2024.08.14-17.58.58.248.Samos.NEF: 2024-08-14 17:58:58
2026-01-10 14:07:36 - media_renamer_app - INFO - Successfully extracted date from image D:\Photos\Nef\Samos\ 2024.08.14-17.59.01.249.Samos.NEF: 2024-08-14 17:59:01
2026-01-10 14:07:36 - media_renamer_app - INFO - Successfully extracted date from image D:\Photos\Nef\Samos\ 2024.08.14-17.59.04.250.Samos.NEF: 2024-08-14 17:59:04
2026-01-10 14:07:36 - media_renamer_app - INFO - Successfully extracted date from image D:\Photos\Nef\Samos\ 2024.08.16-11.14.49.251.Samos.NEF: 2024-08-16 11:14:49
2026-01-10 14:07:36 - media_renamer_app - INFO - Successfully extracted date from image D:\Photos\Nef\Samos\ 2024.08.16-11.15.03.252.Samos.NEF: 2024-08-16 11:15:03
2026-01-10 14:07:36 - media_renamer_app - INFO - Successfully extracted date from image D:\Photos\Nef\Samos\ 2024.08.16-11.15.26.253.Samos.NEF: 2024-08-16 11:15:26
2026-01-10 14:07:36 - media_renamer_app - INFO - Successfully extracted date from image D:\Photos\Nef\Samos\ 2024.08.16-11.15.39.254.Samos.NEF: 2024-08-16 11:15:39
2026-01-10 14:07:36 - media_renamer_app - INFO - Successfully extracted date from image D:\Photos\Nef\Samos\ 2024.08.16-11.15.45.255.Samos.NEF: 2024-08-16 11:15:45
2026-01-10 14:07:36 - media_renamer_app - INFO - Successfully extracted date from image D:\Photos\Nef\Samos\ 2024.08.16-11.15.50.256.Samos.NEF: 2024-08-16 11:15:50
2026-01-10 14:07:36 - media_renamer_app - INFO - Successfully extracted date from image D:\Photos\Nef\Samos\ 2024.08.16-11.30.15.257.Samos.NEF: 2024-08-16 11:30:15
2026-01-10 14:07:36 - media_renamer_app - INFO - Successfully extracted date from image D:\Photos\Nef\Samos\ 2024.08.16-11.32.06.258.Samos.NEF: 2024-08-16 11:32:06
2026-01-10 14:07:36 - media_renamer_app - INFO - Successfully extracted date from image D:\Photos\Nef\Samos\ 2024.08.16-11.32.21.259.Samos.NEF: 2024-08-16 11:32:21
2026-01-10 14:07:36 - media_renamer_app - INFO - Successfully extracted date from image D:\Photos\Nef\Samos\ 2024.08.16-11.33.00.260.Samos.NEF: 2024-08-16 11:33:00
2026-01-10 14:07:37 - media_renamer_app - INFO - Successfully extracted date from image D:\Photos\Nef\Samos\ 2024.08.16-11.33.09.261.Samos.NEF: 2024-08-16 11:33:09
2026-01-10 14:07:37 - media_renamer_app - INFO - Successfully extracted date from image D:\Photos\Nef\Samos\ 2024.08.16-11.33.16.262.Samos.NEF: 2024-08-16 11:33:16
2026-01-10 14:07:37 - media_renamer_app - INFO - Successfully extracted date from image D:\Photos\Nef\Samos\ 2024.08.16-11.37.25.263.Samos.NEF: 2024-08-16 11:37:25
2026-01-10 14:07:37 - media_renamer_app - INFO - Successfully extracted date from image D:\Photos\Nef\Samos\ 2024.08.16-11.37.26.264.Samos.NEF: 2024-08-16 11:37:26
2026-01-10 14:07:37 - media_renamer_app - INFO - Successfully extracted date from image D:\Photos\Nef\Samos\ 2024.08.16-11.37.35.265.Samos.NEF: 2024-08-16 11:37:35
2026-01-10 14:07:37 - media_renamer_app - INFO - Successfully extracted date from image D:\Photos\Nef\Samos\ 2024.08.16-11.37.37.266.Samos.NEF: 2024-08-16 11:37:37
2026-01-10 14:07:37 - media_renamer_app - INFO - Successfully extracted date from image D:\Photos\Nef\Samos\ 2024.08.16-11.59.40.267.Samos.NEF: 2024-08-16 11:59:40
2026-01-10 14:07:37 - media_renamer_app - INFO - Successfully extracted date from image D:\Photos\Nef\Samos\ 2024.08.16-11.59.45.268.Samos.NEF: 2024-08-16 11:59:45
2026-01-10 14:07:37 - media_renamer_app - INFO - Successfully extracted date from image D:\Photos\Nef\Samos\ 2024.08.16-12.00.37.269.Samos.NEF: 2024-08-16 12:00:37
2026-01-10 14:07:37 - media_renamer_app - INFO - Successfully extracted date from image D:\Photos\Nef\Samos\ 2024.08.16-12.00.39.270.Samos.NEF: 2024-08-16 12:00:39
2026-01-10 14:07:37 - media_renamer_app - INFO - Successfully extracted date from image D:\Photos\Nef\Samos\ 2024.08.16-12.01.50.271.Samos.NEF: 2024-08-16 12:01:50
2026-01-10 14:07:37 - media_renamer_app - INFO - Successfully extracted date from image D:\Photos\Nef\Samos\ 2024.08.16-12.01.54.272.Samos.NEF: 2024-08-16 12:01:54
2026-01-10 14:07:37 - media_renamer_app - INFO - Successfully extracted date from image D:\Photos\Nef\Samos\ 2024.08.16-12.01.55.273.Samos.NEF: 2024-08-16 12:01:55
2026-01-10 14:07:37 - media_renamer_app - INFO - Successfully extracted date from image D:\Photos\Nef\Samos\ 2024.08.16-12.02.08.274.Samos.NEF: 2024-08-16 12:02:08
2026-01-10 14:07:37 - media_renamer_app - INFO - Successfully extracted date from image D:\Photos\Nef\Samos\ 2024.08.16-12.02.08.275.Samos.NEF: 2024-08-16 12:02:08
2026-01-10 14:07:37 - media_renamer_app - INFO - Successfully extracted date from image D:\Photos\Nef\Samos\ 2024.08.16-12.02.39.276.Samos.NEF: 2024-08-16 12:02:39
2026-01-10 14:07:37 - media_renamer_app - INFO - Successfully extracted date from image D:\Photos\Nef\Samos\ 2024.08.16-12.05.58.277.Samos.NEF: 2024-08-16 12:05:58
2026-01-10 14:07:37 - media_renamer_app - INFO - Successfully extracted date from image D:\Photos\Nef\Samos\ 2024.08.16-12.05.59.278.Samos.NEF: 2024-08-16 12:05:59
2026-01-10 14:07:37 - media_renamer_app - INFO - Successfully extracted date from image D:\Photos\Nef\Samos\ 2024.08.16-12.06.22.279.Samos.NEF: 2024-08-16 12:06:22
2026-01-10 14:07:37 - media_renamer_app - INFO - Successfully extracted date from image D:\Photos\Nef\Samos\ 2024.08.16-12.06.25.280.Samos.NEF: 2024-08-16 12:06:25
2026-01-10 14:07:37 - media_renamer_app - INFO - Successfully extracted date from image D:\Photos\Nef\Samos\ 2024.08.16-12.06.43.281.Samos.NEF: 2024-08-16 12:06:43
2026-01-10 14:07:37 - media_renamer_app - INFO - Successfully extracted date from image D:\Photos\Nef\Samos\ 2024.08.16-12.06.48.282.Samos.NEF: 2024-08-16 12:06:48
2026-01-10 14:07:37 - media_renamer_app - INFO - Successfully extracted date from image D:\Photos\Nef\Samos\ 2024.08.16-12.06.52.283.Samos.NEF: 2024-08-16 12:06:52
2026-01-10 14:07:37 - media_renamer_app - INFO - Successfully extracted date from image D:\Photos\Nef\Samos\ 2024.08.16-12.07.22.284.Samos.NEF: 2024-08-16 12:07:22
2026-01-10 14:07:37 - media_renamer_app - INFO - Successfully extracted date from image D:\Photos\Nef\Samos\ 2024.08.16-12.07.24.285.Samos.NEF: 2024-08-16 12:07:24
2026-01-10 14:07:37 - media_renamer_app - INFO - Successfully extracted date from image D:\Photos\Nef\Samos\ 2024.08.16-12.07.27.286.Samos.NEF: 2024-08-16 12:07:27
2026-01-10 14:07:37 - media_renamer_app - INFO - File discovery completed: 286 files processed, 0 without metadata
2026-01-10 14:07:42 - media_renamer_app - INFO - User initiated file discovery for folder: D:\Photos\Nef\Samos
2026-01-10 14:07:42 - media_renamer_app - INFO - Starting file discovery and metadata extraction
2026-01-10 14:07:42 - media_renamer_app - INFO - Starting file discovery in folder: D:\Photos\Nef\Samos
2026-01-10 14:07:42 - media_renamer_app - INFO - Found 286 total files in D:\Photos\Nef\Samos
2026-01-10 14:07:43 - media_renamer_app - INFO - Discovered 286 supported media files
2026-01-10 14:07:43 - media_renamer_app - INFO - Discovered 286 files in D:\Photos\Nef\Samos
2026-01-10 14:07:43 - media_renamer_app - INFO - Successfully extracted date from image D:\Photos\Nef\Samos\ 2024.08.09-19.34.35.001.Samos.NEF: 2024-08-09 19:34:35
2026-01-10 14:07:43 - media_renamer_app - INFO - Successfully extracted date from image D:\Photos\Nef\Samos\ 2024.08.09-19.35.13.002.Samos.NEF: 2024-08-09 19:35:13
2026-01-10 14:07:43 - media_renamer_app - INFO - Successfully extracted date from image D:\Photos\Nef\Samos\ 2024.08.09-19.35.19.003.Samos.NEF: 2024-08-09 19:35:19
2026-01-10 14:07:43 - media_renamer_app - INFO - Successfully extracted date from image D:\Photos\Nef\Samos\ 2024.08.09-19.35.31.004.Samos.NEF: 2024-08-09 19:35:31
2026-01-10 14:07:43 - media_renamer_app - INFO - Successfully extracted date from image D:\Photos\Nef\Samos\ 2024.08.09-19.36.22.005.Samos.NEF: 2024-08-09 19:36:22
2026-01-10 14:07:43 - media_renamer_app - INFO - Successfully extracted date from image D:\Photos\Nef\Samos\ 2024.08.09-19.36.32.006.Samos.NEF: 2024-08-09 19:36:32
2026-01-10 14:07:43 - media_renamer_app - INFO - Successfully extracted date from image D:\Photos\Nef\Samos\ 2024.08.09-19.38.38.007.Samos.NEF: 2024-08-09 19:38:38
2026-01-10 14:07:43 - media_renamer_app - INFO - Successfully extracted date from image D:\Photos\Nef\Samos\ 2024.08.09-19.38.53.008.Samos.NEF: 2024-08-09 19:38:53
2026-01-10 14:07:43 - media_renamer_app - INFO - Successfully extracted date from image D:\Photos\Nef\Samos\ 2024.08.09-19.39.02.009.Samos.NEF: 2024-08-09 19:39:02
2026-01-10 14:07:43 - media_renamer_app - INFO - Successfully extracted date from image D:\Photos\Nef\Samos\ 2024.08.09-19.39.20.010.Samos.NEF: 2024-08-09 19:39:20
2026-01-10 14:07:43 - media_renamer_app - INFO - Successfully extracted date from image D:\Photos\Nef\Samos\ 2024.08.09-19.39.53.011.Samos.NEF: 2024-08-09 19:39:53
2026-01-10 14:07:43 - media_renamer_app - INFO - Successfully extracted date from image D:\Photos\Nef\Samos\ 2024.08.09-19.40.32.012.Samos.NEF: 2024-08-09 19:40:32
2026-01-10 14:07:43 - media_renamer_app - INFO - Successfully extracted date from image D:\Photos\Nef\Samos\ 2024.08.09-19.40.49.013.Samos.NEF: 2024-08-09 19:40:49
2026-01-10 14:07:43 - media_renamer_app - INFO - Successfully extracted date from image D:\Photos\Nef\Samos\ 2024.08.09-19.40.55.014.Samos.NEF: 2024-08-09 19:40:55
2026-01-10 14:07:43 - media_renamer_app - INFO - Successfully extracted date from image D:\Photos\Nef\Samos\ 2024.08.09-19.44.27.015.Samos.NEF: 2024-08-09 19:44:27
2026-01-10 14:07:43 - media_renamer_app - INFO - Successfully extracted date from image D:\Photos\Nef\Samos\ 2024.08.09-19.45.14.016.Samos.NEF: 2024-08-09 19:45:14
2026-01-10 14:07:43 - media_renamer_app - INFO - Successfully extracted date from image D:\Photos\Nef\Samos\ 2024.08.09-19.45.17.017.Samos.NEF: 2024-08-09 19:45:17
2026-01-10 14:07:43 - media_renamer_app - INFO - Successfully extracted date from image D:\Photos\Nef\Samos\ 2024.08.09-19.46.19.018.Samos.NEF: 2024-08-09 19:46:19
2026-01-10 14:07:43 - media_renamer_app - INFO - Successfully extracted date from image D:\Photos\Nef\Samos\ 2024.08.09-19.46.20.019.Samos.NEF: 2024-08-09 19:46:20
2026-01-10 14:07:43 - media_renamer_app - INFO - Successfully extracted date from image D:\Photos\Nef\Samos\ 2024.08.09-19.48.13.020.Samos.NEF: 2024-08-09 19:48:13
2026-01-10 14:07:43 - media_renamer_app - INFO - Successfully extracted date from image D:\Photos\Nef\Samos\ 2024.08.09-19.48.49.021.Samos.NEF: 2024-08-09 19:48:49
2026-01-10 14:07:43 - media_renamer_app - INFO - Successfully extracted date from image D:\Photos\Nef\Samos\ 2024.08.09-19.59.09.022.Samos.NEF: 2024-08-09 19:59:09
2026-01-10 14:07:43 - media_renamer_app - INFO - Successfully extracted date from image D:\Photos\Nef\Samos\ 2024.08.09-19.59.20.023.Samos.NEF: 2024-08-09 19:59:20
2026-01-10 14:07:43 - media_renamer_app - INFO - Successfully extracted date from image D:\Photos\Nef\Samos\ 2024.08.09-19.59.32.024.Samos.NEF: 2024-08-09 19:59:32
2026-01-10 14:07:43 - media_renamer_app - INFO - Successfully extracted date from image D:\Photos\Nef\Samos\ 2024.08.09-20.00.20.025.Samos.NEF: 2024-08-09 20:00:20
2026-01-10 14:07:43 - media_renamer_app - INFO - Successfully extracted date from image D:\Photos\Nef\Samos\ 2024.08.09-20.03.10.026.Samos.NEF: 2024-08-09 20:03:10
2026-01-10 14:07:43 - media_renamer_app - INFO - Successfully extracted date from image D:\Photos\Nef\Samos\ 2024.08.09-20.03.35.027.Samos.NEF: 2024-08-09 20:03:35
2026-01-10 14:07:43 - media_renamer_app - INFO - Successfully extracted date from image D:\Photos\Nef\Samos\ 2024.08.09-20.03.37.028.Samos.NEF: 2024-08-09 20:03:37
2026-01-10 14:07:43 - media_renamer_app - INFO - Successfully extracted date from image D:\Photos\Nef\Samos\ 2024.08.09-20.03.37.029.Samos.NEF: 2024-08-09 20:03:37
2026-01-10 14:07:43 - media_renamer_app - INFO - Successfully extracted date from image D:\Photos\Nef\Samos\ 2024.08.10-10.04.53.030.Samos.NEF: 2024-08-10 10:04:53
2026-01-10 14:07:43 - media_renamer_app - INFO - Successfully extracted date from image D:\Photos\Nef\Samos\ 2024.08.10-10.04.55.031.Samos.NEF: 2024-08-10 10:04:55
2026-01-10 14:07:43 - media_renamer_app - INFO - Successfully extracted date from image D:\Photos\Nef\Samos\ 2024.08.10-10.10.25.032.Samos.NEF: 2024-08-10 10:10:25
2026-01-10 14:07:43 - media_renamer_app - INFO - Successfully extracted date from image D:\Photos\Nef\Samos\ 2024.08.10-10.11.27.033.Samos.NEF: 2024-08-10 10:11:27
2026-01-10 14:07:43 - media_renamer_app - INFO - Successfully extracted date from image D:\Photos\Nef\Samos\ 2024.08.10-10.11.50.034.Samos.NEF: 2024-08-10 10:11:50
2026-01-10 14:07:43 - media_renamer_app - INFO - Successfully extracted date from image D:\Photos\Nef\Samos\ 2024.08.10-10.11.56.035.Samos.NEF: 2024-08-10 10:11:56
2026-01-10 14:07:43 - media_renamer_app - INFO - Successfully extracted date from image D:\Photos\Nef\Samos\ 2024.08.10-10.14.25.036.Samos.NEF: 2024-08-10 10:14:25
2026-01-10 14:07:43 - media_renamer_app - INFO - Successfully extracted date from image D:\Photos\Nef\Samos\ 2024.08.10-10.15.32.037.Samos.NEF: 2024-08-10 10:15:32
2026-01-10 14:07:43 - media_renamer_app - INFO - Successfully extracted date from image D:\Photos\Nef\Samos\ 2024.08.10-10.15.50.038.Samos.NEF: 2024-08-10 10:15:50
2026-01-10 14:07:43 - media_renamer_app - INFO - Successfully extracted date from image D:\Photos\Nef\Samos\ 2024.08.10-10.16.01.039.Samos.NEF: 2024-08-10 10:16:01
2026-01-10 14:07:43 - media_renamer_app - INFO - Successfully extracted date from image D:\Photos\Nef\Samos\ 2024.08.10-10.16.31.040.Samos.NEF: 2024-08-10 10:16:31
2026-01-10 14:07:43 - media_renamer_app - INFO - Successfully extracted date from image D:\Photos\Nef\Samos\ 2024.08.10-10.16.39.041.Samos.NEF: 2024-08-10 10:16:39
2026-01-10 14:07:43 - media_renamer_app - INFO - Successfully extracted date from image D:\Photos\Nef\Samos\ 2024.08.10-10.17.16.042.Samos.NEF: 2024-08-10 10:17:16
2026-01-10 14:07:43 - media_renamer_app - INFO - Successfully extracted date from image D:\Photos\Nef\Samos\ 2024.08.10-10.18.21.043.Samos.NEF: 2024-08-10 10:18:21
2026-01-10 14:07:43 - media_renamer_app - INFO - Successfully extracted date from image D:\Photos\Nef\Samos\ 2024.08.10-10.18.23.044.Samos.NEF: 2024-08-10 10:18:23
2026-01-10 14:07:43 - media_renamer_app - INFO - Successfully extracted date from image D:\Photos\Nef\Samos\ 2024.08.10-10.18.51.045.Samos.NEF: 2024-08-10 10:18:51
2026-01-10 14:07:43 - media_renamer_app - INFO - Successfully extracted date from image D:\Photos\Nef\Samos\ 2024.08.10-10.18.55.046.Samos.NEF: 2024-08-10 10:18:55
2026-01-10 14:07:43 - media_renamer_app - INFO - Successfully extracted date from image D:\Photos\Nef\Samos\ 2024.08.10-10.18.56.047.Samos.NEF: 2024-08-10 10:18:56
2026-01-10 14:07:43 - media_renamer_app - INFO - Successfully extracted date from image D:\Photos\Nef\Samos\ 2024.08.10-10.19.08.048.Samos.NEF: 2024-08-10 10:19:08
2026-01-10 14:07:43 - media_renamer_app - INFO - Successfully extracted date from image D:\Photos\Nef\Samos\ 2024.08.10-10.19.10.049.Samos.NEF: 2024-08-10 10:19:10
2026-01-10 14:07:43 - media_renamer_app - INFO - Successfully extracted date from image D:\Photos\Nef\Samos\ 2024.08.10-10.19.37.050.Samos.NEF: 2024-08-10 10:19:37
2026-01-10 14:07:43 - media_renamer_app - INFO - Successfully extracted date from image D:\Photos\Nef\Samos\ 2024.08.10-10.19.48.051.Samos.NEF: 2024-08-10 10:19:48
2026-01-10 14:07:43 - media_renamer_app - INFO - Successfully extracted date from image D:\Photos\Nef\Samos\ 2024.08.10-10.20.23.052.Samos.NEF: 2024-08-10 10:20:23
2026-01-10 14:07:43 - media_renamer_app - INFO - Successfully extracted date from image D:\Photos\Nef\Samos\ 2024.08.10-10.20.34.053.Samos.NEF: 2024-08-10 10:20:34
2026-01-10 14:07:43 - media_renamer_app - INFO - Successfully extracted date from image D:\Photos\Nef\Samos\ 2024.08.10-10.21.03.054.Samos.NEF: 2024-08-10 10:21:03
2026-01-10 14:07:43 - media_renamer_app - INFO - Successfully extracted date from image D:\Photos\Nef\Samos\ 2024.08.10-10.21.40.055.Samos.NEF: 2024-08-10 10:21:40
2026-01-10 14:07:43 - media_renamer_app - INFO - Successfully extracted date from image D:\Photos\Nef\Samos\ 2024.08.10-10.21.44.056.Samos.NEF: 2024-08-10 10:21:44
2026-01-10 14:07:43 - media_renamer_app - INFO - Successfully extracted date from image D:\Photos\Nef\Samos\ 2024.08.10-10.21.47.057.Samos.NEF: 2024-08-10 10:21:47
2026-01-10 14:07:43 - media_renamer_app - INFO - Successfully extracted date from image D:\Photos\Nef\Samos\ 2024.08.10-10.24.03.058.Samos.NEF: 2024-08-10 10:24:03
2026-01-10 14:07:43 - media_renamer_app - INFO - Successfully extracted date from image D:\Photos\Nef\Samos\ 2024.08.10-10.24.15.059.Samos.NEF: 2024-08-10 10:24:15
2026-01-10 14:07:43 - media_renamer_app - INFO - Successfully extracted date from image D:\Photos\Nef\Samos\ 2024.08.10-10.25.09.060.Samos.NEF: 2024-08-10 10:25:09
2026-01-10 14:07:43 - media_renamer_app - INFO - Successfully extracted date from image D:\Photos\Nef\Samos\ 2024.08.10-10.25.42.061.Samos.NEF: 2024-08-10 10:25:42
2026-01-10 14:07:43 - media_renamer_app - INFO - Successfully extracted date from image D:\Photos\Nef\Samos\ 2024.08.10-10.26.35.062.Samos.NEF: 2024-08-10 10:26:35
2026-01-10 14:07:43 - media_renamer_app - INFO - Successfully extracted date from image D:\Photos\Nef\Samos\ 2024.08.10-10.26.38.063.Samos.NEF: 2024-08-10 10:26:38
2026-01-10 14:07:43 - media_renamer_app - INFO - Successfully extracted date from image D:\Photos\Nef\Samos\ 2024.08.10-10.27.40.064.Samos.NEF: 2024-08-10 10:27:40
2026-01-10 14:07:43 - media_renamer_app - INFO - Successfully extracted date from image D:\Photos\Nef\Samos\ 2024.08.10-10.28.05.065.Samos.NEF: 2024-08-10 10:28:05
2026-01-10 14:07:43 - media_renamer_app - INFO - Successfully extracted date from image D:\Photos\Nef\Samos\ 2024.08.10-10.30.46.066.Samos.NEF: 2024-08-10 10:30:46
2026-01-10 14:07:43 - media_renamer_app - INFO - Successfully extracted date from image D:\Photos\Nef\Samos\ 2024.08.10-10.31.58.067.Samos.NEF: 2024-08-10 10:31:58
2026-01-10 14:07:43 - media_renamer_app - INFO - Successfully extracted date from image D:\Photos\Nef\Samos\ 2024.08.10-10.32.00.068.Samos.NEF: 2024-08-10 10:32:00
2026-01-10 14:07:43 - media_renamer_app - INFO - Successfully extracted date from image D:\Photos\Nef\Samos\ 2024.08.10-10.32.06.069.Samos.NEF: 2024-08-10 10:32:06
2026-01-10 14:07:43 - media_renamer_app - INFO - Successfully extracted date from image D:\Photos\Nef\Samos\ 2024.08.10-10.35.37.070.Samos.NEF: 2024-08-10 10:35:37
2026-01-10 14:07:43 - media_renamer_app - INFO - Successfully extracted date from image D:\Photos\Nef\Samos\ 2024.08.10-10.35.41.071.Samos.NEF: 2024-08-10 10:35:41
2026-01-10 14:07:43 - media_renamer_app - INFO - Successfully extracted date from image D:\Photos\Nef\Samos\ 2024.08.11-12.27.53.072.Samos.NEF: 2024-08-11 12:27:53
2026-01-10 14:07:43 - media_renamer_app - INFO - Successfully extracted date from image D:\Photos\Nef\Samos\ 2024.08.11-12.28.16.073.Samos.NEF: 2024-08-11 12:28:16
2026-01-10 14:07:43 - media_renamer_app - INFO - Successfully extracted date from image D:\Photos\Nef\Samos\ 2024.08.11-12.31.26.074.Samos.NEF: 2024-08-11 12:31:26
2026-01-10 14:07:43 - media_renamer_app - INFO - Successfully extracted date from image D:\Photos\Nef\Samos\ 2024.08.11-12.33.30.075.Samos.NEF: 2024-08-11 12:33:30
2026-01-10 14:07:43 - media_renamer_app - INFO - Successfully extracted date from image D:\Photos\Nef\Samos\ 2024.08.11-12.33.36.076.Samos.NEF: 2024-08-11 12:33:36
2026-01-10 14:07:43 - media_renamer_app - INFO - Successfully extracted date from image D:\Photos\Nef\Samos\ 2024.08.11-12.33.38.077.Samos.NEF: 2024-08-11 12:33:38
2026-01-10 14:07:43 - media_renamer_app - INFO - Successfully extracted date from image D:\Photos\Nef\Samos\ 2024.08.11-12.33.54.078.Samos.NEF: 2024-08-11 12:33:54
2026-01-10 14:07:43 - media_renamer_app - INFO - Successfully extracted date from image D:\Photos\Nef\Samos\ 2024.08.11-12.34.00.079.Samos.NEF: 2024-08-11 12:34:00
2026-01-10 14:07:43 - media_renamer_app - INFO - Successfully extracted date from image D:\Photos\Nef\Samos\ 2024.08.11-12.34.27.080.Samos.NEF: 2024-08-11 12:34:27
2026-01-10 14:07:43 - media_renamer_app - INFO - Successfully extracted date from image D:\Photos\Nef\Samos\ 2024.08.11-12.35.35.081.Samos.NEF: 2024-08-11 12:35:35
2026-01-10 14:07:43 - media_renamer_app - INFO - Successfully extracted date from image D:\Photos\Nef\Samos\ 2024.08.11-12.36.30.082.Samos.NEF: 2024-08-11 12:36:30
2026-01-10 14:07:43 - media_renamer_app - INFO - Successfully extracted date from image D:\Photos\Nef\Samos\ 2024.08.11-12.36.34.083.Samos.NEF: 2024-08-11 12:36:34
2026-01-10 14:07:43 - media_renamer_app - INFO - Successfully extracted date from image D:\Photos\Nef\Samos\ 2024.08.11-12.39.26.084.Samos.NEF: 2024-08-11 12:39:26
2026-01-10 14:07:43 - media_renamer_app - INFO - Successfully extracted date from image D:\Photos\Nef\Samos\ 2024.08.11-12.39.36.085.Samos.NEF: 2024-08-11 12:39:36
2026-01-10 14:07:43 - media_renamer_app - INFO - Successfully extracted date from image D:\Photos\Nef\Samos\ 2024.08.11-12.41.25.086.Samos.NEF: 2024-08-11 12:41:25
2026-01-10 14:07:43 - media_renamer_app - INFO - Successfully extracted date from image D:\Photos\Nef\Samos\ 2024.08.11-12.41.27.087.Samos.NEF: 2024-08-11 12:41:27
2026-01-10 14:07:43 - media_renamer_app - INFO - Successfully extracted date from image D:\Photos\Nef\Samos\ 2024.08.11-12.41.37.088.Samos.NEF: 2024-08-11 12:41:37
2026-01-10 14:07:43 - media_renamer_app - INFO - Successfully extracted date from image D:\Photos\Nef\Samos\ 2024.08.11-12.41.41.089.Samos.NEF: 2024-08-11 12:41:41
2026-01-10 14:07:43 - media_renamer_app - INFO - Successfully extracted date from image D:\Photos\Nef\Samos\ 2024.08.11-12.41.43.090.Samos.NEF: 2024-08-11 12:41:43
2026-01-10 14:07:43 - media_renamer_app - INFO - Successfully extracted date from image D:\Photos\Nef\Samos\ 2024.08.11-12.41.50.091.Samos.NEF: 2024-08-11 12:41:50
2026-01-10 14:07:43 - media_renamer_app - INFO - Successfully extracted date from image D:\Photos\Nef\Samos\ 2024.08.11-12.41.53.092.Samos.NEF: 2024-08-11 12:41:53
2026-01-10 14:07:43 - media_renamer_app - INFO - Successfully extracted date from image D:\Photos\Nef\Samos\ 2024.08.11-12.42.22.093.Samos.NEF: 2024-08-11 12:42:22
2026-01-10 14:07:43 - media_renamer_app - INFO - Successfully extracted date from image D:\Photos\Nef\Samos\ 2024.08.11-12.42.23.094.Samos.NEF: 2024-08-11 12:42:23
2026-01-10 14:07:43 - media_renamer_app - INFO - Successfully extracted date from image D:\Photos\Nef\Samos\ 2024.08.11-12.42.28.095.Samos.NEF: 2024-08-11 12:42:28
2026-01-10 14:07:43 - media_renamer_app - INFO - Successfully extracted date from image D:\Photos\Nef\Samos\ 2024.08.11-12.42.30.096.Samos.NEF: 2024-08-11 12:42:30
2026-01-10 14:07:43 - media_renamer_app - INFO - Successfully extracted date from image D:\Photos\Nef\Samos\ 2024.08.11-12.42.32.097.Samos.NEF: 2024-08-11 12:42:32
2026-01-10 14:07:43 - media_renamer_app - INFO - Successfully extracted date from image D:\Photos\Nef\Samos\ 2024.08.11-12.47.53.098.Samos.NEF: 2024-08-11 12:47:53
2026-01-10 14:07:43 - media_renamer_app - INFO - Successfully extracted date from image D:\Photos\Nef\Samos\ 2024.08.11-12.47.55.099.Samos.NEF: 2024-08-11 12:47:55
2026-01-10 14:07:43 - media_renamer_app - INFO - Successfully extracted date from image D:\Photos\Nef\Samos\ 2024.08.11-12.47.58.100.Samos.NEF: 2024-08-11 12:47:58
2026-01-10 14:07:43 - media_renamer_app - INFO - Successfully extracted date from image D:\Photos\Nef\Samos\ 2024.08.11-12.48.21.101.Samos.NEF: 2024-08-11 12:48:21
2026-01-10 14:07:43 - media_renamer_app - INFO - Successfully extracted date from image D:\Photos\Nef\Samos\ 2024.08.11-12.48.24.102.Samos.NEF: 2024-08-11 12:48:24
2026-01-10 14:07:43 - media_renamer_app - INFO - Successfully extracted date from image D:\Photos\Nef\Samos\ 2024.08.11-12.51.08.103.Samos.NEF: 2024-08-11 12:51:08
2026-01-10 14:07:43 - media_renamer_app - INFO - Successfully extracted date from image D:\Photos\Nef\Samos\ 2024.08.11-12.51.28.104.Samos.NEF: 2024-08-11 12:51:28
2026-01-10 14:07:43 - media_renamer_app - INFO - Successfully extracted date from image D:\Photos\Nef\Samos\ 2024.08.11-12.51.48.105.Samos.NEF: 2024-08-11 12:51:48
2026-01-10 14:07:43 - media_renamer_app - INFO - Successfully extracted date from image D:\Photos\Nef\Samos\ 2024.08.11-12.51.51.106.Samos.NEF: 2024-08-11 12:51:51
2026-01-10 14:07:43 - media_renamer_app - INFO - Successfully extracted date from image D:\Photos\Nef\Samos\ 2024.08.11-12.51.59.107.Samos.NEF: 2024-08-11 12:51:59
2026-01-10 14:07:43 - media_renamer_app - INFO - Successfully extracted date from image D:\Photos\Nef\Samos\ 2024.08.11-12.52.02.108.Samos.NEF: 2024-08-11 12:52:02
2026-01-10 14:07:43 - media_renamer_app - INFO - Successfully extracted date from image D:\Photos\Nef\Samos\ 2024.08.11-12.52.04.109.Samos.NEF: 2024-08-11 12:52:04
2026-01-10 14:07:43 - media_renamer_app - INFO - Successfully extracted date from image D:\Photos\Nef\Samos\ 2024.08.11-12.52.05.110.Samos.NEF: 2024-08-11 12:52:05
2026-01-10 14:07:43 - media_renamer_app - INFO - Successfully extracted date from image D:\Photos\Nef\Samos\ 2024.08.11-12.52.07.111.Samos.NEF: 2024-08-11 12:52:07
2026-01-10 14:07:43 - media_renamer_app - INFO - Successfully extracted date from image D:\Photos\Nef\Samos\ 2024.08.11-12.52.08.112.Samos.NEF: 2024-08-11 12:52:08
2026-01-10 14:07:43 - media_renamer_app - INFO - Successfully extracted date from image D:\Photos\Nef\Samos\ 2024.08.11-13.05.41.113.Samos.NEF: 2024-08-11 13:05:41
2026-01-10 14:07:43 - media_renamer_app - INFO - Successfully extracted date from image D:\Photos\Nef\Samos\ 2024.08.11-13.05.43.114.Samos.NEF: 2024-08-11 13:05:43
2026-01-10 14:07:43 - media_renamer_app - INFO - Successfully extracted date from image D:\Photos\Nef\Samos\ 2024.08.11-13.06.04.115.Samos.NEF: 2024-08-11 13:06:04
2026-01-10 14:07:43 - media_renamer_app - INFO - Successfully extracted date from image D:\Photos\Nef\Samos\ 2024.08.11-13.06.07.116.Samos.NEF: 2024-08-11 13:06:07
2026-01-10 14:07:43 - media_renamer_app - INFO - Successfully extracted date from image D:\Photos\Nef\Samos\ 2024.08.11-13.07.08.117.Samos.NEF: 2024-08-11 13:07:08
2026-01-10 14:07:43 - media_renamer_app - INFO - Successfully extracted date from image D:\Photos\Nef\Samos\ 2024.08.11-13.07.19.118.Samos.NEF: 2024-08-11 13:07:19
2026-01-10 14:07:43 - media_renamer_app - INFO - Successfully extracted date from image D:\Photos\Nef\Samos\ 2024.08.11-13.07.20.119.Samos.NEF: 2024-08-11 13:07:20
2026-01-10 14:07:43 - media_renamer_app - INFO - Successfully extracted date from image D:\Photos\Nef\Samos\ 2024.08.11-13.10.14.120.Samos.NEF: 2024-08-11 13:10:14
2026-01-10 14:07:43 - media_renamer_app - INFO - Successfully extracted date from image D:\Photos\Nef\Samos\ 2024.08.11-13.10.19.121.Samos.NEF: 2024-08-11 13:10:19
2026-01-10 14:07:43 - media_renamer_app - INFO - Successfully extracted date from image D:\Photos\Nef\Samos\ 2024.08.11-13.10.21.122.Samos.NEF: 2024-08-11 13:10:21
2026-01-10 14:07:43 - media_renamer_app - INFO - Successfully extracted date from image D:\Photos\Nef\Samos\ 2024.08.11-13.10.34.123.Samos.NEF: 2024-08-11 13:10:34
2026-01-10 14:07:43 - media_renamer_app - INFO - Successfully extracted date from image D:\Photos\Nef\Samos\ 2024.08.11-13.10.37.124.Samos.NEF: 2024-08-11 13:10:37
2026-01-10 14:07:43 - media_renamer_app - INFO - Successfully extracted date from image D:\Photos\Nef\Samos\ 2024.08.11-13.10.39.125.Samos.NEF: 2024-08-11 13:10:39
2026-01-10 14:07:43 - media_renamer_app - INFO - Successfully extracted date from image D:\Photos\Nef\Samos\ 2024.08.11-13.10.59.126.Samos.NEF: 2024-08-11 13:10:59
2026-01-10 14:07:43 - media_renamer_app - INFO - Successfully extracted date from image D:\Photos\Nef\Samos\ 2024.08.11-13.11.02.127.Samos.NEF: 2024-08-11 13:11:02
2026-01-10 14:07:43 - media_renamer_app - INFO - Successfully extracted date from image D:\Photos\Nef\Samos\ 2024.08.11-13.11.04.128.Samos.NEF: 2024-08-11 13:11:04
2026-01-10 14:07:44 - media_renamer_app - INFO - Successfully extracted date from image D:\Photos\Nef\Samos\ 2024.08.11-13.11.16.129.Samos.NEF: 2024-08-11 13:11:16
2026-01-10 14:07:44 - media_renamer_app - INFO - Successfully extracted date from image D:\Photos\Nef\Samos\ 2024.08.11-13.11.18.130.Samos.NEF: 2024-08-11 13:11:18
2026-01-10 14:07:44 - media_renamer_app - INFO - Successfully extracted date from image D:\Photos\Nef\Samos\ 2024.08.11-13.11.21.131.Samos.NEF: 2024-08-11 13:11:21
2026-01-10 14:07:44 - media_renamer_app - INFO - Successfully extracted date from image D:\Photos\Nef\Samos\ 2024.08.11-13.11.22.132.Samos.NEF: 2024-08-11 13:11:22
2026-01-10 14:07:44 - media_renamer_app - INFO - Successfully extracted date from image D:\Photos\Nef\Samos\ 2024.08.11-13.11.24.133.Samos.NEF: 2024-08-11 13:11:24
2026-01-10 14:07:44 - media_renamer_app - INFO - Successfully extracted date from image D:\Photos\Nef\Samos\ 2024.08.11-13.11.35.134.Samos.NEF: 2024-08-11 13:11:35
2026-01-10 14:07:44 - media_renamer_app - INFO - Successfully extracted date from image D:\Photos\Nef\Samos\ 2024.08.11-13.11.40.135.Samos.NEF: 2024-08-11 13:11:40
2026-01-10 14:07:44 - media_renamer_app - INFO - Successfully extracted date from image D:\Photos\Nef\Samos\ 2024.08.11-13.12.12.136.Samos.NEF: 2024-08-11 13:12:12
2026-01-10 14:07:44 - media_renamer_app - INFO - Successfully extracted date from image D:\Photos\Nef\Samos\ 2024.08.11-13.12.19.137.Samos.NEF: 2024-08-11 13:12:19
2026-01-10 14:07:44 - media_renamer_app - INFO - Successfully extracted date from image D:\Photos\Nef\Samos\ 2024.08.11-13.12.21.138.Samos.NEF: 2024-08-11 13:12:21
2026-01-10 14:07:44 - media_renamer_app - INFO - Successfully extracted date from image D:\Photos\Nef\Samos\ 2024.08.11-13.39.10.139.Samos.NEF: 2024-08-11 13:39:10
2026-01-10 14:07:44 - media_renamer_app - INFO - Successfully extracted date from image D:\Photos\Nef\Samos\ 2024.08.11-13.39.14.140.Samos.NEF: 2024-08-11 13:39:14
2026-01-10 14:07:44 - media_renamer_app - INFO - Successfully extracted date from image D:\Photos\Nef\Samos\ 2024.08.11-13.39.18.141.Samos.NEF: 2024-08-11 13:39:18
2026-01-10 14:07:44 - media_renamer_app - INFO - Successfully extracted date from image D:\Photos\Nef\Samos\ 2024.08.11-13.39.53.142.Samos.NEF: 2024-08-11 13:39:53
2026-01-10 14:07:44 - media_renamer_app - INFO - Successfully extracted date from image D:\Photos\Nef\Samos\ 2024.08.11-13.40.03.143.Samos.NEF: 2024-08-11 13:40:03
2026-01-10 14:07:44 - media_renamer_app - INFO - Successfully extracted date from image D:\Photos\Nef\Samos\ 2024.08.11-13.40.04.144.Samos.NEF: 2024-08-11 13:40:04
2026-01-10 14:07:44 - media_renamer_app - INFO - Successfully extracted date from image D:\Photos\Nef\Samos\ 2024.08.11-13.40.05.145.Samos.NEF: 2024-08-11 13:40:05
2026-01-10 14:07:44 - media_renamer_app - INFO - Successfully extracted date from image D:\Photos\Nef\Samos\ 2024.08.11-13.40.08.146.Samos.NEF: 2024-08-11 13:40:08
2026-01-10 14:07:44 - media_renamer_app - INFO - Successfully extracted date from image D:\Photos\Nef\Samos\ 2024.08.11-13.40.08.147.Samos.NEF: 2024-08-11 13:40:08
2026-01-10 14:07:44 - media_renamer_app - INFO - Successfully extracted date from image D:\Photos\Nef\Samos\ 2024.08.11-13.40.14.148.Samos.NEF: 2024-08-11 13:40:14
2026-01-10 14:07:44 - media_renamer_app - INFO - Successfully extracted date from image D:\Photos\Nef\Samos\ 2024.08.11-13.40.15.149.Samos.NEF: 2024-08-11 13:40:15
2026-01-10 14:07:44 - media_renamer_app - INFO - Successfully extracted date from image D:\Photos\Nef\Samos\ 2024.08.11-13.40.17.150.Samos.NEF: 2024-08-11 13:40:17
2026-01-10 14:07:44 - media_renamer_app - INFO - Successfully extracted date from image D:\Photos\Nef\Samos\ 2024.08.11-13.40.43.151.Samos.NEF: 2024-08-11 13:40:43
2026-01-10 14:07:44 - media_renamer_app - INFO - Successfully extracted date from image D:\Photos\Nef\Samos\ 2024.08.11-13.40.59.152.Samos.NEF: 2024-08-11 13:40:59
2026-01-10 14:07:44 - media_renamer_app - INFO - Successfully extracted date from image D:\Photos\Nef\Samos\ 2024.08.11-13.40.59.153.Samos.NEF: 2024-08-11 13:40:59
2026-01-10 14:07:44 - media_renamer_app - INFO - Successfully extracted date from image D:\Photos\Nef\Samos\ 2024.08.11-13.41.12.154.Samos.NEF: 2024-08-11 13:41:12
2026-01-10 14:07:44 - media_renamer_app - INFO - Successfully extracted date from image D:\Photos\Nef\Samos\ 2024.08.11-13.41.13.155.Samos.NEF: 2024-08-11 13:41:13
2026-01-10 14:07:44 - media_renamer_app - INFO - Successfully extracted date from image D:\Photos\Nef\Samos\ 2024.08.11-13.41.14.156.Samos.NEF: 2024-08-11 13:41:14
2026-01-10 14:07:44 - media_renamer_app - INFO - Successfully extracted date from image D:\Photos\Nef\Samos\ 2024.08.11-13.41.14.157.Samos.NEF: 2024-08-11 13:41:14
2026-01-10 14:07:44 - media_renamer_app - INFO - Successfully extracted date from image D:\Photos\Nef\Samos\ 2024.08.11-13.41.14.158.Samos.NEF: 2024-08-11 13:41:14
2026-01-10 14:07:44 - media_renamer_app - INFO - Successfully extracted date from image D:\Photos\Nef\Samos\ 2024.08.11-13.41.15.159.Samos.NEF: 2024-08-11 13:41:15
2026-01-10 14:07:44 - media_renamer_app - INFO - Successfully extracted date from image D:\Photos\Nef\Samos\ 2024.08.11-13.41.16.160.Samos.NEF: 2024-08-11 13:41:16
2026-01-10 14:07:44 - media_renamer_app - INFO - Successfully extracted date from image D:\Photos\Nef\Samos\ 2024.08.11-13.41.20.161.Samos.NEF: 2024-08-11 13:41:20
2026-01-10 14:07:44 - media_renamer_app - INFO - Successfully extracted date from image D:\Photos\Nef\Samos\ 2024.08.11-13.42.52.162.Samos.NEF: 2024-08-11 13:42:52
2026-01-10 14:07:44 - media_renamer_app - INFO - Successfully extracted date from image D:\Photos\Nef\Samos\ 2024.08.11-13.42.57.163.Samos.NEF: 2024-08-11 13:42:57
2026-01-10 14:07:44 - media_renamer_app - INFO - Successfully extracted date from image D:\Photos\Nef\Samos\ 2024.08.11-13.43.02.164.Samos.NEF: 2024-08-11 13:43:02
2026-01-10 14:07:44 - media_renamer_app - INFO - Successfully extracted date from image D:\Photos\Nef\Samos\ 2024.08.11-13.43.13.165.Samos.NEF: 2024-08-11 13:43:13
2026-01-10 14:07:44 - media_renamer_app - INFO - Successfully extracted date from image D:\Photos\Nef\Samos\ 2024.08.11-15.59.35.166.Samos.NEF: 2024-08-11 15:59:35
2026-01-10 14:07:44 - media_renamer_app - INFO - Successfully extracted date from image D:\Photos\Nef\Samos\ 2024.08.11-17.07.53.167.Samos.NEF: 2024-08-11 17:07:53
2026-01-10 14:07:44 - media_renamer_app - INFO - Successfully extracted date from image D:\Photos\Nef\Samos\ 2024.08.11-17.07.57.168.Samos.NEF: 2024-08-11 17:07:57
2026-01-10 14:07:44 - media_renamer_app - INFO - Successfully extracted date from image D:\Photos\Nef\Samos\ 2024.08.11-17.08.00.169.Samos.NEF: 2024-08-11 17:08:00
2026-01-10 14:07:44 - media_renamer_app - INFO - Successfully extracted date from image D:\Photos\Nef\Samos\ 2024.08.11-17.08.17.170.Samos.NEF: 2024-08-11 17:08:17
2026-01-10 14:07:44 - media_renamer_app - INFO - Successfully extracted date from image D:\Photos\Nef\Samos\ 2024.08.11-17.09.38.171.Samos.NEF: 2024-08-11 17:09:38
2026-01-10 14:07:44 - media_renamer_app - INFO - Successfully extracted date from image D:\Photos\Nef\Samos\ 2024.08.11-17.09.42.172.Samos.NEF: 2024-08-11 17:09:42
2026-01-10 14:07:44 - media_renamer_app - INFO - Successfully extracted date from image D:\Photos\Nef\Samos\ 2024.08.11-17.09.44.173.Samos.NEF: 2024-08-11 17:09:44
2026-01-10 14:07:44 - media_renamer_app - INFO - Successfully extracted date from image D:\Photos\Nef\Samos\ 2024.08.11-17.09.45.174.Samos.NEF: 2024-08-11 17:09:45
2026-01-10 14:07:44 - media_renamer_app - INFO - Successfully extracted date from image D:\Photos\Nef\Samos\ 2024.08.11-17.09.49.175.Samos.NEF: 2024-08-11 17:09:49
2026-01-10 14:07:44 - media_renamer_app - INFO - Successfully extracted date from image D:\Photos\Nef\Samos\ 2024.08.12-11.19.21.176.Samos.NEF: 2024-08-12 11:19:21
2026-01-10 14:07:44 - media_renamer_app - INFO - Successfully extracted date from image D:\Photos\Nef\Samos\ 2024.08.12-11.19.39.177.Samos.NEF: 2024-08-12 11:19:39
2026-01-10 14:07:44 - media_renamer_app - INFO - Successfully extracted date from image D:\Photos\Nef\Samos\ 2024.08.12-11.20.00.178.Samos.NEF: 2024-08-12 11:20:00
2026-01-10 14:07:44 - media_renamer_app - INFO - Successfully extracted date from image D:\Photos\Nef\Samos\ 2024.08.12-11.21.50.179.Samos.NEF: 2024-08-12 11:21:50
2026-01-10 14:07:44 - media_renamer_app - INFO - Successfully extracted date from image D:\Photos\Nef\Samos\ 2024.08.12-11.22.18.180.Samos.NEF: 2024-08-12 11:22:18
2026-01-10 14:07:44 - media_renamer_app - INFO - Successfully extracted date from image D:\Photos\Nef\Samos\ 2024.08.12-11.24.37.181.Samos.JPG: 2024-08-12 11:24:37
2026-01-10 14:07:44 - media_renamer_app - INFO - Successfully extracted date from image D:\Photos\Nef\Samos\ 2024.08.12-11.25.05.182.Samos.JPG: 2024-08-12 11:25:05
2026-01-10 14:07:44 - media_renamer_app - INFO - Successfully extracted date from image D:\Photos\Nef\Samos\ 2024.08.12-11.25.06.183.Samos.JPG: 2024-08-12 11:25:06
2026-01-10 14:07:44 - media_renamer_app - INFO - Successfully extracted date from image D:\Photos\Nef\Samos\ 2024.08.12-11.25.13.184.Samos.JPG: 2024-08-12 11:25:13
2026-01-10 14:07:44 - media_renamer_app - INFO - Successfully extracted date from image D:\Photos\Nef\Samos\ 2024.08.12-11.25.34.185.Samos.JPG: 2024-08-12 11:25:34
2026-01-10 14:07:44 - media_renamer_app - INFO - Successfully extracted date from image D:\Photos\Nef\Samos\ 2024.08.12-11.31.36.186.Samos.NEF: 2024-08-12 11:31:36
2026-01-10 14:07:44 - media_renamer_app - INFO - Successfully extracted date from image D:\Photos\Nef\Samos\ 2024.08.12-11.31.53.187.Samos.NEF: 2024-08-12 11:31:53
2026-01-10 14:07:44 - media_renamer_app - INFO - Successfully extracted date from image D:\Photos\Nef\Samos\ 2024.08.12-11.31.59.188.Samos.NEF: 2024-08-12 11:31:59
2026-01-10 14:07:44 - media_renamer_app - INFO - Successfully extracted date from image D:\Photos\Nef\Samos\ 2024.08.12-11.40.34.189.Samos.NEF: 2024-08-12 11:40:34
2026-01-10 14:07:44 - media_renamer_app - INFO - Successfully extracted date from image D:\Photos\Nef\Samos\ 2024.08.12-12.28.14.190.Samos.NEF: 2024-08-12 12:28:14
2026-01-10 14:07:44 - media_renamer_app - INFO - Successfully extracted date from image D:\Photos\Nef\Samos\ 2024.08.12-12.28.57.191.Samos.NEF: 2024-08-12 12:28:57
2026-01-10 14:07:44 - media_renamer_app - INFO - Successfully extracted date from image D:\Photos\Nef\Samos\ 2024.08.12-12.29.00.192.Samos.NEF: 2024-08-12 12:29:00
2026-01-10 14:07:44 - media_renamer_app - INFO - Successfully extracted date from image D:\Photos\Nef\Samos\ 2024.08.12-15.07.23.193.Samos.NEF: 2024-08-12 15:07:23
2026-01-10 14:07:44 - media_renamer_app - INFO - Successfully extracted date from image D:\Photos\Nef\Samos\ 2024.08.12-15.07.33.194.Samos.NEF: 2024-08-12 15:07:33
2026-01-10 14:07:44 - media_renamer_app - INFO - Successfully extracted date from image D:\Photos\Nef\Samos\ 2024.08.12-15.07.38.195.Samos.NEF: 2024-08-12 15:07:38
2026-01-10 14:07:44 - media_renamer_app - INFO - Successfully extracted date from image D:\Photos\Nef\Samos\ 2024.08.12-15.08.13.196.Samos.NEF: 2024-08-12 15:08:13
2026-01-10 14:07:44 - media_renamer_app - INFO - Successfully extracted date from image D:\Photos\Nef\Samos\ 2024.08.12-15.08.31.197.Samos.NEF: 2024-08-12 15:08:31
2026-01-10 14:07:44 - media_renamer_app - INFO - Successfully extracted date from image D:\Photos\Nef\Samos\ 2024.08.12-15.08.50.198.Samos.NEF: 2024-08-12 15:08:50
2026-01-10 14:07:44 - media_renamer_app - INFO - Successfully extracted date from image D:\Photos\Nef\Samos\ 2024.08.12-15.09.20.199.Samos.NEF: 2024-08-12 15:09:20
2026-01-10 14:07:44 - media_renamer_app - INFO - Successfully extracted date from image D:\Photos\Nef\Samos\ 2024.08.12-15.10.22.200.Samos.NEF: 2024-08-12 15:10:22
2026-01-10 14:07:44 - media_renamer_app - INFO - Successfully extracted date from image D:\Photos\Nef\Samos\ 2024.08.12-16.04.58.201.Samos.NEF: 2024-08-12 16:04:58
2026-01-10 14:07:44 - media_renamer_app - INFO - Successfully extracted date from image D:\Photos\Nef\Samos\ 2024.08.12-19.25.33.202.Samos.NEF: 2024-08-12 19:25:33
2026-01-10 14:07:44 - media_renamer_app - INFO - Successfully extracted date from image D:\Photos\Nef\Samos\ 2024.08.12-19.25.38.203.Samos.NEF: 2024-08-12 19:25:38
2026-01-10 14:07:44 - media_renamer_app - INFO - Successfully extracted date from image D:\Photos\Nef\Samos\ 2024.08.12-19.25.41.204.Samos.NEF: 2024-08-12 19:25:41
2026-01-10 14:07:44 - media_renamer_app - INFO - Successfully extracted date from image D:\Photos\Nef\Samos\ 2024.08.12-19.25.58.205.Samos.NEF: 2024-08-12 19:25:58
2026-01-10 14:07:44 - media_renamer_app - INFO - Successfully extracted date from image D:\Photos\Nef\Samos\ 2024.08.12-19.49.41.206.Samos.NEF: 2024-08-12 19:49:41
2026-01-10 14:07:44 - media_renamer_app - INFO - Successfully extracted date from image D:\Photos\Nef\Samos\ 2024.08.12-19.49.43.207.Samos.NEF: 2024-08-12 19:49:43
2026-01-10 14:07:44 - media_renamer_app - INFO - Successfully extracted date from image D:\Photos\Nef\Samos\ 2024.08.12-19.49.46.208.Samos.NEF: 2024-08-12 19:49:46
2026-01-10 14:07:44 - media_renamer_app - INFO - Successfully extracted date from image D:\Photos\Nef\Samos\ 2024.08.12-19.49.48.209.Samos.NEF: 2024-08-12 19:49:48
2026-01-10 14:07:44 - media_renamer_app - INFO - Successfully extracted date from image D:\Photos\Nef\Samos\ 2024.08.12-19.49.53.210.Samos.NEF: 2024-08-12 19:49:53
2026-01-10 14:07:44 - media_renamer_app - INFO - Successfully extracted date from image D:\Photos\Nef\Samos\ 2024.08.12-19.49.55.211.Samos.NEF: 2024-08-12 19:49:55
2026-01-10 14:07:44 - media_renamer_app - INFO - Successfully extracted date from image D:\Photos\Nef\Samos\ 2024.08.12-19.50.08.212.Samos.NEF: 2024-08-12 19:50:08
2026-01-10 14:07:44 - media_renamer_app - INFO - Successfully extracted date from image D:\Photos\Nef\Samos\ 2024.08.12-19.50.12.213.Samos.NEF: 2024-08-12 19:50:12
2026-01-10 14:07:44 - media_renamer_app - INFO - Successfully extracted date from image D:\Photos\Nef\Samos\ 2024.08.12-19.50.39.214.Samos.NEF: 2024-08-12 19:50:39
2026-01-10 14:07:44 - media_renamer_app - INFO - Successfully extracted date from image D:\Photos\Nef\Samos\ 2024.08.12-19.50.43.215.Samos.NEF: 2024-08-12 19:50:43
2026-01-10 14:07:44 - media_renamer_app - INFO - Successfully extracted date from image D:\Photos\Nef\Samos\ 2024.08.12-19.50.46.216.Samos.NEF: 2024-08-12 19:50:46
2026-01-10 14:07:44 - media_renamer_app - INFO - Successfully extracted date from image D:\Photos\Nef\Samos\ 2024.08.12-19.50.51.217.Samos.NEF: 2024-08-12 19:50:51
2026-01-10 14:07:44 - media_renamer_app - INFO - Successfully extracted date from image D:\Photos\Nef\Samos\ 2024.08.12-19.50.54.218.Samos.NEF: 2024-08-12 19:50:54
2026-01-10 14:07:44 - media_renamer_app - INFO - Successfully extracted date from image D:\Photos\Nef\Samos\ 2024.08.13-20.14.39.219.Samos.NEF: 2024-08-13 20:14:39
2026-01-10 14:07:44 - media_renamer_app - INFO - Successfully extracted date from image D:\Photos\Nef\Samos\ 2024.08.13-20.14.44.220.Samos.NEF: 2024-08-13 20:14:44
2026-01-10 14:07:44 - media_renamer_app - INFO - Successfully extracted date from image D:\Photos\Nef\Samos\ 2024.08.13-20.15.09.221.Samos.NEF: 2024-08-13 20:15:09
2026-01-10 14:07:44 - media_renamer_app - INFO - Successfully extracted date from image D:\Photos\Nef\Samos\ 2024.08.13-20.15.17.222.Samos.NEF: 2024-08-13 20:15:17
2026-01-10 14:07:44 - media_renamer_app - INFO - Successfully extracted date from image D:\Photos\Nef\Samos\ 2024.08.13-20.15.54.223.Samos.NEF: 2024-08-13 20:15:54
2026-01-10 14:07:44 - media_renamer_app - INFO - Successfully extracted date from image D:\Photos\Nef\Samos\ 2024.08.13-20.16.03.224.Samos.NEF: 2024-08-13 20:16:03
2026-01-10 14:07:44 - media_renamer_app - INFO - Successfully extracted date from image D:\Photos\Nef\Samos\ 2024.08.13-20.16.07.225.Samos.NEF: 2024-08-13 20:16:07
2026-01-10 14:07:44 - media_renamer_app - INFO - Successfully extracted date from image D:\Photos\Nef\Samos\ 2024.08.13-20.16.10.226.Samos.NEF: 2024-08-13 20:16:10
2026-01-10 14:07:44 - media_renamer_app - INFO - Successfully extracted date from image D:\Photos\Nef\Samos\ 2024.08.13-20.16.12.227.Samos.NEF: 2024-08-13 20:16:12
2026-01-10 14:07:44 - media_renamer_app - INFO - Successfully extracted date from image D:\Photos\Nef\Samos\ 2024.08.13-20.16.51.228.Samos.NEF: 2024-08-13 20:16:51
2026-01-10 14:07:44 - media_renamer_app - INFO - Successfully extracted date from image D:\Photos\Nef\Samos\ 2024.08.13-20.17.05.229.Samos.NEF: 2024-08-13 20:17:05
2026-01-10 14:07:44 - media_renamer_app - INFO - Successfully extracted date from image D:\Photos\Nef\Samos\ 2024.08.14-11.35.43.230.Samos.NEF: 2024-08-14 11:35:43
2026-01-10 14:07:44 - media_renamer_app - INFO - Successfully extracted date from image D:\Photos\Nef\Samos\ 2024.08.14-11.36.04.231.Samos.NEF: 2024-08-14 11:36:04
2026-01-10 14:07:44 - media_renamer_app - INFO - Successfully extracted date from image D:\Photos\Nef\Samos\ 2024.08.14-12.22.49.232.Samos.NEF: 2024-08-14 12:22:49
2026-01-10 14:07:44 - media_renamer_app - INFO - Successfully extracted date from image D:\Photos\Nef\Samos\ 2024.08.14-12.23.50.233.Samos.NEF: 2024-08-14 12:23:50
2026-01-10 14:07:44 - media_renamer_app - INFO - Successfully extracted date from image D:\Photos\Nef\Samos\ 2024.08.14-12.30.39.234.Samos.NEF: 2024-08-14 12:30:39
2026-01-10 14:07:44 - media_renamer_app - INFO - Successfully extracted date from image D:\Photos\Nef\Samos\ 2024.08.14-12.30.44.235.Samos.NEF: 2024-08-14 12:30:44
2026-01-10 14:07:44 - media_renamer_app - INFO - Successfully extracted date from image D:\Photos\Nef\Samos\ 2024.08.14-16.21.11.236.Samos.NEF: 2024-08-14 16:21:11
2026-01-10 14:07:44 - media_renamer_app - INFO - Successfully extracted date from image D:\Photos\Nef\Samos\ 2024.08.14-16.21.14.237.Samos.NEF: 2024-08-14 16:21:14
2026-01-10 14:07:44 - media_renamer_app - INFO - Successfully extracted date from image D:\Photos\Nef\Samos\ 2024.08.14-16.21.29.238.Samos.NEF: 2024-08-14 16:21:29
2026-01-10 14:07:44 - media_renamer_app - INFO - Successfully extracted date from image D:\Photos\Nef\Samos\ 2024.08.14-16.21.33.239.Samos.NEF: 2024-08-14 16:21:33
2026-01-10 14:07:44 - media_renamer_app - INFO - Successfully extracted date from image D:\Photos\Nef\Samos\ 2024.08.14-17.54.57.240.Samos.NEF: 2024-08-14 17:54:57
2026-01-10 14:07:44 - media_renamer_app - INFO - Successfully extracted date from image D:\Photos\Nef\Samos\ 2024.08.14-17.54.59.241.Samos.NEF: 2024-08-14 17:54:59
2026-01-10 14:07:44 - media_renamer_app - INFO - Successfully extracted date from image D:\Photos\Nef\Samos\ 2024.08.14-17.57.00.242.Samos.NEF: 2024-08-14 17:57:00
2026-01-10 14:07:44 - media_renamer_app - INFO - Successfully extracted date from image D:\Photos\Nef\Samos\ 2024.08.14-17.57.02.243.Samos.NEF: 2024-08-14 17:57:02
2026-01-10 14:07:44 - media_renamer_app - INFO - Successfully extracted date from image D:\Photos\Nef\Samos\ 2024.08.14-17.57.10.244.Samos.NEF: 2024-08-14 17:57:10
2026-01-10 14:07:44 - media_renamer_app - INFO - Successfully extracted date from image D:\Photos\Nef\Samos\ 2024.08.14-17.57.13.245.Samos.NEF: 2024-08-14 17:57:13
2026-01-10 14:07:44 - media_renamer_app - INFO - Successfully extracted date from image D:\Photos\Nef\Samos\ 2024.08.14-17.57.53.246.Samos.NEF: 2024-08-14 17:57:53
2026-01-10 14:07:44 - media_renamer_app - INFO - Successfully extracted date from image D:\Photos\Nef\Samos\ 2024.08.14-17.57.56.247.Samos.NEF: 2024-08-14 17:57:56
2026-01-10 14:07:44 - media_renamer_app - INFO - Successfully extracted date from image D:\Photos\Nef\Samos\ 2024.08.14-17.58.58.248.Samos.NEF: 2024-08-14 17:58:58
2026-01-10 14:07:44 - media_renamer_app - INFO - Successfully extracted date from image D:\Photos\Nef\Samos\ 2024.08.14-17.59.01.249.Samos.NEF: 2024-08-14 17:59:01
2026-01-10 14:07:44 - media_renamer_app - INFO - Successfully extracted date from image D:\Photos\Nef\Samos\ 2024.08.14-17.59.04.250.Samos.NEF: 2024-08-14 17:59:04
2026-01-10 14:07:44 - media_renamer_app - INFO - Successfully extracted date from image D:\Photos\Nef\Samos\ 2024.08.16-11.14.49.251.Samos.NEF: 2024-08-16 11:14:49
2026-01-10 14:07:44 - media_renamer_app - INFO - Successfully extracted date from image D:\Photos\Nef\Samos\ 2024.08.16-11.15.03.252.Samos.NEF: 2024-08-16 11:15:03
2026-01-10 14:07:44 - media_renamer_app - INFO - Successfully extracted date from image D:\Photos\Nef\Samos\ 2024.08.16-11.15.26.253.Samos.NEF: 2024-08-16 11:15:26
2026-01-10 14:07:44 - media_renamer_app - INFO - Successfully extracted date from image D:\Photos\Nef\Samos\ 2024.08.16-11.15.39.254.Samos.NEF: 2024-08-16 11:15:39
2026-01-10 14:07:44 - media_renamer_app - INFO - Successfully extracted date from image D:\Photos\Nef\Samos\ 2024.08.16-11.15.45.255.Samos.NEF: 2024-08-16 11:15:45
2026-01-10 14:07:44 - media_renamer_app - INFO - Successfully extracted date from image D:\Photos\Nef\Samos\ 2024.08.16-11.15.50.256.Samos.NEF: 2024-08-16 11:15:50
2026-01-10 14:07:45 - media_renamer_app - INFO - Successfully extracted date from image D:\Photos\Nef\Samos\ 2024.08.16-11.30.15.257.Samos.NEF: 2024-08-16 11:30:15
2026-01-10 14:07:45 - media_renamer_app - INFO - Successfully extracted date from image D:\Photos\Nef\Samos\ 2024.08.16-11.32.06.258.Samos.NEF: 2024-08-16 11:32:06
2026-01-10 14:07:45 - media_renamer_app - INFO - Successfully extracted date from image D:\Photos\Nef\Samos\ 2024.08.16-11.32.21.259.Samos.NEF: 2024-08-16 11:32:21
2026-01-10 14:07:45 - media_renamer_app - INFO - Successfully extracted date from image D:\Photos\Nef\Samos\ 2024.08.16-11.33.00.260.Samos.NEF: 2024-08-16 11:33:00
2026-01-10 14:07:45 - media_renamer_app - INFO - Successfully extracted date from image D:\Photos\Nef\Samos\ 2024.08.16-11.33.09.261.Samos.NEF: 2024-08-16 11:33:09
2026-01-10 14:07:45 - media_renamer_app - INFO - Successfully extracted date from image D:\Photos\Nef\Samos\ 2024.08.16-11.33.16.262.Samos.NEF: 2024-08-16 11:33:16
2026-01-10 14:07:45 - media_renamer_app - INFO - Successfully extracted date from image D:\Photos\Nef\Samos\ 2024.08.16-11.37.25.263.Samos.NEF: 2024-08-16 11:37:25
2026-01-10 14:07:45 - media_renamer_app - INFO - Successfully extracted date from image D:\Photos\Nef\Samos\ 2024.08.16-11.37.26.264.Samos.NEF: 2024-08-16 11:37:26
2026-01-10 14:07:45 - media_renamer_app - INFO - Successfully extracted date from image D:\Photos\Nef\Samos\ 2024.08.16-11.37.35.265.Samos.NEF: 2024-08-16 11:37:35
2026-01-10 14:07:45 - media_renamer_app - INFO - Successfully extracted date from image D:\Photos\Nef\Samos\ 2024.08.16-11.37.37.266.Samos.NEF: 2024-08-16 11:37:37
2026-01-10 14:07:45 - media_renamer_app - INFO - Successfully extracted date from image D:\Photos\Nef\Samos\ 2024.08.16-11.59.40.267.Samos.NEF: 2024-08-16 11:59:40
2026-01-10 14:07:45 - media_renamer_app - INFO - Successfully extracted date from image D:\Photos\Nef\Samos\ 2024.08.16-11.59.45.268.Samos.NEF: 2024-08-16 11:59:45
2026-01-10 14:07:45 - media_renamer_app - INFO - Successfully extracted date from image D:\Photos\Nef\Samos\ 2024.08.16-12.00.37.269.Samos.NEF: 2024-08-16 12:00:37
2026-01-10 14:07:45 - media_renamer_app - INFO - Successfully extracted date from image D:\Photos\Nef\Samos\ 2024.08.16-12.00.39.270.Samos.NEF: 2024-08-16 12:00:39
2026-01-10 14:07:45 - media_renamer_app - INFO - Successfully extracted date from image D:\Photos\Nef\Samos\ 2024.08.16-12.01.50.271.Samos.NEF: 2024-08-16 12:01:50
2026-01-10 14:07:45 - media_renamer_app - INFO - Successfully extracted date from image D:\Photos\Nef\Samos\ 2024.08.16-12.01.54.272.Samos.NEF: 2024-08-16 12:01:54
2026-01-10 14:07:45 - media_renamer_app - INFO - Successfully extracted date from image D:\Photos\Nef\Samos\ 2024.08.16-12.01.55.273.Samos.NEF: 2024-08-16 12:01:55
2026-01-10 14:07:45 - media_renamer_app - INFO - Successfully extracted date from image D:\Photos\Nef\Samos\ 2024.08.16-12.02.08.274.Samos.NEF: 2024-08-16 12:02:08
2026-01-10 14:07:45 - media_renamer_app - INFO - Successfully extracted date from image D:\Photos\Nef\Samos\ 2024.08.16-12.02.08.275.Samos.NEF: 2024-08-16 12:02:08
2026-01-10 14:07:45 - media_renamer_app - INFO - Successfully extracted date from image D:\Photos\Nef\Samos\ 2024.08.16-12.02.39.276.Samos.NEF: 2024-08-16 12:02:39
2026-01-10 14:07:45 - media_renamer_app - INFO - Successfully extracted date from image D:\Photos\Nef\Samos\ 2024.08.16-12.05.58.277.Samos.NEF: 2024-08-16 12:05:58
2026-01-10 14:07:45 - media_renamer_app - INFO - Successfully extracted date from image D:\Photos\Nef\Samos\ 2024.08.16-12.05.59.278.Samos.NEF: 2024-08-16 12:05:59
2026-01-10 14:07:45 - media_renamer_app - INFO - Successfully extracted date from image D:\Photos\Nef\Samos\ 2024.08.16-12.06.22.279.Samos.NEF: 2024-08-16 12:06:22
2026-01-10 14:07:45 - media_renamer_app - INFO - Successfully extracted date from image D:\Photos\Nef\Samos\ 2024.08.16-12.06.25.280.Samos.NEF: 2024-08-16 12:06:25
2026-01-10 14:07:45 - media_renamer_app - INFO - Successfully extracted date from image D:\Photos\Nef\Samos\ 2024.08.16-12.06.43.281.Samos.NEF: 2024-08-16 12:06:43
2026-01-10 14:07:45 - media_renamer_app - INFO - Successfully extracted date from image D:\Photos\Nef\Samos\ 2024.08.16-12.06.48.282.Samos.NEF: 2024-08-16 12:06:48
2026-01-10 14:07:45 - media_renamer_app - INFO - Successfully extracted date from image D:\Photos\Nef\Samos\ 2024.08.16-12.06.52.283.Samos.NEF: 2024-08-16 12:06:52
2026-01-10 14:07:45 - media_renamer_app - INFO - Successfully extracted date from image D:\Photos\Nef\Samos\ 2024.08.16-12.07.22.284.Samos.NEF: 2024-08-16 12:07:22
2026-01-10 14:07:45 - media_renamer_app - INFO - Successfully extracted date from image D:\Photos\Nef\Samos\ 2024.08.16-12.07.24.285.Samos.NEF: 2024-08-16 12:07:24
2026-01-10 14:07:45 - media_renamer_app - INFO - Successfully extracted date from image D:\Photos\Nef\Samos\ 2024.08.16-12.07.27.286.Samos.NEF: 2024-08-16 12:07:27
2026-01-10 14:07:45 - media_renamer_app - INFO - File discovery completed: 286 files processed, 0 without metadata
2026-01-10 14:07:46 - media_renamer_app - INFO - User initiated application shutdown
2026-01-10 14:07:46 - media_renamer_app - INFO - Settings saved on application close
2026-01-10 14:07:46 - media_renamer_app - INFO - City cache saved successfully: 88 entries
2026-01-10 14:07:46 - media_renamer_app - INFO - Application shutdown completed
2026-01-10 14:07:46 - media_renamer_app - INFO - Application completed successfully
2026-01-10 14:07:46 - media_renamer_app - INFO - Application shutting down...
2026-01-10 14:07:46 - media_renamer_app - INFO - City cache saved successfully
2026-01-10 14:07:46 - media_renamer_app - INFO - Application shutdown complete
