2026-01-10 13:43:09 - media_renamer_app - INFO - Application logging initialized - Log file: C:\Kiro\MediaUtils\logs\app_20260110_134309.log
2026-01-10 13:43:09 - media_renamer_app - INFO - Session logging initialized - Session file: C:\Kiro\MediaUtils\logs\session_20260110_134309.log
2026-01-10 13:43:09 - media_renamer_app - INFO - Application starting - Media File Renamer v2.0.0
2026-01-10 13:43:09 - media_renamer_app - INFO - City cache loaded with 88 entries
2026-01-10 13:43:09 - media_renamer_app - INFO - All application systems initialized successfully
2026-01-10 13:43:09 - media_renamer_app - INFO - GUI application starting up with integrated systems
2026-01-10 13:43:09 - media_renamer_app - INFO - MediaProcessor initialized with caching and error recovery
2026-01-10 13:43:09 - media_renamer_app - INFO - FileOperations initialized with 25 supported extensions
2026-01-10 13:43:09 - media_renamer_app - INFO - GUI window initialized with geometry: 1x1+153+180
2026-01-10 13:43:09 - media_renamer_app - INFO - GUI application initialization completed
2026-01-10 13:43:09 - media_renamer_app - INFO - Starting GUI application...
2026-01-10 13:43:22 - media_renamer_app - INFO - User initiated file discovery for folder: D:\Photos\Nef\Samos
2026-01-10 13:43:22 - media_renamer_app - INFO - Starting file discovery and metadata extraction
2026-01-10 13:43:22 - media_renamer_app - INFO - Starting file discovery in folder: D:\Photos\Nef\Samos
2026-01-10 13:43:22 - media_renamer_app - INFO - Found 286 total files in D:\Photos\Nef\Samos
2026-01-10 13:43:22 - media_renamer_app - INFO - Discovered 286 supported media files
2026-01-10 13:43:22 - media_renamer_app - INFO - Discovered 286 files in D:\Photos\Nef\Samos
2026-01-10 13:43:22 - media_renamer_app - INFO - Successfully extracted date from image D:\Photos\Nef\Samos\DSC_0456.NEF: 2024-08-09 19:34:35
2026-01-10 13:43:22 - media_renamer_app - INFO - Successfully extracted date from image D:\Photos\Nef\Samos\DSC_0457.NEF: 2024-08-09 19:35:13
2026-01-10 13:43:22 - media_renamer_app - INFO - Successfully extracted date from image D:\Photos\Nef\Samos\DSC_0458.NEF: 2024-08-09 19:35:19
2026-01-10 13:43:22 - media_renamer_app - INFO - Successfully extracted date from image D:\Photos\Nef\Samos\DSC_0459.NEF: 2024-08-09 19:35:31
2026-01-10 13:43:22 - media_renamer_app - INFO - Successfully extracted date from image D:\Photos\Nef\Samos\DSC_0460.NEF: 2024-08-09 19:36:22
2026-01-10 13:43:22 - media_renamer_app - INFO - Successfully extracted date from image D:\Photos\Nef\Samos\DSC_0461.NEF: 2024-08-09 19:36:32
2026-01-10 13:43:22 - media_renamer_app - INFO - Successfully extracted date from image D:\Photos\Nef\Samos\DSC_0464.NEF: 2024-08-09 19:38:38
2026-01-10 13:43:22 - media_renamer_app - INFO - Successfully extracted date from image D:\Photos\Nef\Samos\DSC_0465.NEF: 2024-08-09 19:38:53
2026-01-10 13:43:22 - media_renamer_app - INFO - Successfully extracted date from image D:\Photos\Nef\Samos\DSC_0466.NEF: 2024-08-09 19:39:02
2026-01-10 13:43:22 - media_renamer_app - INFO - Successfully extracted date from image D:\Photos\Nef\Samos\DSC_0467.NEF: 2024-08-09 19:39:20
2026-01-10 13:43:22 - media_renamer_app - INFO - Successfully extracted date from image D:\Photos\Nef\Samos\DSC_0468.NEF: 2024-08-09 19:39:53
2026-01-10 13:43:22 - media_renamer_app - INFO - Successfully extracted date from image D:\Photos\Nef\Samos\DSC_0469.NEF: 2024-08-09 19:40:32
2026-01-10 13:43:22 - media_renamer_app - INFO - Successfully extracted date from image D:\Photos\Nef\Samos\DSC_0470.NEF: 2024-08-09 19:40:49
2026-01-10 13:43:22 - media_renamer_app - INFO - Successfully extracted date from image D:\Photos\Nef\Samos\DSC_0471.NEF: 2024-08-09 19:40:55
2026-01-10 13:43:22 - media_renamer_app - INFO - Successfully extracted date from image D:\Photos\Nef\Samos\DSC_0473.NEF: 2024-08-09 19:44:27
2026-01-10 13:43:22 - media_renamer_app - INFO - Successfully extracted date from image D:\Photos\Nef\Samos\DSC_0484.NEF: 2024-08-09 19:45:14
2026-01-10 13:43:22 - media_renamer_app - INFO - Successfully extracted date from image D:\Photos\Nef\Samos\DSC_0486.NEF: 2024-08-09 19:45:17
2026-01-10 13:43:22 - media_renamer_app - INFO - Successfully extracted date from image D:\Photos\Nef\Samos\DSC_0512.NEF: 2024-08-09 19:46:19
2026-01-10 13:43:22 - media_renamer_app - INFO - Successfully extracted date from image D:\Photos\Nef\Samos\DSC_0514.NEF: 2024-08-09 19:46:20
2026-01-10 13:43:22 - media_renamer_app - INFO - Successfully extracted date from image D:\Photos\Nef\Samos\DSC_0523.NEF: 2024-08-09 19:48:13
2026-01-10 13:43:22 - media_renamer_app - INFO - Successfully extracted date from image D:\Photos\Nef\Samos\DSC_0526.NEF: 2024-08-09 19:48:49
2026-01-10 13:43:22 - media_renamer_app - INFO - Successfully extracted date from image D:\Photos\Nef\Samos\DSC_0528.NEF: 2024-08-09 19:59:09
2026-01-10 13:43:22 - media_renamer_app - INFO - Successfully extracted date from image D:\Photos\Nef\Samos\DSC_0529.NEF: 2024-08-09 19:59:20
2026-01-10 13:43:22 - media_renamer_app - INFO - Successfully extracted date from image D:\Photos\Nef\Samos\DSC_0530.NEF: 2024-08-09 19:59:32
2026-01-10 13:43:22 - media_renamer_app - INFO - Successfully extracted date from image D:\Photos\Nef\Samos\DSC_0532.NEF: 2024-08-09 20:00:20
2026-01-10 13:43:22 - media_renamer_app - INFO - Successfully extracted date from image D:\Photos\Nef\Samos\DSC_0540.NEF: 2024-08-09 20:03:10
2026-01-10 13:43:22 - media_renamer_app - INFO - Successfully extracted date from image D:\Photos\Nef\Samos\DSC_0541.NEF: 2024-08-09 20:03:35
2026-01-10 13:43:22 - media_renamer_app - INFO - Successfully extracted date from image D:\Photos\Nef\Samos\DSC_0542.NEF: 2024-08-09 20:03:37
2026-01-10 13:43:22 - media_renamer_app - INFO - Successfully extracted date from image D:\Photos\Nef\Samos\DSC_0543.NEF: 2024-08-09 20:03:37
2026-01-10 13:43:23 - media_renamer_app - INFO - Successfully extracted date from image D:\Photos\Nef\Samos\DSC_0548.NEF: 2024-08-10 10:04:53
2026-01-10 13:43:23 - media_renamer_app - INFO - Successfully extracted date from image D:\Photos\Nef\Samos\DSC_0556.NEF: 2024-08-10 10:04:55
2026-01-10 13:43:23 - media_renamer_app - INFO - Successfully extracted date from image D:\Photos\Nef\Samos\DSC_0569.NEF: 2024-08-10 10:10:25
2026-01-10 13:43:23 - media_renamer_app - INFO - Successfully extracted date from image D:\Photos\Nef\Samos\DSC_0573.NEF: 2024-08-10 10:11:27
2026-01-10 13:43:23 - media_renamer_app - INFO - Successfully extracted date from image D:\Photos\Nef\Samos\DSC_0574.NEF: 2024-08-10 10:11:50
2026-01-10 13:43:23 - media_renamer_app - INFO - Successfully extracted date from image D:\Photos\Nef\Samos\DSC_0575.NEF: 2024-08-10 10:11:56
2026-01-10 13:43:23 - media_renamer_app - INFO - Successfully extracted date from image D:\Photos\Nef\Samos\DSC_0576.NEF: 2024-08-10 10:14:25
2026-01-10 13:43:23 - media_renamer_app - INFO - Successfully extracted date from image D:\Photos\Nef\Samos\DSC_0577.NEF: 2024-08-10 10:15:32
2026-01-10 13:43:23 - media_renamer_app - INFO - Successfully extracted date from image D:\Photos\Nef\Samos\DSC_0578.NEF: 2024-08-10 10:15:50
2026-01-10 13:43:23 - media_renamer_app - INFO - Successfully extracted date from image D:\Photos\Nef\Samos\DSC_0579.NEF: 2024-08-10 10:16:01
2026-01-10 13:43:23 - media_renamer_app - INFO - Successfully extracted date from image D:\Photos\Nef\Samos\DSC_0580.NEF: 2024-08-10 10:16:31
2026-01-10 13:43:23 - media_renamer_app - INFO - Successfully extracted date from image D:\Photos\Nef\Samos\DSC_0581.NEF: 2024-08-10 10:16:39
2026-01-10 13:43:23 - media_renamer_app - INFO - Successfully extracted date from image D:\Photos\Nef\Samos\DSC_0583.NEF: 2024-08-10 10:17:16
2026-01-10 13:43:23 - media_renamer_app - INFO - Successfully extracted date from image D:\Photos\Nef\Samos\DSC_0590.NEF: 2024-08-10 10:18:21
2026-01-10 13:43:23 - media_renamer_app - INFO - Successfully extracted date from image D:\Photos\Nef\Samos\DSC_0591.NEF: 2024-08-10 10:18:23
2026-01-10 13:43:23 - media_renamer_app - INFO - Successfully extracted date from image D:\Photos\Nef\Samos\DSC_0593.NEF: 2024-08-10 10:18:51
2026-01-10 13:43:23 - media_renamer_app - INFO - Successfully extracted date from image D:\Photos\Nef\Samos\DSC_0594.NEF: 2024-08-10 10:18:55
2026-01-10 13:43:23 - media_renamer_app - INFO - Successfully extracted date from image D:\Photos\Nef\Samos\DSC_0595.NEF: 2024-08-10 10:18:56
2026-01-10 13:43:23 - media_renamer_app - INFO - Successfully extracted date from image D:\Photos\Nef\Samos\DSC_0596.NEF: 2024-08-10 10:19:08
2026-01-10 13:43:23 - media_renamer_app - INFO - Successfully extracted date from image D:\Photos\Nef\Samos\DSC_0597.NEF: 2024-08-10 10:19:10
2026-01-10 13:43:23 - media_renamer_app - INFO - Successfully extracted date from image D:\Photos\Nef\Samos\DSC_0598.NEF: 2024-08-10 10:19:37
2026-01-10 13:43:23 - media_renamer_app - INFO - Successfully extracted date from image D:\Photos\Nef\Samos\DSC_0599.NEF: 2024-08-10 10:19:48
2026-01-10 13:43:23 - media_renamer_app - INFO - Successfully extracted date from image D:\Photos\Nef\Samos\DSC_0600.NEF: 2024-08-10 10:20:23
2026-01-10 13:43:23 - media_renamer_app - INFO - Successfully extracted date from image D:\Photos\Nef\Samos\DSC_0601.NEF: 2024-08-10 10:20:34
2026-01-10 13:43:23 - media_renamer_app - INFO - Successfully extracted date from image D:\Photos\Nef\Samos\DSC_0602.NEF: 2024-08-10 10:21:03
2026-01-10 13:43:23 - media_renamer_app - INFO - Successfully extracted date from image D:\Photos\Nef\Samos\DSC_0603.NEF: 2024-08-10 10:21:40
2026-01-10 13:43:23 - media_renamer_app - INFO - Successfully extracted date from image D:\Photos\Nef\Samos\DSC_0604.NEF: 2024-08-10 10:21:44
2026-01-10 13:43:23 - media_renamer_app - INFO - Successfully extracted date from image D:\Photos\Nef\Samos\DSC_0605.NEF: 2024-08-10 10:21:47
2026-01-10 13:43:23 - media_renamer_app - INFO - Successfully extracted date from image D:\Photos\Nef\Samos\DSC_0608.NEF: 2024-08-10 10:24:03
2026-01-10 13:43:23 - media_renamer_app - INFO - Successfully extracted date from image D:\Photos\Nef\Samos\DSC_0609.NEF: 2024-08-10 10:24:15
2026-01-10 13:43:23 - media_renamer_app - INFO - Successfully extracted date from image D:\Photos\Nef\Samos\DSC_0610.NEF: 2024-08-10 10:25:09
2026-01-10 13:43:23 - media_renamer_app - INFO - Successfully extracted date from image D:\Photos\Nef\Samos\DSC_0611.NEF: 2024-08-10 10:25:42
2026-01-10 13:43:23 - media_renamer_app - INFO - Successfully extracted date from image D:\Photos\Nef\Samos\DSC_0612.NEF: 2024-08-10 10:26:35
2026-01-10 13:43:23 - media_renamer_app - INFO - Successfully extracted date from image D:\Photos\Nef\Samos\DSC_0613.NEF: 2024-08-10 10:26:38
2026-01-10 13:43:23 - media_renamer_app - INFO - Successfully extracted date from image D:\Photos\Nef\Samos\DSC_0614.NEF: 2024-08-10 10:27:40
2026-01-10 13:43:23 - media_renamer_app - INFO - Successfully extracted date from image D:\Photos\Nef\Samos\DSC_0615.NEF: 2024-08-10 10:28:05
2026-01-10 13:43:23 - media_renamer_app - INFO - Successfully extracted date from image D:\Photos\Nef\Samos\DSC_0616.NEF: 2024-08-10 10:30:46
2026-01-10 13:43:23 - media_renamer_app - INFO - Successfully extracted date from image D:\Photos\Nef\Samos\DSC_0617.NEF: 2024-08-10 10:31:58
2026-01-10 13:43:23 - media_renamer_app - INFO - Successfully extracted date from image D:\Photos\Nef\Samos\DSC_0618.NEF: 2024-08-10 10:32:00
2026-01-10 13:43:23 - media_renamer_app - INFO - Successfully extracted date from image D:\Photos\Nef\Samos\DSC_0619.NEF: 2024-08-10 10:32:06
2026-01-10 13:43:23 - media_renamer_app - INFO - Successfully extracted date from image D:\Photos\Nef\Samos\DSC_0620.NEF: 2024-08-10 10:35:37
2026-01-10 13:43:23 - media_renamer_app - INFO - Successfully extracted date from image D:\Photos\Nef\Samos\DSC_0621.NEF: 2024-08-10 10:35:41
2026-01-10 13:43:23 - media_renamer_app - INFO - Successfully extracted date from image D:\Photos\Nef\Samos\DSC_0622.NEF: 2024-08-11 12:27:53
2026-01-10 13:43:23 - media_renamer_app - INFO - Successfully extracted date from image D:\Photos\Nef\Samos\DSC_0623.NEF: 2024-08-11 12:28:16
2026-01-10 13:43:23 - media_renamer_app - INFO - Successfully extracted date from image D:\Photos\Nef\Samos\DSC_0624.NEF: 2024-08-11 12:31:26
2026-01-10 13:43:23 - media_renamer_app - INFO - Successfully extracted date from image D:\Photos\Nef\Samos\DSC_0625.NEF: 2024-08-11 12:33:30
2026-01-10 13:43:23 - media_renamer_app - INFO - Successfully extracted date from image D:\Photos\Nef\Samos\DSC_0626.NEF: 2024-08-11 12:33:36
2026-01-10 13:43:23 - media_renamer_app - INFO - Successfully extracted date from image D:\Photos\Nef\Samos\DSC_0627.NEF: 2024-08-11 12:33:38
2026-01-10 13:43:23 - media_renamer_app - INFO - Successfully extracted date from image D:\Photos\Nef\Samos\DSC_0628.NEF: 2024-08-11 12:33:54
2026-01-10 13:43:23 - media_renamer_app - INFO - Successfully extracted date from image D:\Photos\Nef\Samos\DSC_0629.NEF: 2024-08-11 12:34:00
2026-01-10 13:43:23 - media_renamer_app - INFO - Successfully extracted date from image D:\Photos\Nef\Samos\DSC_0630.NEF: 2024-08-11 12:34:27
2026-01-10 13:43:23 - media_renamer_app - INFO - Successfully extracted date from image D:\Photos\Nef\Samos\DSC_0631.NEF: 2024-08-11 12:35:35
2026-01-10 13:43:23 - media_renamer_app - INFO - Successfully extracted date from image D:\Photos\Nef\Samos\DSC_0632.NEF: 2024-08-11 12:36:30
2026-01-10 13:43:23 - media_renamer_app - INFO - Successfully extracted date from image D:\Photos\Nef\Samos\DSC_0633.NEF: 2024-08-11 12:36:34
2026-01-10 13:43:23 - media_renamer_app - INFO - Successfully extracted date from image D:\Photos\Nef\Samos\DSC_0634.NEF: 2024-08-11 12:39:26
2026-01-10 13:43:23 - media_renamer_app - INFO - Successfully extracted date from image D:\Photos\Nef\Samos\DSC_0635.NEF: 2024-08-11 12:39:36
2026-01-10 13:43:23 - media_renamer_app - INFO - Successfully extracted date from image D:\Photos\Nef\Samos\DSC_0636.NEF: 2024-08-11 12:41:25
2026-01-10 13:43:23 - media_renamer_app - INFO - Successfully extracted date from image D:\Photos\Nef\Samos\DSC_0637.NEF: 2024-08-11 12:41:27
2026-01-10 13:43:23 - media_renamer_app - INFO - Successfully extracted date from image D:\Photos\Nef\Samos\DSC_0638.NEF: 2024-08-11 12:41:37
2026-01-10 13:43:23 - media_renamer_app - INFO - Successfully extracted date from image D:\Photos\Nef\Samos\DSC_0639.NEF: 2024-08-11 12:41:41
2026-01-10 13:43:23 - media_renamer_app - INFO - Successfully extracted date from image D:\Photos\Nef\Samos\DSC_0640.NEF: 2024-08-11 12:41:43
2026-01-10 13:43:23 - media_renamer_app - INFO - Successfully extracted date from image D:\Photos\Nef\Samos\DSC_0641.NEF: 2024-08-11 12:41:50
2026-01-10 13:43:23 - media_renamer_app - INFO - Successfully extracted date from image D:\Photos\Nef\Samos\DSC_0642.NEF: 2024-08-11 12:41:53
2026-01-10 13:43:23 - media_renamer_app - INFO - Successfully extracted date from image D:\Photos\Nef\Samos\DSC_0643.NEF: 2024-08-11 12:42:22
2026-01-10 13:43:23 - media_renamer_app - INFO - Successfully extracted date from image D:\Photos\Nef\Samos\DSC_0644.NEF: 2024-08-11 12:42:23
2026-01-10 13:43:23 - media_renamer_app - INFO - Successfully extracted date from image D:\Photos\Nef\Samos\DSC_0645.NEF: 2024-08-11 12:42:28
2026-01-10 13:43:23 - media_renamer_app - INFO - Successfully extracted date from image D:\Photos\Nef\Samos\DSC_0646.NEF: 2024-08-11 12:42:30
2026-01-10 13:43:23 - media_renamer_app - INFO - Successfully extracted date from image D:\Photos\Nef\Samos\DSC_0647.NEF: 2024-08-11 12:42:32
2026-01-10 13:43:23 - media_renamer_app - INFO - Successfully extracted date from image D:\Photos\Nef\Samos\DSC_0648.NEF: 2024-08-11 12:47:53
2026-01-10 13:43:23 - media_renamer_app - INFO - Successfully extracted date from image D:\Photos\Nef\Samos\DSC_0649.NEF: 2024-08-11 12:47:55
2026-01-10 13:43:23 - media_renamer_app - INFO - Successfully extracted date from image D:\Photos\Nef\Samos\DSC_0650.NEF: 2024-08-11 12:47:58
2026-01-10 13:43:23 - media_renamer_app - INFO - Successfully extracted date from image D:\Photos\Nef\Samos\DSC_0651.NEF: 2024-08-11 12:48:21
2026-01-10 13:43:23 - media_renamer_app - INFO - Successfully extracted date from image D:\Photos\Nef\Samos\DSC_0652.NEF: 2024-08-11 12:48:24
2026-01-10 13:43:23 - media_renamer_app - INFO - Successfully extracted date from image D:\Photos\Nef\Samos\DSC_0653.NEF: 2024-08-11 12:51:08
2026-01-10 13:43:23 - media_renamer_app - INFO - Successfully extracted date from image D:\Photos\Nef\Samos\DSC_0654.NEF: 2024-08-11 12:51:28
2026-01-10 13:43:23 - media_renamer_app - INFO - Successfully extracted date from image D:\Photos\Nef\Samos\DSC_0655.NEF: 2024-08-11 12:51:48
2026-01-10 13:43:23 - media_renamer_app - INFO - Successfully extracted date from image D:\Photos\Nef\Samos\DSC_0656.NEF: 2024-08-11 12:51:51
2026-01-10 13:43:23 - media_renamer_app - INFO - Successfully extracted date from image D:\Photos\Nef\Samos\DSC_0657.NEF: 2024-08-11 12:51:59
2026-01-10 13:43:23 - media_renamer_app - INFO - Successfully extracted date from image D:\Photos\Nef\Samos\DSC_0658.NEF: 2024-08-11 12:52:02
2026-01-10 13:43:23 - media_renamer_app - INFO - Successfully extracted date from image D:\Photos\Nef\Samos\DSC_0659.NEF: 2024-08-11 12:52:04
2026-01-10 13:43:23 - media_renamer_app - INFO - Successfully extracted date from image D:\Photos\Nef\Samos\DSC_0660.NEF: 2024-08-11 12:52:05
2026-01-10 13:43:23 - media_renamer_app - INFO - Successfully extracted date from image D:\Photos\Nef\Samos\DSC_0661.NEF: 2024-08-11 12:52:07
2026-01-10 13:43:23 - media_renamer_app - INFO - Successfully extracted date from image D:\Photos\Nef\Samos\DSC_0662.NEF: 2024-08-11 12:52:08
2026-01-10 13:43:23 - media_renamer_app - INFO - Successfully extracted date from image D:\Photos\Nef\Samos\DSC_0663.NEF: 2024-08-11 13:05:41
2026-01-10 13:43:23 - media_renamer_app - INFO - Successfully extracted date from image D:\Photos\Nef\Samos\DSC_0664.NEF: 2024-08-11 13:05:43
2026-01-10 13:43:23 - media_renamer_app - INFO - Successfully extracted date from image D:\Photos\Nef\Samos\DSC_0665.NEF: 2024-08-11 13:06:04
2026-01-10 13:43:23 - media_renamer_app - INFO - Successfully extracted date from image D:\Photos\Nef\Samos\DSC_0666.NEF: 2024-08-11 13:06:07
2026-01-10 13:43:23 - media_renamer_app - INFO - Successfully extracted date from image D:\Photos\Nef\Samos\DSC_0667.NEF: 2024-08-11 13:07:08
2026-01-10 13:43:23 - media_renamer_app - INFO - Successfully extracted date from image D:\Photos\Nef\Samos\DSC_0668.NEF: 2024-08-11 13:07:19
2026-01-10 13:43:23 - media_renamer_app - INFO - Successfully extracted date from image D:\Photos\Nef\Samos\DSC_0669.NEF: 2024-08-11 13:07:20
2026-01-10 13:43:23 - media_renamer_app - INFO - Successfully extracted date from image D:\Photos\Nef\Samos\DSC_0670.NEF: 2024-08-11 13:10:14
2026-01-10 13:43:23 - media_renamer_app - INFO - Successfully extracted date from image D:\Photos\Nef\Samos\DSC_0671.NEF: 2024-08-11 13:10:19
2026-01-10 13:43:23 - media_renamer_app - INFO - Successfully extracted date from image D:\Photos\Nef\Samos\DSC_0672.NEF: 2024-08-11 13:10:21
2026-01-10 13:43:23 - media_renamer_app - INFO - Successfully extracted date from image D:\Photos\Nef\Samos\DSC_0673.NEF: 2024-08-11 13:10:34
2026-01-10 13:43:23 - media_renamer_app - INFO - Successfully extracted date from image D:\Photos\Nef\Samos\DSC_0674.NEF: 2024-08-11 13:10:37
2026-01-10 13:43:23 - media_renamer_app - INFO - Successfully extracted date from image D:\Photos\Nef\Samos\DSC_0675.NEF: 2024-08-11 13:10:39
2026-01-10 13:43:23 - media_renamer_app - INFO - Successfully extracted date from image D:\Photos\Nef\Samos\DSC_0676.NEF: 2024-08-11 13:10:59
2026-01-10 13:43:23 - media_renamer_app - INFO - Successfully extracted date from image D:\Photos\Nef\Samos\DSC_0677.NEF: 2024-08-11 13:11:02
2026-01-10 13:43:23 - media_renamer_app - INFO - Successfully extracted date from image D:\Photos\Nef\Samos\DSC_0678.NEF: 2024-08-11 13:11:04
2026-01-10 13:43:23 - media_renamer_app - INFO - Successfully extracted date from image D:\Photos\Nef\Samos\DSC_0679.NEF: 2024-08-11 13:11:16
2026-01-10 13:43:23 - media_renamer_app - INFO - Successfully extracted date from image D:\Photos\Nef\Samos\DSC_0680.NEF: 2024-08-11 13:11:18
2026-01-10 13:43:23 - media_renamer_app - INFO - Successfully extracted date from image D:\Photos\Nef\Samos\DSC_0681.NEF: 2024-08-11 13:11:21
2026-01-10 13:43:23 - media_renamer_app - INFO - Successfully extracted date from image D:\Photos\Nef\Samos\DSC_0682.NEF: 2024-08-11 13:11:22
2026-01-10 13:43:23 - media_renamer_app - INFO - Successfully extracted date from image D:\Photos\Nef\Samos\DSC_0683.NEF: 2024-08-11 13:11:24
2026-01-10 13:43:23 - media_renamer_app - INFO - Successfully extracted date from image D:\Photos\Nef\Samos\DSC_0684.NEF: 2024-08-11 13:11:35
2026-01-10 13:43:23 - media_renamer_app - INFO - Successfully extracted date from image D:\Photos\Nef\Samos\DSC_0685.NEF: 2024-08-11 13:11:40
2026-01-10 13:43:23 - media_renamer_app - INFO - Successfully extracted date from image D:\Photos\Nef\Samos\DSC_0686.NEF: 2024-08-11 13:12:12
2026-01-10 13:43:23 - media_renamer_app - INFO - Successfully extracted date from image D:\Photos\Nef\Samos\DSC_0687.NEF: 2024-08-11 13:12:19
2026-01-10 13:43:23 - media_renamer_app - INFO - Successfully extracted date from image D:\Photos\Nef\Samos\DSC_0688.NEF: 2024-08-11 13:12:21
2026-01-10 13:43:23 - media_renamer_app - INFO - Successfully extracted date from image D:\Photos\Nef\Samos\DSC_0689.NEF: 2024-08-11 13:39:10
2026-01-10 13:43:23 - media_renamer_app - INFO - Successfully extracted date from image D:\Photos\Nef\Samos\DSC_0690.NEF: 2024-08-11 13:39:14
2026-01-10 13:43:23 - media_renamer_app - INFO - Successfully extracted date from image D:\Photos\Nef\Samos\DSC_0691.NEF: 2024-08-11 13:39:18
2026-01-10 13:43:23 - media_renamer_app - INFO - Successfully extracted date from image D:\Photos\Nef\Samos\DSC_0692.NEF: 2024-08-11 13:39:53
2026-01-10 13:43:23 - media_renamer_app - INFO - Successfully extracted date from image D:\Photos\Nef\Samos\DSC_0693.NEF: 2024-08-11 13:40:03
2026-01-10 13:43:23 - media_renamer_app - INFO - Successfully extracted date from image D:\Photos\Nef\Samos\DSC_0694.NEF: 2024-08-11 13:40:04
2026-01-10 13:43:23 - media_renamer_app - INFO - Successfully extracted date from image D:\Photos\Nef\Samos\DSC_0695.NEF: 2024-08-11 13:40:05
2026-01-10 13:43:23 - media_renamer_app - INFO - Successfully extracted date from image D:\Photos\Nef\Samos\DSC_0696.NEF: 2024-08-11 13:40:08
2026-01-10 13:43:23 - media_renamer_app - INFO - Successfully extracted date from image D:\Photos\Nef\Samos\DSC_0697.NEF: 2024-08-11 13:40:08
2026-01-10 13:43:23 - media_renamer_app - INFO - Successfully extracted date from image D:\Photos\Nef\Samos\DSC_0698.NEF: 2024-08-11 13:40:14
2026-01-10 13:43:23 - media_renamer_app - INFO - Successfully extracted date from image D:\Photos\Nef\Samos\DSC_0699.NEF: 2024-08-11 13:40:15
2026-01-10 13:43:23 - media_renamer_app - INFO - Successfully extracted date from image D:\Photos\Nef\Samos\DSC_0700.NEF: 2024-08-11 13:40:17
2026-01-10 13:43:23 - media_renamer_app - INFO - Successfully extracted date from image D:\Photos\Nef\Samos\DSC_0701.NEF: 2024-08-11 13:40:43
2026-01-10 13:43:23 - media_renamer_app - INFO - Successfully extracted date from image D:\Photos\Nef\Samos\DSC_0702.NEF: 2024-08-11 13:40:59
2026-01-10 13:43:23 - media_renamer_app - INFO - Successfully extracted date from image D:\Photos\Nef\Samos\DSC_0703.NEF: 2024-08-11 13:40:59
2026-01-10 13:43:23 - media_renamer_app - INFO - Successfully extracted date from image D:\Photos\Nef\Samos\DSC_0704.NEF: 2024-08-11 13:41:12
2026-01-10 13:43:23 - media_renamer_app - INFO - Successfully extracted date from image D:\Photos\Nef\Samos\DSC_0705.NEF: 2024-08-11 13:41:13
2026-01-10 13:43:23 - media_renamer_app - INFO - Successfully extracted date from image D:\Photos\Nef\Samos\DSC_0706.NEF: 2024-08-11 13:41:14
2026-01-10 13:43:23 - media_renamer_app - INFO - Successfully extracted date from image D:\Photos\Nef\Samos\DSC_0707.NEF: 2024-08-11 13:41:14
2026-01-10 13:43:24 - media_renamer_app - INFO - Successfully extracted date from image D:\Photos\Nef\Samos\DSC_0708.NEF: 2024-08-11 13:41:14
2026-01-10 13:43:24 - media_renamer_app - INFO - Successfully extracted date from image D:\Photos\Nef\Samos\DSC_0709.NEF: 2024-08-11 13:41:15
2026-01-10 13:43:24 - media_renamer_app - INFO - Successfully extracted date from image D:\Photos\Nef\Samos\DSC_0710.NEF: 2024-08-11 13:41:16
2026-01-10 13:43:24 - media_renamer_app - INFO - Successfully extracted date from image D:\Photos\Nef\Samos\DSC_0714.NEF: 2024-08-11 13:41:20
2026-01-10 13:43:24 - media_renamer_app - INFO - Successfully extracted date from image D:\Photos\Nef\Samos\DSC_0715.NEF: 2024-08-11 13:42:52
2026-01-10 13:43:24 - media_renamer_app - INFO - Successfully extracted date from image D:\Photos\Nef\Samos\DSC_0716.NEF: 2024-08-11 13:42:57
2026-01-10 13:43:24 - media_renamer_app - INFO - Successfully extracted date from image D:\Photos\Nef\Samos\DSC_0717.NEF: 2024-08-11 13:43:02
2026-01-10 13:43:24 - media_renamer_app - INFO - Successfully extracted date from image D:\Photos\Nef\Samos\DSC_0718.NEF: 2024-08-11 13:43:13
2026-01-10 13:43:24 - media_renamer_app - INFO - Successfully extracted date from image D:\Photos\Nef\Samos\DSC_0719.NEF: 2024-08-11 15:59:35
2026-01-10 13:43:24 - media_renamer_app - INFO - Successfully extracted date from image D:\Photos\Nef\Samos\DSC_0721.NEF: 2024-08-11 17:07:53
2026-01-10 13:43:24 - media_renamer_app - INFO - Successfully extracted date from image D:\Photos\Nef\Samos\DSC_0722.NEF: 2024-08-11 17:07:57
2026-01-10 13:43:24 - media_renamer_app - INFO - Successfully extracted date from image D:\Photos\Nef\Samos\DSC_0723.NEF: 2024-08-11 17:08:00
2026-01-10 13:43:24 - media_renamer_app - INFO - Successfully extracted date from image D:\Photos\Nef\Samos\DSC_0725.NEF: 2024-08-11 17:08:17
2026-01-10 13:43:24 - media_renamer_app - INFO - Successfully extracted date from image D:\Photos\Nef\Samos\DSC_0727.NEF: 2024-08-11 17:09:38
2026-01-10 13:43:24 - media_renamer_app - INFO - Successfully extracted date from image D:\Photos\Nef\Samos\DSC_0728.NEF: 2024-08-11 17:09:42
2026-01-10 13:43:24 - media_renamer_app - INFO - Successfully extracted date from image D:\Photos\Nef\Samos\DSC_0729.NEF: 2024-08-11 17:09:44
2026-01-10 13:43:24 - media_renamer_app - INFO - Successfully extracted date from image D:\Photos\Nef\Samos\DSC_0730.NEF: 2024-08-11 17:09:45
2026-01-10 13:43:24 - media_renamer_app - INFO - Successfully extracted date from image D:\Photos\Nef\Samos\DSC_0731.NEF: 2024-08-11 17:09:49
2026-01-10 13:43:24 - media_renamer_app - INFO - Successfully extracted date from image D:\Photos\Nef\Samos\DSC_0732.NEF: 2024-08-12 11:19:21
2026-01-10 13:43:24 - media_renamer_app - INFO - Successfully extracted date from image D:\Photos\Nef\Samos\DSC_0733.NEF: 2024-08-12 11:19:39
2026-01-10 13:43:24 - media_renamer_app - INFO - Successfully extracted date from image D:\Photos\Nef\Samos\DSC_0734.NEF: 2024-08-12 11:20:00
2026-01-10 13:43:24 - media_renamer_app - INFO - Successfully extracted date from image D:\Photos\Nef\Samos\DSC_0735.NEF: 2024-08-12 11:21:50
2026-01-10 13:43:24 - media_renamer_app - INFO - Successfully extracted date from image D:\Photos\Nef\Samos\DSC_0737.NEF: 2024-08-12 11:22:18
2026-01-10 13:43:24 - media_renamer_app - INFO - Successfully extracted date from image D:\Photos\Nef\Samos\DSC_0744.JPG: 2024-08-12 11:24:37
2026-01-10 13:43:24 - media_renamer_app - INFO - Successfully extracted date from image D:\Photos\Nef\Samos\DSC_0746.JPG: 2024-08-12 11:25:05
2026-01-10 13:43:24 - media_renamer_app - INFO - Successfully extracted date from image D:\Photos\Nef\Samos\DSC_0747.JPG: 2024-08-12 11:25:06
2026-01-10 13:43:24 - media_renamer_app - INFO - Successfully extracted date from image D:\Photos\Nef\Samos\DSC_0748.JPG: 2024-08-12 11:25:13
2026-01-10 13:43:24 - media_renamer_app - INFO - Successfully extracted date from image D:\Photos\Nef\Samos\DSC_0749.JPG: 2024-08-12 11:25:34
2026-01-10 13:43:24 - media_renamer_app - INFO - Successfully extracted date from image D:\Photos\Nef\Samos\DSC_0761.NEF: 2024-08-12 11:31:36
2026-01-10 13:43:24 - media_renamer_app - INFO - Successfully extracted date from image D:\Photos\Nef\Samos\DSC_0763.NEF: 2024-08-12 11:31:53
2026-01-10 13:43:24 - media_renamer_app - INFO - Successfully extracted date from image D:\Photos\Nef\Samos\DSC_0764.NEF: 2024-08-12 11:31:59
2026-01-10 13:43:24 - media_renamer_app - INFO - Successfully extracted date from image D:\Photos\Nef\Samos\DSC_0772.NEF: 2024-08-12 11:40:34
2026-01-10 13:43:24 - media_renamer_app - INFO - Successfully extracted date from image D:\Photos\Nef\Samos\DSC_0775.NEF: 2024-08-12 12:28:14
2026-01-10 13:43:24 - media_renamer_app - INFO - Successfully extracted date from image D:\Photos\Nef\Samos\DSC_0776.NEF: 2024-08-12 12:28:57
2026-01-10 13:43:24 - media_renamer_app - INFO - Successfully extracted date from image D:\Photos\Nef\Samos\DSC_0777.NEF: 2024-08-12 12:29:00
2026-01-10 13:43:24 - media_renamer_app - INFO - Successfully extracted date from image D:\Photos\Nef\Samos\DSC_0778.NEF: 2024-08-12 15:07:23
2026-01-10 13:43:24 - media_renamer_app - INFO - Successfully extracted date from image D:\Photos\Nef\Samos\DSC_0779.NEF: 2024-08-12 15:07:33
2026-01-10 13:43:24 - media_renamer_app - INFO - Successfully extracted date from image D:\Photos\Nef\Samos\DSC_0780.NEF: 2024-08-12 15:07:38
2026-01-10 13:43:24 - media_renamer_app - INFO - Successfully extracted date from image D:\Photos\Nef\Samos\DSC_0781.NEF: 2024-08-12 15:08:13
2026-01-10 13:43:24 - media_renamer_app - INFO - Successfully extracted date from image D:\Photos\Nef\Samos\DSC_0782.NEF: 2024-08-12 15:08:31
2026-01-10 13:43:24 - media_renamer_app - INFO - Successfully extracted date from image D:\Photos\Nef\Samos\DSC_0783.NEF: 2024-08-12 15:08:50
2026-01-10 13:43:24 - media_renamer_app - INFO - Successfully extracted date from image D:\Photos\Nef\Samos\DSC_0784.NEF: 2024-08-12 15:09:20
2026-01-10 13:43:24 - media_renamer_app - INFO - Successfully extracted date from image D:\Photos\Nef\Samos\DSC_0786.NEF: 2024-08-12 15:10:22
2026-01-10 13:43:24 - media_renamer_app - INFO - Successfully extracted date from image D:\Photos\Nef\Samos\DSC_0787.NEF: 2024-08-12 16:04:58
2026-01-10 13:43:24 - media_renamer_app - INFO - Successfully extracted date from image D:\Photos\Nef\Samos\DSC_0788.NEF: 2024-08-12 19:25:33
2026-01-10 13:43:24 - media_renamer_app - INFO - Successfully extracted date from image D:\Photos\Nef\Samos\DSC_0789.NEF: 2024-08-12 19:25:38
2026-01-10 13:43:24 - media_renamer_app - INFO - Successfully extracted date from image D:\Photos\Nef\Samos\DSC_0790.NEF: 2024-08-12 19:25:41
2026-01-10 13:43:24 - media_renamer_app - INFO - Successfully extracted date from image D:\Photos\Nef\Samos\DSC_0791.NEF: 2024-08-12 19:25:58
2026-01-10 13:43:24 - media_renamer_app - INFO - Successfully extracted date from image D:\Photos\Nef\Samos\DSC_0792.NEF: 2024-08-12 19:49:41
2026-01-10 13:43:24 - media_renamer_app - INFO - Successfully extracted date from image D:\Photos\Nef\Samos\DSC_0793.NEF: 2024-08-12 19:49:43
2026-01-10 13:43:24 - media_renamer_app - INFO - Successfully extracted date from image D:\Photos\Nef\Samos\DSC_0794.NEF: 2024-08-12 19:49:46
2026-01-10 13:43:24 - media_renamer_app - INFO - Successfully extracted date from image D:\Photos\Nef\Samos\DSC_0795.NEF: 2024-08-12 19:49:48
2026-01-10 13:43:24 - media_renamer_app - INFO - Successfully extracted date from image D:\Photos\Nef\Samos\DSC_0796.NEF: 2024-08-12 19:49:53
2026-01-10 13:43:24 - media_renamer_app - INFO - Successfully extracted date from image D:\Photos\Nef\Samos\DSC_0797.NEF: 2024-08-12 19:49:55
2026-01-10 13:43:24 - media_renamer_app - INFO - Successfully extracted date from image D:\Photos\Nef\Samos\DSC_0798.NEF: 2024-08-12 19:50:08
2026-01-10 13:43:24 - media_renamer_app - INFO - Successfully extracted date from image D:\Photos\Nef\Samos\DSC_0799.NEF: 2024-08-12 19:50:12
2026-01-10 13:43:24 - media_renamer_app - INFO - Successfully extracted date from image D:\Photos\Nef\Samos\DSC_0800.NEF: 2024-08-12 19:50:39
2026-01-10 13:43:24 - media_renamer_app - INFO - Successfully extracted date from image D:\Photos\Nef\Samos\DSC_0801.NEF: 2024-08-12 19:50:43
2026-01-10 13:43:24 - media_renamer_app - INFO - Successfully extracted date from image D:\Photos\Nef\Samos\DSC_0802.NEF: 2024-08-12 19:50:46
2026-01-10 13:43:24 - media_renamer_app - INFO - Successfully extracted date from image D:\Photos\Nef\Samos\DSC_0803.NEF: 2024-08-12 19:50:51
2026-01-10 13:43:24 - media_renamer_app - INFO - Successfully extracted date from image D:\Photos\Nef\Samos\DSC_0804.NEF: 2024-08-12 19:50:54
2026-01-10 13:43:24 - media_renamer_app - INFO - Successfully extracted date from image D:\Photos\Nef\Samos\DSC_0805.NEF: 2024-08-13 20:14:39
2026-01-10 13:43:24 - media_renamer_app - INFO - Successfully extracted date from image D:\Photos\Nef\Samos\DSC_0806.NEF: 2024-08-13 20:14:44
2026-01-10 13:43:24 - media_renamer_app - INFO - Successfully extracted date from image D:\Photos\Nef\Samos\DSC_0807.NEF: 2024-08-13 20:15:09
2026-01-10 13:43:24 - media_renamer_app - INFO - Successfully extracted date from image D:\Photos\Nef\Samos\DSC_0808.NEF: 2024-08-13 20:15:17
2026-01-10 13:43:24 - media_renamer_app - INFO - Successfully extracted date from image D:\Photos\Nef\Samos\DSC_0809.NEF: 2024-08-13 20:15:54
2026-01-10 13:43:24 - media_renamer_app - INFO - Successfully extracted date from image D:\Photos\Nef\Samos\DSC_0810.NEF: 2024-08-13 20:16:03
2026-01-10 13:43:24 - media_renamer_app - INFO - Successfully extracted date from image D:\Photos\Nef\Samos\DSC_0811.NEF: 2024-08-13 20:16:07
2026-01-10 13:43:24 - media_renamer_app - INFO - Successfully extracted date from image D:\Photos\Nef\Samos\DSC_0812.NEF: 2024-08-13 20:16:10
2026-01-10 13:43:24 - media_renamer_app - INFO - Successfully extracted date from image D:\Photos\Nef\Samos\DSC_0813.NEF: 2024-08-13 20:16:12
2026-01-10 13:43:24 - media_renamer_app - INFO - Successfully extracted date from image D:\Photos\Nef\Samos\DSC_0814.NEF: 2024-08-13 20:16:51
2026-01-10 13:43:24 - media_renamer_app - INFO - Successfully extracted date from image D:\Photos\Nef\Samos\DSC_0815.NEF: 2024-08-13 20:17:05
2026-01-10 13:43:24 - media_renamer_app - INFO - Successfully extracted date from image D:\Photos\Nef\Samos\DSC_0816.NEF: 2024-08-14 11:35:43
2026-01-10 13:43:24 - media_renamer_app - INFO - Successfully extracted date from image D:\Photos\Nef\Samos\DSC_0817.NEF: 2024-08-14 11:36:04
2026-01-10 13:43:24 - media_renamer_app - INFO - Successfully extracted date from image D:\Photos\Nef\Samos\DSC_0818.NEF: 2024-08-14 12:22:49
2026-01-10 13:43:24 - media_renamer_app - INFO - Successfully extracted date from image D:\Photos\Nef\Samos\DSC_0819.NEF: 2024-08-14 12:23:50
2026-01-10 13:43:24 - media_renamer_app - INFO - Successfully extracted date from image D:\Photos\Nef\Samos\DSC_0820.NEF: 2024-08-14 12:30:39
2026-01-10 13:43:24 - media_renamer_app - INFO - Successfully extracted date from image D:\Photos\Nef\Samos\DSC_0821.NEF: 2024-08-14 12:30:44
2026-01-10 13:43:24 - media_renamer_app - INFO - Successfully extracted date from image D:\Photos\Nef\Samos\DSC_0822.NEF: 2024-08-14 16:21:11
2026-01-10 13:43:24 - media_renamer_app - INFO - Successfully extracted date from image D:\Photos\Nef\Samos\DSC_0823.NEF: 2024-08-14 16:21:14
2026-01-10 13:43:24 - media_renamer_app - INFO - Successfully extracted date from image D:\Photos\Nef\Samos\DSC_0824.NEF: 2024-08-14 16:21:29
2026-01-10 13:43:24 - media_renamer_app - INFO - Successfully extracted date from image D:\Photos\Nef\Samos\DSC_0825.NEF: 2024-08-14 16:21:33
2026-01-10 13:43:24 - media_renamer_app - INFO - Successfully extracted date from image D:\Photos\Nef\Samos\DSC_0826.NEF: 2024-08-14 17:54:57
2026-01-10 13:43:24 - media_renamer_app - INFO - Successfully extracted date from image D:\Photos\Nef\Samos\DSC_0827.NEF: 2024-08-14 17:54:59
2026-01-10 13:43:24 - media_renamer_app - INFO - Successfully extracted date from image D:\Photos\Nef\Samos\DSC_0828.NEF: 2024-08-14 17:57:00
2026-01-10 13:43:24 - media_renamer_app - INFO - Successfully extracted date from image D:\Photos\Nef\Samos\DSC_0829.NEF: 2024-08-14 17:57:02
2026-01-10 13:43:24 - media_renamer_app - INFO - Successfully extracted date from image D:\Photos\Nef\Samos\DSC_0830.NEF: 2024-08-14 17:57:10
2026-01-10 13:43:24 - media_renamer_app - INFO - Successfully extracted date from image D:\Photos\Nef\Samos\DSC_0831.NEF: 2024-08-14 17:57:13
2026-01-10 13:43:24 - media_renamer_app - INFO - Successfully extracted date from image D:\Photos\Nef\Samos\DSC_0832.NEF: 2024-08-14 17:57:53
2026-01-10 13:43:24 - media_renamer_app - INFO - Successfully extracted date from image D:\Photos\Nef\Samos\DSC_0833.NEF: 2024-08-14 17:57:56
2026-01-10 13:43:24 - media_renamer_app - INFO - Successfully extracted date from image D:\Photos\Nef\Samos\DSC_0834.NEF: 2024-08-14 17:58:58
2026-01-10 13:43:24 - media_renamer_app - INFO - Successfully extracted date from image D:\Photos\Nef\Samos\DSC_0835.NEF: 2024-08-14 17:59:01
2026-01-10 13:43:24 - media_renamer_app - INFO - Successfully extracted date from image D:\Photos\Nef\Samos\DSC_0836.NEF: 2024-08-14 17:59:04
2026-01-10 13:43:24 - media_renamer_app - INFO - Successfully extracted date from image D:\Photos\Nef\Samos\DSC_0837.NEF: 2024-08-16 11:14:49
2026-01-10 13:43:24 - media_renamer_app - INFO - Successfully extracted date from image D:\Photos\Nef\Samos\DSC_0838.NEF: 2024-08-16 11:15:03
2026-01-10 13:43:24 - media_renamer_app - INFO - Successfully extracted date from image D:\Photos\Nef\Samos\DSC_0839.NEF: 2024-08-16 11:15:26
2026-01-10 13:43:24 - media_renamer_app - INFO - Successfully extracted date from image D:\Photos\Nef\Samos\DSC_0840.NEF: 2024-08-16 11:15:39
2026-01-10 13:43:24 - media_renamer_app - INFO - Successfully extracted date from image D:\Photos\Nef\Samos\DSC_0841.NEF: 2024-08-16 11:15:45
2026-01-10 13:43:24 - media_renamer_app - INFO - Successfully extracted date from image D:\Photos\Nef\Samos\DSC_0842.NEF: 2024-08-16 11:15:50
2026-01-10 13:43:24 - media_renamer_app - INFO - Successfully extracted date from image D:\Photos\Nef\Samos\DSC_0843.NEF: 2024-08-16 11:30:15
2026-01-10 13:43:24 - media_renamer_app - INFO - Successfully extracted date from image D:\Photos\Nef\Samos\DSC_0845.NEF: 2024-08-16 11:32:06
2026-01-10 13:43:24 - media_renamer_app - INFO - Successfully extracted date from image D:\Photos\Nef\Samos\DSC_0846.NEF: 2024-08-16 11:32:21
2026-01-10 13:43:24 - media_renamer_app - INFO - Successfully extracted date from image D:\Photos\Nef\Samos\DSC_0847.NEF: 2024-08-16 11:33:00
2026-01-10 13:43:24 - media_renamer_app - INFO - Successfully extracted date from image D:\Photos\Nef\Samos\DSC_0848.NEF: 2024-08-16 11:33:09
2026-01-10 13:43:24 - media_renamer_app - INFO - Successfully extracted date from image D:\Photos\Nef\Samos\DSC_0849.NEF: 2024-08-16 11:33:16
2026-01-10 13:43:24 - media_renamer_app - INFO - Successfully extracted date from image D:\Photos\Nef\Samos\DSC_0851.NEF: 2024-08-16 11:37:25
2026-01-10 13:43:24 - media_renamer_app - INFO - Successfully extracted date from image D:\Photos\Nef\Samos\DSC_0852.NEF: 2024-08-16 11:37:26
2026-01-10 13:43:24 - media_renamer_app - INFO - Successfully extracted date from image D:\Photos\Nef\Samos\DSC_0853.NEF: 2024-08-16 11:37:35
2026-01-10 13:43:24 - media_renamer_app - INFO - Successfully extracted date from image D:\Photos\Nef\Samos\DSC_0854.NEF: 2024-08-16 11:37:37
2026-01-10 13:43:24 - media_renamer_app - INFO - Successfully extracted date from image D:\Photos\Nef\Samos\DSC_0857.NEF: 2024-08-16 11:59:40
2026-01-10 13:43:24 - media_renamer_app - INFO - Successfully extracted date from image D:\Photos\Nef\Samos\DSC_0859.NEF: 2024-08-16 11:59:45
2026-01-10 13:43:24 - media_renamer_app - INFO - Successfully extracted date from image D:\Photos\Nef\Samos\DSC_0864.NEF: 2024-08-16 12:00:37
2026-01-10 13:43:24 - media_renamer_app - INFO - Successfully extracted date from image D:\Photos\Nef\Samos\DSC_0865.NEF: 2024-08-16 12:00:39
2026-01-10 13:43:24 - media_renamer_app - INFO - Successfully extracted date from image D:\Photos\Nef\Samos\DSC_0869.NEF: 2024-08-16 12:01:50
2026-01-10 13:43:24 - media_renamer_app - INFO - Successfully extracted date from image D:\Photos\Nef\Samos\DSC_0871.NEF: 2024-08-16 12:01:54
2026-01-10 13:43:24 - media_renamer_app - INFO - Successfully extracted date from image D:\Photos\Nef\Samos\DSC_0872.NEF: 2024-08-16 12:01:55
2026-01-10 13:43:24 - media_renamer_app - INFO - Successfully extracted date from image D:\Photos\Nef\Samos\DSC_0873.NEF: 2024-08-16 12:02:08
2026-01-10 13:43:24 - media_renamer_app - INFO - Successfully extracted date from image D:\Photos\Nef\Samos\DSC_0874.NEF: 2024-08-16 12:02:08
2026-01-10 13:43:24 - media_renamer_app - INFO - Successfully extracted date from image D:\Photos\Nef\Samos\DSC_0879.NEF: 2024-08-16 12:02:39
2026-01-10 13:43:24 - media_renamer_app - INFO - Successfully extracted date from image D:\Photos\Nef\Samos\DSC_0880.NEF: 2024-08-16 12:05:58
2026-01-10 13:43:24 - media_renamer_app - INFO - Successfully extracted date from image D:\Photos\Nef\Samos\DSC_0881.NEF: 2024-08-16 12:05:59
2026-01-10 13:43:24 - media_renamer_app - INFO - Successfully extracted date from image D:\Photos\Nef\Samos\DSC_0882.NEF: 2024-08-16 12:06:22
2026-01-10 13:43:24 - media_renamer_app - INFO - Successfully extracted date from image D:\Photos\Nef\Samos\DSC_0883.NEF: 2024-08-16 12:06:25
2026-01-10 13:43:24 - media_renamer_app - INFO - Successfully extracted date from image D:\Photos\Nef\Samos\DSC_0884.NEF: 2024-08-16 12:06:43
2026-01-10 13:43:24 - media_renamer_app - INFO - Successfully extracted date from image D:\Photos\Nef\Samos\DSC_0885.NEF: 2024-08-16 12:06:48
2026-01-10 13:43:24 - media_renamer_app - INFO - Successfully extracted date from image D:\Photos\Nef\Samos\DSC_0886.NEF: 2024-08-16 12:06:52
2026-01-10 13:43:24 - media_renamer_app - INFO - Successfully extracted date from image D:\Photos\Nef\Samos\DSC_0887.NEF: 2024-08-16 12:07:22
2026-01-10 13:43:24 - media_renamer_app - INFO - Successfully extracted date from image D:\Photos\Nef\Samos\DSC_0888.NEF: 2024-08-16 12:07:24
2026-01-10 13:43:24 - media_renamer_app - INFO - Successfully extracted date from image D:\Photos\Nef\Samos\DSC_0889.NEF: 2024-08-16 12:07:27
2026-01-10 13:43:24 - media_renamer_app - INFO - File discovery completed: 286 files processed, 0 without metadata
2026-01-10 13:43:32 - media_renamer_app - INFO - User selected all files (286 files)
2026-01-10 13:43:34 - media_renamer_app - INFO - User initiated file discovery for folder: D:\Photos\Nef\Samos
2026-01-10 13:43:34 - media_renamer_app - INFO - Starting file discovery and metadata extraction
2026-01-10 13:43:34 - media_renamer_app - INFO - Starting file discovery in folder: D:\Photos\Nef\Samos
2026-01-10 13:43:34 - media_renamer_app - INFO - Found 286 total files in D:\Photos\Nef\Samos
2026-01-10 13:43:34 - media_renamer_app - INFO - Discovered 286 supported media files
2026-01-10 13:43:34 - media_renamer_app - INFO - Discovered 286 files in D:\Photos\Nef\Samos
2026-01-10 13:43:34 - media_renamer_app - INFO - Successfully extracted date from image D:\Photos\Nef\Samos\DSC_0456.NEF: 2024-08-09 19:34:35
2026-01-10 13:43:34 - media_renamer_app - INFO - Successfully extracted date from image D:\Photos\Nef\Samos\DSC_0457.NEF: 2024-08-09 19:35:13
2026-01-10 13:43:34 - media_renamer_app - INFO - Successfully extracted date from image D:\Photos\Nef\Samos\DSC_0458.NEF: 2024-08-09 19:35:19
2026-01-10 13:43:34 - media_renamer_app - INFO - Successfully extracted date from image D:\Photos\Nef\Samos\DSC_0459.NEF: 2024-08-09 19:35:31
2026-01-10 13:43:34 - media_renamer_app - INFO - Successfully extracted date from image D:\Photos\Nef\Samos\DSC_0460.NEF: 2024-08-09 19:36:22
2026-01-10 13:43:34 - media_renamer_app - INFO - Successfully extracted date from image D:\Photos\Nef\Samos\DSC_0461.NEF: 2024-08-09 19:36:32
2026-01-10 13:43:34 - media_renamer_app - INFO - Successfully extracted date from image D:\Photos\Nef\Samos\DSC_0464.NEF: 2024-08-09 19:38:38
2026-01-10 13:43:34 - media_renamer_app - INFO - Successfully extracted date from image D:\Photos\Nef\Samos\DSC_0465.NEF: 2024-08-09 19:38:53
2026-01-10 13:43:34 - media_renamer_app - INFO - Successfully extracted date from image D:\Photos\Nef\Samos\DSC_0466.NEF: 2024-08-09 19:39:02
2026-01-10 13:43:34 - media_renamer_app - INFO - Successfully extracted date from image D:\Photos\Nef\Samos\DSC_0467.NEF: 2024-08-09 19:39:20
2026-01-10 13:43:34 - media_renamer_app - INFO - Successfully extracted date from image D:\Photos\Nef\Samos\DSC_0468.NEF: 2024-08-09 19:39:53
2026-01-10 13:43:34 - media_renamer_app - INFO - Successfully extracted date from image D:\Photos\Nef\Samos\DSC_0469.NEF: 2024-08-09 19:40:32
2026-01-10 13:43:34 - media_renamer_app - INFO - Successfully extracted date from image D:\Photos\Nef\Samos\DSC_0470.NEF: 2024-08-09 19:40:49
2026-01-10 13:43:34 - media_renamer_app - INFO - Successfully extracted date from image D:\Photos\Nef\Samos\DSC_0471.NEF: 2024-08-09 19:40:55
2026-01-10 13:43:34 - media_renamer_app - INFO - Successfully extracted date from image D:\Photos\Nef\Samos\DSC_0473.NEF: 2024-08-09 19:44:27
2026-01-10 13:43:34 - media_renamer_app - INFO - Successfully extracted date from image D:\Photos\Nef\Samos\DSC_0484.NEF: 2024-08-09 19:45:14
2026-01-10 13:43:34 - media_renamer_app - INFO - Successfully extracted date from image D:\Photos\Nef\Samos\DSC_0486.NEF: 2024-08-09 19:45:17
2026-01-10 13:43:34 - media_renamer_app - INFO - Successfully extracted date from image D:\Photos\Nef\Samos\DSC_0512.NEF: 2024-08-09 19:46:19
2026-01-10 13:43:34 - media_renamer_app - INFO - Successfully extracted date from image D:\Photos\Nef\Samos\DSC_0514.NEF: 2024-08-09 19:46:20
2026-01-10 13:43:34 - media_renamer_app - INFO - Successfully extracted date from image D:\Photos\Nef\Samos\DSC_0523.NEF: 2024-08-09 19:48:13
2026-01-10 13:43:34 - media_renamer_app - INFO - Successfully extracted date from image D:\Photos\Nef\Samos\DSC_0526.NEF: 2024-08-09 19:48:49
2026-01-10 13:43:34 - media_renamer_app - INFO - Successfully extracted date from image D:\Photos\Nef\Samos\DSC_0528.NEF: 2024-08-09 19:59:09
2026-01-10 13:43:34 - media_renamer_app - INFO - Successfully extracted date from image D:\Photos\Nef\Samos\DSC_0529.NEF: 2024-08-09 19:59:20
2026-01-10 13:43:34 - media_renamer_app - INFO - Successfully extracted date from image D:\Photos\Nef\Samos\DSC_0530.NEF: 2024-08-09 19:59:32
2026-01-10 13:43:34 - media_renamer_app - INFO - Successfully extracted date from image D:\Photos\Nef\Samos\DSC_0532.NEF: 2024-08-09 20:00:20
2026-01-10 13:43:34 - media_renamer_app - INFO - Successfully extracted date from image D:\Photos\Nef\Samos\DSC_0540.NEF: 2024-08-09 20:03:10
2026-01-10 13:43:34 - media_renamer_app - INFO - Successfully extracted date from image D:\Photos\Nef\Samos\DSC_0541.NEF: 2024-08-09 20:03:35
2026-01-10 13:43:34 - media_renamer_app - INFO - Successfully extracted date from image D:\Photos\Nef\Samos\DSC_0542.NEF: 2024-08-09 20:03:37
2026-01-10 13:43:34 - media_renamer_app - INFO - Successfully extracted date from image D:\Photos\Nef\Samos\DSC_0543.NEF: 2024-08-09 20:03:37
2026-01-10 13:43:34 - media_renamer_app - INFO - Successfully extracted date from image D:\Photos\Nef\Samos\DSC_0548.NEF: 2024-08-10 10:04:53
2026-01-10 13:43:34 - media_renamer_app - INFO - Successfully extracted date from image D:\Photos\Nef\Samos\DSC_0556.NEF: 2024-08-10 10:04:55
2026-01-10 13:43:34 - media_renamer_app - INFO - Successfully extracted date from image D:\Photos\Nef\Samos\DSC_0569.NEF: 2024-08-10 10:10:25
2026-01-10 13:43:34 - media_renamer_app - INFO - Successfully extracted date from image D:\Photos\Nef\Samos\DSC_0573.NEF: 2024-08-10 10:11:27
2026-01-10 13:43:34 - media_renamer_app - INFO - Successfully extracted date from image D:\Photos\Nef\Samos\DSC_0574.NEF: 2024-08-10 10:11:50
2026-01-10 13:43:34 - media_renamer_app - INFO - Successfully extracted date from image D:\Photos\Nef\Samos\DSC_0575.NEF: 2024-08-10 10:11:56
2026-01-10 13:43:34 - media_renamer_app - INFO - Successfully extracted date from image D:\Photos\Nef\Samos\DSC_0576.NEF: 2024-08-10 10:14:25
2026-01-10 13:43:34 - media_renamer_app - INFO - Successfully extracted date from image D:\Photos\Nef\Samos\DSC_0577.NEF: 2024-08-10 10:15:32
2026-01-10 13:43:34 - media_renamer_app - INFO - Successfully extracted date from image D:\Photos\Nef\Samos\DSC_0578.NEF: 2024-08-10 10:15:50
2026-01-10 13:43:34 - media_renamer_app - INFO - Successfully extracted date from image D:\Photos\Nef\Samos\DSC_0579.NEF: 2024-08-10 10:16:01
2026-01-10 13:43:34 - media_renamer_app - INFO - Successfully extracted date from image D:\Photos\Nef\Samos\DSC_0580.NEF: 2024-08-10 10:16:31
2026-01-10 13:43:34 - media_renamer_app - INFO - Successfully extracted date from image D:\Photos\Nef\Samos\DSC_0581.NEF: 2024-08-10 10:16:39
2026-01-10 13:43:34 - media_renamer_app - INFO - Successfully extracted date from image D:\Photos\Nef\Samos\DSC_0583.NEF: 2024-08-10 10:17:16
2026-01-10 13:43:34 - media_renamer_app - INFO - Successfully extracted date from image D:\Photos\Nef\Samos\DSC_0590.NEF: 2024-08-10 10:18:21
2026-01-10 13:43:34 - media_renamer_app - INFO - Successfully extracted date from image D:\Photos\Nef\Samos\DSC_0591.NEF: 2024-08-10 10:18:23
2026-01-10 13:43:34 - media_renamer_app - INFO - Successfully extracted date from image D:\Photos\Nef\Samos\DSC_0593.NEF: 2024-08-10 10:18:51
2026-01-10 13:43:34 - media_renamer_app - INFO - Successfully extracted date from image D:\Photos\Nef\Samos\DSC_0594.NEF: 2024-08-10 10:18:55
2026-01-10 13:43:34 - media_renamer_app - INFO - Successfully extracted date from image D:\Photos\Nef\Samos\DSC_0595.NEF: 2024-08-10 10:18:56
2026-01-10 13:43:34 - media_renamer_app - INFO - Successfully extracted date from image D:\Photos\Nef\Samos\DSC_0596.NEF: 2024-08-10 10:19:08
2026-01-10 13:43:34 - media_renamer_app - INFO - Successfully extracted date from image D:\Photos\Nef\Samos\DSC_0597.NEF: 2024-08-10 10:19:10
2026-01-10 13:43:34 - media_renamer_app - INFO - Successfully extracted date from image D:\Photos\Nef\Samos\DSC_0598.NEF: 2024-08-10 10:19:37
2026-01-10 13:43:34 - media_renamer_app - INFO - Successfully extracted date from image D:\Photos\Nef\Samos\DSC_0599.NEF: 2024-08-10 10:19:48
2026-01-10 13:43:34 - media_renamer_app - INFO - Successfully extracted date from image D:\Photos\Nef\Samos\DSC_0600.NEF: 2024-08-10 10:20:23
2026-01-10 13:43:34 - media_renamer_app - INFO - Successfully extracted date from image D:\Photos\Nef\Samos\DSC_0601.NEF: 2024-08-10 10:20:34
2026-01-10 13:43:34 - media_renamer_app - INFO - Successfully extracted date from image D:\Photos\Nef\Samos\DSC_0602.NEF: 2024-08-10 10:21:03
2026-01-10 13:43:34 - media_renamer_app - INFO - Successfully extracted date from image D:\Photos\Nef\Samos\DSC_0603.NEF: 2024-08-10 10:21:40
2026-01-10 13:43:34 - media_renamer_app - INFO - Successfully extracted date from image D:\Photos\Nef\Samos\DSC_0604.NEF: 2024-08-10 10:21:44
2026-01-10 13:43:34 - media_renamer_app - INFO - Successfully extracted date from image D:\Photos\Nef\Samos\DSC_0605.NEF: 2024-08-10 10:21:47
2026-01-10 13:43:34 - media_renamer_app - INFO - Successfully extracted date from image D:\Photos\Nef\Samos\DSC_0608.NEF: 2024-08-10 10:24:03
2026-01-10 13:43:34 - media_renamer_app - INFO - Successfully extracted date from image D:\Photos\Nef\Samos\DSC_0609.NEF: 2024-08-10 10:24:15
2026-01-10 13:43:34 - media_renamer_app - INFO - Successfully extracted date from image D:\Photos\Nef\Samos\DSC_0610.NEF: 2024-08-10 10:25:09
2026-01-10 13:43:34 - media_renamer_app - INFO - Successfully extracted date from image D:\Photos\Nef\Samos\DSC_0611.NEF: 2024-08-10 10:25:42
2026-01-10 13:43:34 - media_renamer_app - INFO - Successfully extracted date from image D:\Photos\Nef\Samos\DSC_0612.NEF: 2024-08-10 10:26:35
2026-01-10 13:43:34 - media_renamer_app - INFO - Successfully extracted date from image D:\Photos\Nef\Samos\DSC_0613.NEF: 2024-08-10 10:26:38
2026-01-10 13:43:34 - media_renamer_app - INFO - Successfully extracted date from image D:\Photos\Nef\Samos\DSC_0614.NEF: 2024-08-10 10:27:40
2026-01-10 13:43:34 - media_renamer_app - INFO - Successfully extracted date from image D:\Photos\Nef\Samos\DSC_0615.NEF: 2024-08-10 10:28:05
2026-01-10 13:43:34 - media_renamer_app - INFO - Successfully extracted date from image D:\Photos\Nef\Samos\DSC_0616.NEF: 2024-08-10 10:30:46
2026-01-10 13:43:34 - media_renamer_app - INFO - Successfully extracted date from image D:\Photos\Nef\Samos\DSC_0617.NEF: 2024-08-10 10:31:58
2026-01-10 13:43:34 - media_renamer_app - INFO - Successfully extracted date from image D:\Photos\Nef\Samos\DSC_0618.NEF: 2024-08-10 10:32:00
2026-01-10 13:43:34 - media_renamer_app - INFO - Successfully extracted date from image D:\Photos\Nef\Samos\DSC_0619.NEF: 2024-08-10 10:32:06
2026-01-10 13:43:34 - media_renamer_app - INFO - Successfully extracted date from image D:\Photos\Nef\Samos\DSC_0620.NEF: 2024-08-10 10:35:37
2026-01-10 13:43:34 - media_renamer_app - INFO - Successfully extracted date from image D:\Photos\Nef\Samos\DSC_0621.NEF: 2024-08-10 10:35:41
2026-01-10 13:43:34 - media_renamer_app - INFO - Successfully extracted date from image D:\Photos\Nef\Samos\DSC_0622.NEF: 2024-08-11 12:27:53
2026-01-10 13:43:34 - media_renamer_app - INFO - Successfully extracted date from image D:\Photos\Nef\Samos\DSC_0623.NEF: 2024-08-11 12:28:16
2026-01-10 13:43:34 - media_renamer_app - INFO - Successfully extracted date from image D:\Photos\Nef\Samos\DSC_0624.NEF: 2024-08-11 12:31:26
2026-01-10 13:43:34 - media_renamer_app - INFO - Successfully extracted date from image D:\Photos\Nef\Samos\DSC_0625.NEF: 2024-08-11 12:33:30
2026-01-10 13:43:34 - media_renamer_app - INFO - Successfully extracted date from image D:\Photos\Nef\Samos\DSC_0626.NEF: 2024-08-11 12:33:36
2026-01-10 13:43:34 - media_renamer_app - INFO - Successfully extracted date from image D:\Photos\Nef\Samos\DSC_0627.NEF: 2024-08-11 12:33:38
2026-01-10 13:43:34 - media_renamer_app - INFO - Successfully extracted date from image D:\Photos\Nef\Samos\DSC_0628.NEF: 2024-08-11 12:33:54
2026-01-10 13:43:34 - media_renamer_app - INFO - Successfully extracted date from image D:\Photos\Nef\Samos\DSC_0629.NEF: 2024-08-11 12:34:00
2026-01-10 13:43:34 - media_renamer_app - INFO - Successfully extracted date from image D:\Photos\Nef\Samos\DSC_0630.NEF: 2024-08-11 12:34:27
2026-01-10 13:43:34 - media_renamer_app - INFO - Successfully extracted date from image D:\Photos\Nef\Samos\DSC_0631.NEF: 2024-08-11 12:35:35
2026-01-10 13:43:34 - media_renamer_app - INFO - Successfully extracted date from image D:\Photos\Nef\Samos\DSC_0632.NEF: 2024-08-11 12:36:30
2026-01-10 13:43:35 - media_renamer_app - INFO - Successfully extracted date from image D:\Photos\Nef\Samos\DSC_0633.NEF: 2024-08-11 12:36:34
2026-01-10 13:43:35 - media_renamer_app - INFO - Successfully extracted date from image D:\Photos\Nef\Samos\DSC_0634.NEF: 2024-08-11 12:39:26
2026-01-10 13:43:35 - media_renamer_app - INFO - Successfully extracted date from image D:\Photos\Nef\Samos\DSC_0635.NEF: 2024-08-11 12:39:36
2026-01-10 13:43:35 - media_renamer_app - INFO - Successfully extracted date from image D:\Photos\Nef\Samos\DSC_0636.NEF: 2024-08-11 12:41:25
2026-01-10 13:43:35 - media_renamer_app - INFO - Successfully extracted date from image D:\Photos\Nef\Samos\DSC_0637.NEF: 2024-08-11 12:41:27
2026-01-10 13:43:35 - media_renamer_app - INFO - Successfully extracted date from image D:\Photos\Nef\Samos\DSC_0638.NEF: 2024-08-11 12:41:37
2026-01-10 13:43:35 - media_renamer_app - INFO - Successfully extracted date from image D:\Photos\Nef\Samos\DSC_0639.NEF: 2024-08-11 12:41:41
2026-01-10 13:43:35 - media_renamer_app - INFO - Successfully extracted date from image D:\Photos\Nef\Samos\DSC_0640.NEF: 2024-08-11 12:41:43
2026-01-10 13:43:35 - media_renamer_app - INFO - Successfully extracted date from image D:\Photos\Nef\Samos\DSC_0641.NEF: 2024-08-11 12:41:50
2026-01-10 13:43:35 - media_renamer_app - INFO - Successfully extracted date from image D:\Photos\Nef\Samos\DSC_0642.NEF: 2024-08-11 12:41:53
2026-01-10 13:43:35 - media_renamer_app - INFO - Successfully extracted date from image D:\Photos\Nef\Samos\DSC_0643.NEF: 2024-08-11 12:42:22
2026-01-10 13:43:35 - media_renamer_app - INFO - Successfully extracted date from image D:\Photos\Nef\Samos\DSC_0644.NEF: 2024-08-11 12:42:23
2026-01-10 13:43:35 - media_renamer_app - INFO - Successfully extracted date from image D:\Photos\Nef\Samos\DSC_0645.NEF: 2024-08-11 12:42:28
2026-01-10 13:43:35 - media_renamer_app - INFO - Successfully extracted date from image D:\Photos\Nef\Samos\DSC_0646.NEF: 2024-08-11 12:42:30
2026-01-10 13:43:35 - media_renamer_app - INFO - Successfully extracted date from image D:\Photos\Nef\Samos\DSC_0647.NEF: 2024-08-11 12:42:32
2026-01-10 13:43:35 - media_renamer_app - INFO - Successfully extracted date from image D:\Photos\Nef\Samos\DSC_0648.NEF: 2024-08-11 12:47:53
2026-01-10 13:43:35 - media_renamer_app - INFO - Successfully extracted date from image D:\Photos\Nef\Samos\DSC_0649.NEF: 2024-08-11 12:47:55
2026-01-10 13:43:35 - media_renamer_app - INFO - Successfully extracted date from image D:\Photos\Nef\Samos\DSC_0650.NEF: 2024-08-11 12:47:58
2026-01-10 13:43:35 - media_renamer_app - INFO - Successfully extracted date from image D:\Photos\Nef\Samos\DSC_0651.NEF: 2024-08-11 12:48:21
2026-01-10 13:43:35 - media_renamer_app - INFO - Successfully extracted date from image D:\Photos\Nef\Samos\DSC_0652.NEF: 2024-08-11 12:48:24
2026-01-10 13:43:35 - media_renamer_app - INFO - Successfully extracted date from image D:\Photos\Nef\Samos\DSC_0653.NEF: 2024-08-11 12:51:08
2026-01-10 13:43:35 - media_renamer_app - INFO - Successfully extracted date from image D:\Photos\Nef\Samos\DSC_0654.NEF: 2024-08-11 12:51:28
2026-01-10 13:43:35 - media_renamer_app - INFO - Successfully extracted date from image D:\Photos\Nef\Samos\DSC_0655.NEF: 2024-08-11 12:51:48
2026-01-10 13:43:35 - media_renamer_app - INFO - Successfully extracted date from image D:\Photos\Nef\Samos\DSC_0656.NEF: 2024-08-11 12:51:51
2026-01-10 13:43:35 - media_renamer_app - INFO - Successfully extracted date from image D:\Photos\Nef\Samos\DSC_0657.NEF: 2024-08-11 12:51:59
2026-01-10 13:43:35 - media_renamer_app - INFO - Successfully extracted date from image D:\Photos\Nef\Samos\DSC_0658.NEF: 2024-08-11 12:52:02
2026-01-10 13:43:35 - media_renamer_app - INFO - Successfully extracted date from image D:\Photos\Nef\Samos\DSC_0659.NEF: 2024-08-11 12:52:04
2026-01-10 13:43:35 - media_renamer_app - INFO - Successfully extracted date from image D:\Photos\Nef\Samos\DSC_0660.NEF: 2024-08-11 12:52:05
2026-01-10 13:43:35 - media_renamer_app - INFO - Successfully extracted date from image D:\Photos\Nef\Samos\DSC_0661.NEF: 2024-08-11 12:52:07
2026-01-10 13:43:35 - media_renamer_app - INFO - Successfully extracted date from image D:\Photos\Nef\Samos\DSC_0662.NEF: 2024-08-11 12:52:08
2026-01-10 13:43:35 - media_renamer_app - INFO - Successfully extracted date from image D:\Photos\Nef\Samos\DSC_0663.NEF: 2024-08-11 13:05:41
2026-01-10 13:43:35 - media_renamer_app - INFO - Successfully extracted date from image D:\Photos\Nef\Samos\DSC_0664.NEF: 2024-08-11 13:05:43
2026-01-10 13:43:35 - media_renamer_app - INFO - Successfully extracted date from image D:\Photos\Nef\Samos\DSC_0665.NEF: 2024-08-11 13:06:04
2026-01-10 13:43:35 - media_renamer_app - INFO - Successfully extracted date from image D:\Photos\Nef\Samos\DSC_0666.NEF: 2024-08-11 13:06:07
2026-01-10 13:43:35 - media_renamer_app - INFO - Successfully extracted date from image D:\Photos\Nef\Samos\DSC_0667.NEF: 2024-08-11 13:07:08
2026-01-10 13:43:35 - media_renamer_app - INFO - Successfully extracted date from image D:\Photos\Nef\Samos\DSC_0668.NEF: 2024-08-11 13:07:19
2026-01-10 13:43:35 - media_renamer_app - INFO - Successfully extracted date from image D:\Photos\Nef\Samos\DSC_0669.NEF: 2024-08-11 13:07:20
2026-01-10 13:43:35 - media_renamer_app - INFO - Successfully extracted date from image D:\Photos\Nef\Samos\DSC_0670.NEF: 2024-08-11 13:10:14
2026-01-10 13:43:35 - media_renamer_app - INFO - Successfully extracted date from image D:\Photos\Nef\Samos\DSC_0671.NEF: 2024-08-11 13:10:19
2026-01-10 13:43:35 - media_renamer_app - INFO - Successfully extracted date from image D:\Photos\Nef\Samos\DSC_0672.NEF: 2024-08-11 13:10:21
2026-01-10 13:43:35 - media_renamer_app - INFO - Successfully extracted date from image D:\Photos\Nef\Samos\DSC_0673.NEF: 2024-08-11 13:10:34
2026-01-10 13:43:35 - media_renamer_app - INFO - Successfully extracted date from image D:\Photos\Nef\Samos\DSC_0674.NEF: 2024-08-11 13:10:37
2026-01-10 13:43:35 - media_renamer_app - INFO - Successfully extracted date from image D:\Photos\Nef\Samos\DSC_0675.NEF: 2024-08-11 13:10:39
2026-01-10 13:43:35 - media_renamer_app - INFO - Successfully extracted date from image D:\Photos\Nef\Samos\DSC_0676.NEF: 2024-08-11 13:10:59
2026-01-10 13:43:35 - media_renamer_app - INFO - Successfully extracted date from image D:\Photos\Nef\Samos\DSC_0677.NEF: 2024-08-11 13:11:02
2026-01-10 13:43:35 - media_renamer_app - INFO - Successfully extracted date from image D:\Photos\Nef\Samos\DSC_0678.NEF: 2024-08-11 13:11:04
2026-01-10 13:43:35 - media_renamer_app - INFO - Successfully extracted date from image D:\Photos\Nef\Samos\DSC_0679.NEF: 2024-08-11 13:11:16
2026-01-10 13:43:35 - media_renamer_app - INFO - Successfully extracted date from image D:\Photos\Nef\Samos\DSC_0680.NEF: 2024-08-11 13:11:18
2026-01-10 13:43:35 - media_renamer_app - INFO - Successfully extracted date from image D:\Photos\Nef\Samos\DSC_0681.NEF: 2024-08-11 13:11:21
2026-01-10 13:43:35 - media_renamer_app - INFO - Successfully extracted date from image D:\Photos\Nef\Samos\DSC_0682.NEF: 2024-08-11 13:11:22
2026-01-10 13:43:35 - media_renamer_app - INFO - Successfully extracted date from image D:\Photos\Nef\Samos\DSC_0683.NEF: 2024-08-11 13:11:24
2026-01-10 13:43:35 - media_renamer_app - INFO - Successfully extracted date from image D:\Photos\Nef\Samos\DSC_0684.NEF: 2024-08-11 13:11:35
2026-01-10 13:43:35 - media_renamer_app - INFO - Successfully extracted date from image D:\Photos\Nef\Samos\DSC_0685.NEF: 2024-08-11 13:11:40
2026-01-10 13:43:35 - media_renamer_app - INFO - Successfully extracted date from image D:\Photos\Nef\Samos\DSC_0686.NEF: 2024-08-11 13:12:12
2026-01-10 13:43:35 - media_renamer_app - INFO - Successfully extracted date from image D:\Photos\Nef\Samos\DSC_0687.NEF: 2024-08-11 13:12:19
2026-01-10 13:43:35 - media_renamer_app - INFO - Successfully extracted date from image D:\Photos\Nef\Samos\DSC_0688.NEF: 2024-08-11 13:12:21
2026-01-10 13:43:35 - media_renamer_app - INFO - Successfully extracted date from image D:\Photos\Nef\Samos\DSC_0689.NEF: 2024-08-11 13:39:10
2026-01-10 13:43:35 - media_renamer_app - INFO - Successfully extracted date from image D:\Photos\Nef\Samos\DSC_0690.NEF: 2024-08-11 13:39:14
2026-01-10 13:43:35 - media_renamer_app - INFO - Successfully extracted date from image D:\Photos\Nef\Samos\DSC_0691.NEF: 2024-08-11 13:39:18
2026-01-10 13:43:35 - media_renamer_app - INFO - Successfully extracted date from image D:\Photos\Nef\Samos\DSC_0692.NEF: 2024-08-11 13:39:53
2026-01-10 13:43:35 - media_renamer_app - INFO - Successfully extracted date from image D:\Photos\Nef\Samos\DSC_0693.NEF: 2024-08-11 13:40:03
2026-01-10 13:43:35 - media_renamer_app - INFO - Successfully extracted date from image D:\Photos\Nef\Samos\DSC_0694.NEF: 2024-08-11 13:40:04
2026-01-10 13:43:35 - media_renamer_app - INFO - Successfully extracted date from image D:\Photos\Nef\Samos\DSC_0695.NEF: 2024-08-11 13:40:05
2026-01-10 13:43:35 - media_renamer_app - INFO - Successfully extracted date from image D:\Photos\Nef\Samos\DSC_0696.NEF: 2024-08-11 13:40:08
2026-01-10 13:43:35 - media_renamer_app - INFO - Successfully extracted date from image D:\Photos\Nef\Samos\DSC_0697.NEF: 2024-08-11 13:40:08
2026-01-10 13:43:35 - media_renamer_app - INFO - Successfully extracted date from image D:\Photos\Nef\Samos\DSC_0698.NEF: 2024-08-11 13:40:14
2026-01-10 13:43:35 - media_renamer_app - INFO - Successfully extracted date from image D:\Photos\Nef\Samos\DSC_0699.NEF: 2024-08-11 13:40:15
2026-01-10 13:43:35 - media_renamer_app - INFO - Successfully extracted date from image D:\Photos\Nef\Samos\DSC_0700.NEF: 2024-08-11 13:40:17
2026-01-10 13:43:35 - media_renamer_app - INFO - Successfully extracted date from image D:\Photos\Nef\Samos\DSC_0701.NEF: 2024-08-11 13:40:43
2026-01-10 13:43:35 - media_renamer_app - INFO - Successfully extracted date from image D:\Photos\Nef\Samos\DSC_0702.NEF: 2024-08-11 13:40:59
2026-01-10 13:43:35 - media_renamer_app - INFO - Successfully extracted date from image D:\Photos\Nef\Samos\DSC_0703.NEF: 2024-08-11 13:40:59
2026-01-10 13:43:35 - media_renamer_app - INFO - Successfully extracted date from image D:\Photos\Nef\Samos\DSC_0704.NEF: 2024-08-11 13:41:12
2026-01-10 13:43:35 - media_renamer_app - INFO - Successfully extracted date from image D:\Photos\Nef\Samos\DSC_0705.NEF: 2024-08-11 13:41:13
2026-01-10 13:43:35 - media_renamer_app - INFO - Successfully extracted date from image D:\Photos\Nef\Samos\DSC_0706.NEF: 2024-08-11 13:41:14
2026-01-10 13:43:35 - media_renamer_app - INFO - Successfully extracted date from image D:\Photos\Nef\Samos\DSC_0707.NEF: 2024-08-11 13:41:14
2026-01-10 13:43:35 - media_renamer_app - INFO - Successfully extracted date from image D:\Photos\Nef\Samos\DSC_0708.NEF: 2024-08-11 13:41:14
2026-01-10 13:43:35 - media_renamer_app - INFO - Successfully extracted date from image D:\Photos\Nef\Samos\DSC_0709.NEF: 2024-08-11 13:41:15
2026-01-10 13:43:35 - media_renamer_app - INFO - Successfully extracted date from image D:\Photos\Nef\Samos\DSC_0710.NEF: 2024-08-11 13:41:16
2026-01-10 13:43:35 - media_renamer_app - INFO - Successfully extracted date from image D:\Photos\Nef\Samos\DSC_0714.NEF: 2024-08-11 13:41:20
2026-01-10 13:43:35 - media_renamer_app - INFO - Successfully extracted date from image D:\Photos\Nef\Samos\DSC_0715.NEF: 2024-08-11 13:42:52
2026-01-10 13:43:35 - media_renamer_app - INFO - Successfully extracted date from image D:\Photos\Nef\Samos\DSC_0716.NEF: 2024-08-11 13:42:57
2026-01-10 13:43:35 - media_renamer_app - INFO - Successfully extracted date from image D:\Photos\Nef\Samos\DSC_0717.NEF: 2024-08-11 13:43:02
2026-01-10 13:43:35 - media_renamer_app - INFO - Successfully extracted date from image D:\Photos\Nef\Samos\DSC_0718.NEF: 2024-08-11 13:43:13
2026-01-10 13:43:35 - media_renamer_app - INFO - Successfully extracted date from image D:\Photos\Nef\Samos\DSC_0719.NEF: 2024-08-11 15:59:35
2026-01-10 13:43:35 - media_renamer_app - INFO - Successfully extracted date from image D:\Photos\Nef\Samos\DSC_0721.NEF: 2024-08-11 17:07:53
2026-01-10 13:43:35 - media_renamer_app - INFO - Successfully extracted date from image D:\Photos\Nef\Samos\DSC_0722.NEF: 2024-08-11 17:07:57
2026-01-10 13:43:35 - media_renamer_app - INFO - Successfully extracted date from image D:\Photos\Nef\Samos\DSC_0723.NEF: 2024-08-11 17:08:00
2026-01-10 13:43:35 - media_renamer_app - INFO - Successfully extracted date from image D:\Photos\Nef\Samos\DSC_0725.NEF: 2024-08-11 17:08:17
2026-01-10 13:43:35 - media_renamer_app - INFO - Successfully extracted date from image D:\Photos\Nef\Samos\DSC_0727.NEF: 2024-08-11 17:09:38
2026-01-10 13:43:35 - media_renamer_app - INFO - Successfully extracted date from image D:\Photos\Nef\Samos\DSC_0728.NEF: 2024-08-11 17:09:42
2026-01-10 13:43:35 - media_renamer_app - INFO - Successfully extracted date from image D:\Photos\Nef\Samos\DSC_0729.NEF: 2024-08-11 17:09:44
2026-01-10 13:43:35 - media_renamer_app - INFO - Successfully extracted date from image D:\Photos\Nef\Samos\DSC_0730.NEF: 2024-08-11 17:09:45
2026-01-10 13:43:35 - media_renamer_app - INFO - Successfully extracted date from image D:\Photos\Nef\Samos\DSC_0731.NEF: 2024-08-11 17:09:49
2026-01-10 13:43:35 - media_renamer_app - INFO - Successfully extracted date from image D:\Photos\Nef\Samos\DSC_0732.NEF: 2024-08-12 11:19:21
2026-01-10 13:43:35 - media_renamer_app - INFO - Successfully extracted date from image D:\Photos\Nef\Samos\DSC_0733.NEF: 2024-08-12 11:19:39
2026-01-10 13:43:35 - media_renamer_app - INFO - Successfully extracted date from image D:\Photos\Nef\Samos\DSC_0734.NEF: 2024-08-12 11:20:00
2026-01-10 13:43:35 - media_renamer_app - INFO - Successfully extracted date from image D:\Photos\Nef\Samos\DSC_0735.NEF: 2024-08-12 11:21:50
2026-01-10 13:43:35 - media_renamer_app - INFO - Successfully extracted date from image D:\Photos\Nef\Samos\DSC_0737.NEF: 2024-08-12 11:22:18
2026-01-10 13:43:35 - media_renamer_app - INFO - Successfully extracted date from image D:\Photos\Nef\Samos\DSC_0744.JPG: 2024-08-12 11:24:37
2026-01-10 13:43:35 - media_renamer_app - INFO - Successfully extracted date from image D:\Photos\Nef\Samos\DSC_0746.JPG: 2024-08-12 11:25:05
2026-01-10 13:43:35 - media_renamer_app - INFO - Successfully extracted date from image D:\Photos\Nef\Samos\DSC_0747.JPG: 2024-08-12 11:25:06
2026-01-10 13:43:35 - media_renamer_app - INFO - Successfully extracted date from image D:\Photos\Nef\Samos\DSC_0748.JPG: 2024-08-12 11:25:13
2026-01-10 13:43:35 - media_renamer_app - INFO - Successfully extracted date from image D:\Photos\Nef\Samos\DSC_0749.JPG: 2024-08-12 11:25:34
2026-01-10 13:43:35 - media_renamer_app - INFO - Successfully extracted date from image D:\Photos\Nef\Samos\DSC_0761.NEF: 2024-08-12 11:31:36
2026-01-10 13:43:35 - media_renamer_app - INFO - Successfully extracted date from image D:\Photos\Nef\Samos\DSC_0763.NEF: 2024-08-12 11:31:53
2026-01-10 13:43:35 - media_renamer_app - INFO - Successfully extracted date from image D:\Photos\Nef\Samos\DSC_0764.NEF: 2024-08-12 11:31:59
2026-01-10 13:43:35 - media_renamer_app - INFO - Successfully extracted date from image D:\Photos\Nef\Samos\DSC_0772.NEF: 2024-08-12 11:40:34
2026-01-10 13:43:35 - media_renamer_app - INFO - Successfully extracted date from image D:\Photos\Nef\Samos\DSC_0775.NEF: 2024-08-12 12:28:14
2026-01-10 13:43:35 - media_renamer_app - INFO - Successfully extracted date from image D:\Photos\Nef\Samos\DSC_0776.NEF: 2024-08-12 12:28:57
2026-01-10 13:43:35 - media_renamer_app - INFO - Successfully extracted date from image D:\Photos\Nef\Samos\DSC_0777.NEF: 2024-08-12 12:29:00
2026-01-10 13:43:35 - media_renamer_app - INFO - Successfully extracted date from image D:\Photos\Nef\Samos\DSC_0778.NEF: 2024-08-12 15:07:23
2026-01-10 13:43:35 - media_renamer_app - INFO - Successfully extracted date from image D:\Photos\Nef\Samos\DSC_0779.NEF: 2024-08-12 15:07:33
2026-01-10 13:43:35 - media_renamer_app - INFO - Successfully extracted date from image D:\Photos\Nef\Samos\DSC_0780.NEF: 2024-08-12 15:07:38
2026-01-10 13:43:35 - media_renamer_app - INFO - Successfully extracted date from image D:\Photos\Nef\Samos\DSC_0781.NEF: 2024-08-12 15:08:13
2026-01-10 13:43:35 - media_renamer_app - INFO - Successfully extracted date from image D:\Photos\Nef\Samos\DSC_0782.NEF: 2024-08-12 15:08:31
2026-01-10 13:43:35 - media_renamer_app - INFO - Successfully extracted date from image D:\Photos\Nef\Samos\DSC_0783.NEF: 2024-08-12 15:08:50
2026-01-10 13:43:35 - media_renamer_app - INFO - Successfully extracted date from image D:\Photos\Nef\Samos\DSC_0784.NEF: 2024-08-12 15:09:20
2026-01-10 13:43:35 - media_renamer_app - INFO - Successfully extracted date from image D:\Photos\Nef\Samos\DSC_0786.NEF: 2024-08-12 15:10:22
2026-01-10 13:43:35 - media_renamer_app - INFO - Successfully extracted date from image D:\Photos\Nef\Samos\DSC_0787.NEF: 2024-08-12 16:04:58
2026-01-10 13:43:35 - media_renamer_app - INFO - Successfully extracted date from image D:\Photos\Nef\Samos\DSC_0788.NEF: 2024-08-12 19:25:33
2026-01-10 13:43:35 - media_renamer_app - INFO - Successfully extracted date from image D:\Photos\Nef\Samos\DSC_0789.NEF: 2024-08-12 19:25:38
2026-01-10 13:43:35 - media_renamer_app - INFO - Successfully extracted date from image D:\Photos\Nef\Samos\DSC_0790.NEF: 2024-08-12 19:25:41
2026-01-10 13:43:35 - media_renamer_app - INFO - Successfully extracted date from image D:\Photos\Nef\Samos\DSC_0791.NEF: 2024-08-12 19:25:58
2026-01-10 13:43:35 - media_renamer_app - INFO - Successfully extracted date from image D:\Photos\Nef\Samos\DSC_0792.NEF: 2024-08-12 19:49:41
2026-01-10 13:43:35 - media_renamer_app - INFO - Successfully extracted date from image D:\Photos\Nef\Samos\DSC_0793.NEF: 2024-08-12 19:49:43
2026-01-10 13:43:35 - media_renamer_app - INFO - Successfully extracted date from image D:\Photos\Nef\Samos\DSC_0794.NEF: 2024-08-12 19:49:46
2026-01-10 13:43:35 - media_renamer_app - INFO - Successfully extracted date from image D:\Photos\Nef\Samos\DSC_0795.NEF: 2024-08-12 19:49:48
2026-01-10 13:43:35 - media_renamer_app - INFO - Successfully extracted date from image D:\Photos\Nef\Samos\DSC_0796.NEF: 2024-08-12 19:49:53
2026-01-10 13:43:35 - media_renamer_app - INFO - Successfully extracted date from image D:\Photos\Nef\Samos\DSC_0797.NEF: 2024-08-12 19:49:55
2026-01-10 13:43:35 - media_renamer_app - INFO - Successfully extracted date from image D:\Photos\Nef\Samos\DSC_0798.NEF: 2024-08-12 19:50:08
2026-01-10 13:43:35 - media_renamer_app - INFO - Successfully extracted date from image D:\Photos\Nef\Samos\DSC_0799.NEF: 2024-08-12 19:50:12
2026-01-10 13:43:35 - media_renamer_app - INFO - Successfully extracted date from image D:\Photos\Nef\Samos\DSC_0800.NEF: 2024-08-12 19:50:39
2026-01-10 13:43:35 - media_renamer_app - INFO - Successfully extracted date from image D:\Photos\Nef\Samos\DSC_0801.NEF: 2024-08-12 19:50:43
2026-01-10 13:43:35 - media_renamer_app - INFO - Successfully extracted date from image D:\Photos\Nef\Samos\DSC_0802.NEF: 2024-08-12 19:50:46
2026-01-10 13:43:35 - media_renamer_app - INFO - Successfully extracted date from image D:\Photos\Nef\Samos\DSC_0803.NEF: 2024-08-12 19:50:51
2026-01-10 13:43:35 - media_renamer_app - INFO - Successfully extracted date from image D:\Photos\Nef\Samos\DSC_0804.NEF: 2024-08-12 19:50:54
2026-01-10 13:43:35 - media_renamer_app - INFO - Successfully extracted date from image D:\Photos\Nef\Samos\DSC_0805.NEF: 2024-08-13 20:14:39
2026-01-10 13:43:35 - media_renamer_app - INFO - Successfully extracted date from image D:\Photos\Nef\Samos\DSC_0806.NEF: 2024-08-13 20:14:44
2026-01-10 13:43:36 - media_renamer_app - INFO - Successfully extracted date from image D:\Photos\Nef\Samos\DSC_0807.NEF: 2024-08-13 20:15:09
2026-01-10 13:43:36 - media_renamer_app - INFO - Successfully extracted date from image D:\Photos\Nef\Samos\DSC_0808.NEF: 2024-08-13 20:15:17
2026-01-10 13:43:36 - media_renamer_app - INFO - Successfully extracted date from image D:\Photos\Nef\Samos\DSC_0809.NEF: 2024-08-13 20:15:54
2026-01-10 13:43:36 - media_renamer_app - INFO - Successfully extracted date from image D:\Photos\Nef\Samos\DSC_0810.NEF: 2024-08-13 20:16:03
2026-01-10 13:43:36 - media_renamer_app - INFO - Successfully extracted date from image D:\Photos\Nef\Samos\DSC_0811.NEF: 2024-08-13 20:16:07
2026-01-10 13:43:36 - media_renamer_app - INFO - Successfully extracted date from image D:\Photos\Nef\Samos\DSC_0812.NEF: 2024-08-13 20:16:10
2026-01-10 13:43:36 - media_renamer_app - INFO - Successfully extracted date from image D:\Photos\Nef\Samos\DSC_0813.NEF: 2024-08-13 20:16:12
2026-01-10 13:43:36 - media_renamer_app - INFO - Successfully extracted date from image D:\Photos\Nef\Samos\DSC_0814.NEF: 2024-08-13 20:16:51
2026-01-10 13:43:36 - media_renamer_app - INFO - Successfully extracted date from image D:\Photos\Nef\Samos\DSC_0815.NEF: 2024-08-13 20:17:05
2026-01-10 13:43:36 - media_renamer_app - INFO - Successfully extracted date from image D:\Photos\Nef\Samos\DSC_0816.NEF: 2024-08-14 11:35:43
2026-01-10 13:43:36 - media_renamer_app - INFO - Successfully extracted date from image D:\Photos\Nef\Samos\DSC_0817.NEF: 2024-08-14 11:36:04
2026-01-10 13:43:36 - media_renamer_app - INFO - Successfully extracted date from image D:\Photos\Nef\Samos\DSC_0818.NEF: 2024-08-14 12:22:49
2026-01-10 13:43:36 - media_renamer_app - INFO - Successfully extracted date from image D:\Photos\Nef\Samos\DSC_0819.NEF: 2024-08-14 12:23:50
2026-01-10 13:43:36 - media_renamer_app - INFO - Successfully extracted date from image D:\Photos\Nef\Samos\DSC_0820.NEF: 2024-08-14 12:30:39
2026-01-10 13:43:36 - media_renamer_app - INFO - Successfully extracted date from image D:\Photos\Nef\Samos\DSC_0821.NEF: 2024-08-14 12:30:44
2026-01-10 13:43:36 - media_renamer_app - INFO - Successfully extracted date from image D:\Photos\Nef\Samos\DSC_0822.NEF: 2024-08-14 16:21:11
2026-01-10 13:43:36 - media_renamer_app - INFO - Successfully extracted date from image D:\Photos\Nef\Samos\DSC_0823.NEF: 2024-08-14 16:21:14
2026-01-10 13:43:36 - media_renamer_app - INFO - Successfully extracted date from image D:\Photos\Nef\Samos\DSC_0824.NEF: 2024-08-14 16:21:29
2026-01-10 13:43:36 - media_renamer_app - INFO - Successfully extracted date from image D:\Photos\Nef\Samos\DSC_0825.NEF: 2024-08-14 16:21:33
2026-01-10 13:43:36 - media_renamer_app - INFO - Successfully extracted date from image D:\Photos\Nef\Samos\DSC_0826.NEF: 2024-08-14 17:54:57
2026-01-10 13:43:36 - media_renamer_app - INFO - Successfully extracted date from image D:\Photos\Nef\Samos\DSC_0827.NEF: 2024-08-14 17:54:59
2026-01-10 13:43:36 - media_renamer_app - INFO - Successfully extracted date from image D:\Photos\Nef\Samos\DSC_0828.NEF: 2024-08-14 17:57:00
2026-01-10 13:43:36 - media_renamer_app - INFO - Successfully extracted date from image D:\Photos\Nef\Samos\DSC_0829.NEF: 2024-08-14 17:57:02
2026-01-10 13:43:36 - media_renamer_app - INFO - Successfully extracted date from image D:\Photos\Nef\Samos\DSC_0830.NEF: 2024-08-14 17:57:10
2026-01-10 13:43:36 - media_renamer_app - INFO - Successfully extracted date from image D:\Photos\Nef\Samos\DSC_0831.NEF: 2024-08-14 17:57:13
2026-01-10 13:43:36 - media_renamer_app - INFO - Successfully extracted date from image D:\Photos\Nef\Samos\DSC_0832.NEF: 2024-08-14 17:57:53
2026-01-10 13:43:36 - media_renamer_app - INFO - Successfully extracted date from image D:\Photos\Nef\Samos\DSC_0833.NEF: 2024-08-14 17:57:56
2026-01-10 13:43:36 - media_renamer_app - INFO - Successfully extracted date from image D:\Photos\Nef\Samos\DSC_0834.NEF: 2024-08-14 17:58:58
2026-01-10 13:43:36 - media_renamer_app - INFO - Successfully extracted date from image D:\Photos\Nef\Samos\DSC_0835.NEF: 2024-08-14 17:59:01
2026-01-10 13:43:36 - media_renamer_app - INFO - Successfully extracted date from image D:\Photos\Nef\Samos\DSC_0836.NEF: 2024-08-14 17:59:04
2026-01-10 13:43:36 - media_renamer_app - INFO - Successfully extracted date from image D:\Photos\Nef\Samos\DSC_0837.NEF: 2024-08-16 11:14:49
2026-01-10 13:43:36 - media_renamer_app - INFO - Successfully extracted date from image D:\Photos\Nef\Samos\DSC_0838.NEF: 2024-08-16 11:15:03
2026-01-10 13:43:36 - media_renamer_app - INFO - Successfully extracted date from image D:\Photos\Nef\Samos\DSC_0839.NEF: 2024-08-16 11:15:26
2026-01-10 13:43:36 - media_renamer_app - INFO - Successfully extracted date from image D:\Photos\Nef\Samos\DSC_0840.NEF: 2024-08-16 11:15:39
2026-01-10 13:43:36 - media_renamer_app - INFO - Successfully extracted date from image D:\Photos\Nef\Samos\DSC_0841.NEF: 2024-08-16 11:15:45
2026-01-10 13:43:36 - media_renamer_app - INFO - Successfully extracted date from image D:\Photos\Nef\Samos\DSC_0842.NEF: 2024-08-16 11:15:50
2026-01-10 13:43:36 - media_renamer_app - INFO - Successfully extracted date from image D:\Photos\Nef\Samos\DSC_0843.NEF: 2024-08-16 11:30:15
2026-01-10 13:43:36 - media_renamer_app - INFO - Successfully extracted date from image D:\Photos\Nef\Samos\DSC_0845.NEF: 2024-08-16 11:32:06
2026-01-10 13:43:36 - media_renamer_app - INFO - Successfully extracted date from image D:\Photos\Nef\Samos\DSC_0846.NEF: 2024-08-16 11:32:21
2026-01-10 13:43:36 - media_renamer_app - INFO - Successfully extracted date from image D:\Photos\Nef\Samos\DSC_0847.NEF: 2024-08-16 11:33:00
2026-01-10 13:43:36 - media_renamer_app - INFO - Successfully extracted date from image D:\Photos\Nef\Samos\DSC_0848.NEF: 2024-08-16 11:33:09
2026-01-10 13:43:36 - media_renamer_app - INFO - Successfully extracted date from image D:\Photos\Nef\Samos\DSC_0849.NEF: 2024-08-16 11:33:16
2026-01-10 13:43:36 - media_renamer_app - INFO - Successfully extracted date from image D:\Photos\Nef\Samos\DSC_0851.NEF: 2024-08-16 11:37:25
2026-01-10 13:43:36 - media_renamer_app - INFO - Successfully extracted date from image D:\Photos\Nef\Samos\DSC_0852.NEF: 2024-08-16 11:37:26
2026-01-10 13:43:36 - media_renamer_app - INFO - Successfully extracted date from image D:\Photos\Nef\Samos\DSC_0853.NEF: 2024-08-16 11:37:35
2026-01-10 13:43:36 - media_renamer_app - INFO - Successfully extracted date from image D:\Photos\Nef\Samos\DSC_0854.NEF: 2024-08-16 11:37:37
2026-01-10 13:43:36 - media_renamer_app - INFO - Successfully extracted date from image D:\Photos\Nef\Samos\DSC_0857.NEF: 2024-08-16 11:59:40
2026-01-10 13:43:36 - media_renamer_app - INFO - Successfully extracted date from image D:\Photos\Nef\Samos\DSC_0859.NEF: 2024-08-16 11:59:45
2026-01-10 13:43:36 - media_renamer_app - INFO - Successfully extracted date from image D:\Photos\Nef\Samos\DSC_0864.NEF: 2024-08-16 12:00:37
2026-01-10 13:43:36 - media_renamer_app - INFO - Successfully extracted date from image D:\Photos\Nef\Samos\DSC_0865.NEF: 2024-08-16 12:00:39
2026-01-10 13:43:36 - media_renamer_app - INFO - Successfully extracted date from image D:\Photos\Nef\Samos\DSC_0869.NEF: 2024-08-16 12:01:50
2026-01-10 13:43:36 - media_renamer_app - INFO - Successfully extracted date from image D:\Photos\Nef\Samos\DSC_0871.NEF: 2024-08-16 12:01:54
2026-01-10 13:43:36 - media_renamer_app - INFO - Successfully extracted date from image D:\Photos\Nef\Samos\DSC_0872.NEF: 2024-08-16 12:01:55
2026-01-10 13:43:36 - media_renamer_app - INFO - Successfully extracted date from image D:\Photos\Nef\Samos\DSC_0873.NEF: 2024-08-16 12:02:08
2026-01-10 13:43:36 - media_renamer_app - INFO - Successfully extracted date from image D:\Photos\Nef\Samos\DSC_0874.NEF: 2024-08-16 12:02:08
2026-01-10 13:43:36 - media_renamer_app - INFO - Successfully extracted date from image D:\Photos\Nef\Samos\DSC_0879.NEF: 2024-08-16 12:02:39
2026-01-10 13:43:36 - media_renamer_app - INFO - Successfully extracted date from image D:\Photos\Nef\Samos\DSC_0880.NEF: 2024-08-16 12:05:58
2026-01-10 13:43:36 - media_renamer_app - INFO - Successfully extracted date from image D:\Photos\Nef\Samos\DSC_0881.NEF: 2024-08-16 12:05:59
2026-01-10 13:43:36 - media_renamer_app - INFO - Successfully extracted date from image D:\Photos\Nef\Samos\DSC_0882.NEF: 2024-08-16 12:06:22
2026-01-10 13:43:36 - media_renamer_app - INFO - Successfully extracted date from image D:\Photos\Nef\Samos\DSC_0883.NEF: 2024-08-16 12:06:25
2026-01-10 13:43:36 - media_renamer_app - INFO - Successfully extracted date from image D:\Photos\Nef\Samos\DSC_0884.NEF: 2024-08-16 12:06:43
2026-01-10 13:43:36 - media_renamer_app - INFO - Successfully extracted date from image D:\Photos\Nef\Samos\DSC_0885.NEF: 2024-08-16 12:06:48
2026-01-10 13:43:36 - media_renamer_app - INFO - Successfully extracted date from image D:\Photos\Nef\Samos\DSC_0886.NEF: 2024-08-16 12:06:52
2026-01-10 13:43:36 - media_renamer_app - INFO - Successfully extracted date from image D:\Photos\Nef\Samos\DSC_0887.NEF: 2024-08-16 12:07:22
2026-01-10 13:43:36 - media_renamer_app - INFO - Successfully extracted date from image D:\Photos\Nef\Samos\DSC_0888.NEF: 2024-08-16 12:07:24
2026-01-10 13:43:36 - media_renamer_app - INFO - Successfully extracted date from image D:\Photos\Nef\Samos\DSC_0889.NEF: 2024-08-16 12:07:27
2026-01-10 13:43:36 - media_renamer_app - INFO - File discovery completed: 286 files processed, 0 without metadata
2026-01-10 13:44:10 - media_renamer_app - INFO - User initiated application shutdown
2026-01-10 13:44:10 - media_renamer_app - INFO - Settings saved on application close
2026-01-10 13:44:10 - media_renamer_app - INFO - City cache saved successfully: 88 entries
2026-01-10 13:44:10 - media_renamer_app - INFO - Application shutdown completed
2026-01-10 13:44:10 - media_renamer_app - INFO - Application completed successfully
2026-01-10 13:44:10 - media_renamer_app - INFO - Application shutting down...
2026-01-10 13:44:10 - media_renamer_app - INFO - City cache saved successfully
2026-01-10 13:44:10 - media_renamer_app - INFO - Application shutdown complete
